

================================================================
== Vitis HLS Report for 'dense_latency_ap_ufixed_9_0_4_0_0_ap_fixed_23_8_5_3_0_config19_s'
================================================================
* Date:           Fri Mar 21 14:34:29 2025

* Version:        2022.2 (Build 3670227 on Oct 13 2022)
* Project:        JetTaggerNN_prj
* Solution:       solution1 (Vivado IP Flow Target)
* Product family: virtexuplus
* Target device:  xcvu9p-flga2104-2L-e


================================================================
== Performance Estimates
================================================================
+ Timing: 
    * Summary: 
    +--------+---------+----------+------------+
    |  Clock |  Target | Estimated| Uncertainty|
    +--------+---------+----------+------------+
    |ap_clk  |  2.80 ns|  1.540 ns|     0.76 ns|
    +--------+---------+----------+------------+

+ Latency: 
    * Summary: 
    +---------+---------+-----------+-----------+-----+-----+---------+
    |  Latency (cycles) |   Latency (absolute)  |  Interval | Pipeline|
    |   min   |   max   |    min    |    max    | min | max |   Type  |
    +---------+---------+-----------+-----------+-----+-----+---------+
    |        4|        4|  11.200 ns|  11.200 ns|    1|    1|      yes|
    +---------+---------+-----------+-----------+-----+-----+---------+

    + Detail: 
        * Instance: 
        N/A

        * Loop: 
        N/A



================================================================
== Utilization Estimates
================================================================
* Summary: 
+---------------------+---------+------+---------+---------+-----+
|         Name        | BRAM_18K|  DSP |    FF   |   LUT   | URAM|
+---------------------+---------+------+---------+---------+-----+
|DSP                  |        -|     -|        -|        -|    -|
|Expression           |        -|     -|        0|     3191|    -|
|FIFO                 |        -|     -|        -|        -|    -|
|Instance             |        -|     0|        0|     3136|    -|
|Memory               |        -|     -|        -|        -|    -|
|Multiplexer          |        -|     -|        -|       81|    -|
|Register             |        -|     -|     2219|      192|    -|
+---------------------+---------+------+---------+---------+-----+
|Total                |        0|     0|     2219|     6600|    0|
+---------------------+---------+------+---------+---------+-----+
|Available SLR        |     1440|  2280|   788160|   394080|  320|
+---------------------+---------+------+---------+---------+-----+
|Utilization SLR (%)  |        0|     0|       ~0|        1|    0|
+---------------------+---------+------+---------+---------+-----+
|Available            |     4320|  6840|  2364480|  1182240|  960|
+---------------------+---------+------+---------+---------+-----+
|Utilization (%)      |        0|     0|       ~0|       ~0|    0|
+---------------------+---------+------+---------+---------+-----+

+ Detail: 
    * Instance: 
    +--------------------------+--------------------+---------+----+---+----+-----+
    |         Instance         |       Module       | BRAM_18K| DSP| FF| LUT| URAM|
    +--------------------------+--------------------+---------+----+---+----+-----+
    |mul_9ns_5ns_13_1_1_U3627  |mul_9ns_5ns_13_1_1  |        0|   0|  0|  49|    0|
    |mul_9ns_5ns_13_1_1_U3639  |mul_9ns_5ns_13_1_1  |        0|   0|  0|  49|    0|
    |mul_9ns_5s_14_1_1_U3603   |mul_9ns_5s_14_1_1   |        0|   0|  0|  49|    0|
    |mul_9ns_6ns_14_1_1_U3609  |mul_9ns_6ns_14_1_1  |        0|   0|  0|  49|    0|
    |mul_9ns_6ns_14_1_1_U3612  |mul_9ns_6ns_14_1_1  |        0|   0|  0|  49|    0|
    |mul_9ns_6ns_14_1_1_U3625  |mul_9ns_6ns_14_1_1  |        0|   0|  0|  49|    0|
    |mul_9ns_6ns_14_1_1_U3626  |mul_9ns_6ns_14_1_1  |        0|   0|  0|  49|    0|
    |mul_9ns_6ns_14_1_1_U3628  |mul_9ns_6ns_14_1_1  |        0|   0|  0|  49|    0|
    |mul_9ns_6ns_14_1_1_U3634  |mul_9ns_6ns_14_1_1  |        0|   0|  0|  49|    0|
    |mul_9ns_6ns_14_1_1_U3646  |mul_9ns_6ns_14_1_1  |        0|   0|  0|  49|    0|
    |mul_9ns_6ns_14_1_1_U3648  |mul_9ns_6ns_14_1_1  |        0|   0|  0|  49|    0|
    |mul_9ns_6ns_14_1_1_U3660  |mul_9ns_6ns_14_1_1  |        0|   0|  0|  49|    0|
    |mul_9ns_6ns_14_1_1_U3661  |mul_9ns_6ns_14_1_1  |        0|   0|  0|  49|    0|
    |mul_9ns_6s_15_1_1_U3602   |mul_9ns_6s_15_1_1   |        0|   0|  0|  49|    0|
    |mul_9ns_6s_15_1_1_U3606   |mul_9ns_6s_15_1_1   |        0|   0|  0|  49|    0|
    |mul_9ns_6s_15_1_1_U3608   |mul_9ns_6s_15_1_1   |        0|   0|  0|  49|    0|
    |mul_9ns_6s_15_1_1_U3624   |mul_9ns_6s_15_1_1   |        0|   0|  0|  49|    0|
    |mul_9ns_6s_15_1_1_U3641   |mul_9ns_6s_15_1_1   |        0|   0|  0|  49|    0|
    |mul_9ns_6s_15_1_1_U3647   |mul_9ns_6s_15_1_1   |        0|   0|  0|  49|    0|
    |mul_9ns_6s_15_1_1_U3654   |mul_9ns_6s_15_1_1   |        0|   0|  0|  49|    0|
    |mul_9ns_6s_15_1_1_U3655   |mul_9ns_6s_15_1_1   |        0|   0|  0|  49|    0|
    |mul_9ns_7ns_15_1_1_U3601  |mul_9ns_7ns_15_1_1  |        0|   0|  0|  49|    0|
    |mul_9ns_7ns_15_1_1_U3607  |mul_9ns_7ns_15_1_1  |        0|   0|  0|  49|    0|
    |mul_9ns_7ns_15_1_1_U3617  |mul_9ns_7ns_15_1_1  |        0|   0|  0|  49|    0|
    |mul_9ns_7ns_15_1_1_U3620  |mul_9ns_7ns_15_1_1  |        0|   0|  0|  49|    0|
    |mul_9ns_7ns_15_1_1_U3621  |mul_9ns_7ns_15_1_1  |        0|   0|  0|  49|    0|
    |mul_9ns_7ns_15_1_1_U3629  |mul_9ns_7ns_15_1_1  |        0|   0|  0|  49|    0|
    |mul_9ns_7ns_15_1_1_U3630  |mul_9ns_7ns_15_1_1  |        0|   0|  0|  49|    0|
    |mul_9ns_7ns_15_1_1_U3633  |mul_9ns_7ns_15_1_1  |        0|   0|  0|  49|    0|
    |mul_9ns_7ns_15_1_1_U3636  |mul_9ns_7ns_15_1_1  |        0|   0|  0|  49|    0|
    |mul_9ns_7ns_15_1_1_U3643  |mul_9ns_7ns_15_1_1  |        0|   0|  0|  49|    0|
    |mul_9ns_7ns_15_1_1_U3652  |mul_9ns_7ns_15_1_1  |        0|   0|  0|  49|    0|
    |mul_9ns_7ns_15_1_1_U3657  |mul_9ns_7ns_15_1_1  |        0|   0|  0|  49|    0|
    |mul_9ns_7ns_15_1_1_U3662  |mul_9ns_7ns_15_1_1  |        0|   0|  0|  49|    0|
    |mul_9ns_7s_16_1_1_U3599   |mul_9ns_7s_16_1_1   |        0|   0|  0|  49|    0|
    |mul_9ns_7s_16_1_1_U3600   |mul_9ns_7s_16_1_1   |        0|   0|  0|  49|    0|
    |mul_9ns_7s_16_1_1_U3610   |mul_9ns_7s_16_1_1   |        0|   0|  0|  49|    0|
    |mul_9ns_7s_16_1_1_U3614   |mul_9ns_7s_16_1_1   |        0|   0|  0|  49|    0|
    |mul_9ns_7s_16_1_1_U3615   |mul_9ns_7s_16_1_1   |        0|   0|  0|  49|    0|
    |mul_9ns_7s_16_1_1_U3618   |mul_9ns_7s_16_1_1   |        0|   0|  0|  49|    0|
    |mul_9ns_7s_16_1_1_U3632   |mul_9ns_7s_16_1_1   |        0|   0|  0|  49|    0|
    |mul_9ns_7s_16_1_1_U3644   |mul_9ns_7s_16_1_1   |        0|   0|  0|  49|    0|
    |mul_9ns_7s_16_1_1_U3649   |mul_9ns_7s_16_1_1   |        0|   0|  0|  49|    0|
    |mul_9ns_7s_16_1_1_U3659   |mul_9ns_7s_16_1_1   |        0|   0|  0|  49|    0|
    |mul_9ns_8ns_16_1_1_U3605  |mul_9ns_8ns_16_1_1  |        0|   0|  0|  49|    0|
    |mul_9ns_8ns_16_1_1_U3611  |mul_9ns_8ns_16_1_1  |        0|   0|  0|  49|    0|
    |mul_9ns_8ns_16_1_1_U3613  |mul_9ns_8ns_16_1_1  |        0|   0|  0|  49|    0|
    |mul_9ns_8ns_16_1_1_U3635  |mul_9ns_8ns_16_1_1  |        0|   0|  0|  49|    0|
    |mul_9ns_8ns_16_1_1_U3638  |mul_9ns_8ns_16_1_1  |        0|   0|  0|  49|    0|
    |mul_9ns_8ns_16_1_1_U3650  |mul_9ns_8ns_16_1_1  |        0|   0|  0|  49|    0|
    |mul_9ns_8ns_16_1_1_U3658  |mul_9ns_8ns_16_1_1  |        0|   0|  0|  49|    0|
    |mul_9ns_8s_17_1_1_U3616   |mul_9ns_8s_17_1_1   |        0|   0|  0|  49|    0|
    |mul_9ns_8s_17_1_1_U3619   |mul_9ns_8s_17_1_1   |        0|   0|  0|  49|    0|
    |mul_9ns_8s_17_1_1_U3622   |mul_9ns_8s_17_1_1   |        0|   0|  0|  49|    0|
    |mul_9ns_8s_17_1_1_U3623   |mul_9ns_8s_17_1_1   |        0|   0|  0|  49|    0|
    |mul_9ns_8s_17_1_1_U3631   |mul_9ns_8s_17_1_1   |        0|   0|  0|  49|    0|
    |mul_9ns_8s_17_1_1_U3637   |mul_9ns_8s_17_1_1   |        0|   0|  0|  49|    0|
    |mul_9ns_8s_17_1_1_U3640   |mul_9ns_8s_17_1_1   |        0|   0|  0|  49|    0|
    |mul_9ns_8s_17_1_1_U3645   |mul_9ns_8s_17_1_1   |        0|   0|  0|  49|    0|
    |mul_9ns_8s_17_1_1_U3651   |mul_9ns_8s_17_1_1   |        0|   0|  0|  49|    0|
    |mul_9ns_8s_17_1_1_U3653   |mul_9ns_8s_17_1_1   |        0|   0|  0|  49|    0|
    |mul_9ns_9s_18_1_1_U3604   |mul_9ns_9s_18_1_1   |        0|   0|  0|  49|    0|
    |mul_9ns_9s_18_1_1_U3642   |mul_9ns_9s_18_1_1   |        0|   0|  0|  49|    0|
    |mul_9ns_9s_18_1_1_U3656   |mul_9ns_9s_18_1_1   |        0|   0|  0|  49|    0|
    +--------------------------+--------------------+---------+----+---+----+-----+
    |Total                     |                    |        0|   0|  0|3136|    0|
    +--------------------------+--------------------+---------+----+---+----+-----+

    * DSP: 
    N/A

    * Memory: 
    N/A

    * FIFO: 
    N/A

    * Expression: 
    +-----------------------------+----------+----+---+----+------------+------------+
    |        Variable Name        | Operation| DSP| FF| LUT| Bitwidth P0| Bitwidth P1|
    +-----------------------------+----------+----+---+----+------------+------------+
    |add_ln813_4716_fu_29344_p2   |         +|   0|  0|  17|          10|          10|
    |add_ln813_4717_fu_30138_p2   |         +|   0|  0|  18|          11|          11|
    |add_ln813_4721_fu_30167_p2   |         +|   0|  0|  17|          13|          13|
    |add_ln813_4723_fu_30697_p2   |         +|   0|  0|  16|          14|          14|
    |add_ln813_4728_fu_29371_p2   |         +|   0|  0|  17|          11|          11|
    |add_ln813_4729_fu_30188_p2   |         +|   0|  0|  17|          13|          13|
    |add_ln813_4732_fu_30214_p2   |         +|   0|  0|  21|          14|          14|
    |add_ln813_4741_fu_29383_p2   |         +|   0|  0|  16|           9|           8|
    |add_ln813_4742_fu_30254_p2   |         +|   0|  0|  17|          13|          13|
    |add_ln813_4745_fu_30280_p2   |         +|   0|  0|  21|          14|          14|
    |add_ln813_4756_fu_29389_p2   |         +|   0|  0|  19|          12|           9|
    |add_ln813_4757_fu_29399_p2   |         +|   0|  0|  20|          13|          13|
    |add_ln813_4759_fu_30337_p2   |         +|   0|  0|  21|          14|          14|
    |add_ln813_4773_fu_30389_p2   |         +|   0|  0|  17|          12|          12|
    |add_ln813_4776_fu_30415_p2   |         +|   0|  0|  17|          13|          13|
    |add_ln813_4782_fu_29350_p2   |         +|   0|  0|  15|           8|           8|
    |add_ln813_4783_fu_30151_p2   |         +|   0|  0|  19|          12|          12|
    |add_ln813_4784_fu_30161_p2   |         +|   0|  0|  17|          13|          13|
    |add_ln813_4785_fu_30173_p2   |         +|   0|  0|  20|          13|          13|
    |add_ln813_4786_fu_30468_p2   |         +|   0|  0|  17|          13|          13|
    |add_ln813_4787_fu_30179_p2   |         +|   0|  0|  17|          10|          10|
    |add_ln813_4789_fu_29356_p2   |         +|   0|  0|  17|          11|           9|
    |add_ln813_4790_fu_30487_p2   |         +|   0|  0|  16|          14|          14|
    |add_ln813_4791_fu_29362_p2   |         +|   0|  0|  16|           9|           9|
    |add_ln813_4792_fu_30194_p2   |         +|   0|  0|  17|          13|          13|
    |add_ln813_4793_fu_30204_p2   |         +|   0|  0|  20|          13|          13|
    |add_ln813_4794_fu_30712_p2   |         +|   0|  0|  16|          14|          14|
    |add_ln813_4795_fu_30220_p2   |         +|   0|  0|  19|          12|          12|
    |add_ln813_4796_fu_30720_p2   |         +|   0|  0|  16|          14|          14|
    |add_ln813_4797_fu_30226_p2   |         +|   0|  0|  17|          13|          13|
    |add_ln813_4798_fu_29377_p2   |         +|   0|  0|  17|          10|          10|
    |add_ln813_4799_fu_27578_p2   |         +|   0|  0|  17|          10|           9|
    |add_ln813_4800_fu_29441_p2   |         +|   0|  0|  18|          11|          11|
    |add_ln813_4801_fu_30235_p2   |         +|   0|  0|  18|          11|          11|
    |add_ln813_4802_fu_30245_p2   |         +|   0|  0|  17|          13|          13|
    |add_ln813_4803_fu_30530_p2   |         +|   0|  0|  16|          14|          14|
    |add_ln813_4805_fu_30260_p2   |         +|   0|  0|  17|          13|          13|
    |add_ln813_4806_fu_30270_p2   |         +|   0|  0|  19|          12|          12|
    |add_ln813_4807_fu_30562_p2   |         +|   0|  0|  16|          15|          15|
    |add_ln813_4808_fu_30739_p2   |         +|   0|  0|  16|          14|          14|
    |add_ln813_4809_fu_30286_p2   |         +|   0|  0|  19|          12|          12|
    |add_ln813_4810_fu_30296_p2   |         +|   0|  0|  20|          13|          13|
    |add_ln813_4811_fu_30747_p2   |         +|   0|  0|  16|          14|          14|
    |add_ln813_4812_fu_30302_p2   |         +|   0|  0|  20|          13|          13|
    |add_ln813_4813_fu_30760_p2   |         +|   0|  0|  16|          14|          14|
    |add_ln813_4814_fu_30308_p2   |         +|   0|  0|  17|          10|          10|
    |add_ln813_4815_fu_30318_p2   |         +|   0|  0|  18|          11|          11|
    |add_ln813_4816_fu_30769_p2   |         +|   0|  0|  16|          14|          14|
    |add_ln813_4817_fu_30601_p2   |         +|   0|  0|  17|          13|          13|
    |add_ln813_4819_fu_30327_p2   |         +|   0|  0|  20|          13|          13|
    |add_ln813_4820_fu_30785_p2   |         +|   0|  0|  16|          14|          14|
    |add_ln813_4821_fu_30943_p2   |         +|   0|  0|  16|          14|          14|
    |add_ln813_4822_fu_30790_p2   |         +|   0|  0|  16|          14|          14|
    |add_ln813_4823_fu_30343_p2   |         +|   0|  0|  17|          13|          13|
    |add_ln813_4824_fu_30349_p2   |         +|   0|  0|  17|          13|          13|
    |add_ln813_4825_fu_30803_p2   |         +|   0|  0|  16|          15|          15|
    |add_ln813_4826_fu_30355_p2   |         +|   0|  0|  17|          13|          13|
    |add_ln813_4827_fu_30361_p2   |         +|   0|  0|  17|          13|          13|
    |add_ln813_4828_fu_30367_p2   |         +|   0|  0|  17|          10|          10|
    |add_ln813_4829_fu_30377_p2   |         +|   0|  0|  18|          11|          11|
    |add_ln813_4830_fu_30815_p2   |         +|   0|  0|  21|          14|          14|
    |add_ln813_4832_fu_29405_p2   |         +|   0|  0|  18|          11|          11|
    |add_ln813_4833_fu_29410_p2   |         +|   0|  0|  18|          11|          10|
    |add_ln813_4834_fu_30395_p2   |         +|   0|  0|  17|          12|          12|
    |add_ln813_4835_fu_30405_p2   |         +|   0|  0|  18|          11|          11|
    |add_ln813_4836_fu_30421_p2   |         +|   0|  0|  17|          13|          13|
    |add_ln813_4837_fu_30427_p2   |         +|   0|  0|  20|          13|          13|
    |add_ln813_4838_fu_30837_p2   |         +|   0|  0|  21|          14|          14|
    |add_ln813_4839_fu_30433_p2   |         +|   0|  0|  19|          12|          12|
    |add_ln813_4840_fu_30443_p2   |         +|   0|  0|  17|          13|          13|
    |add_ln813_4841_fu_30449_p2   |         +|   0|  0|  17|          13|          13|
    |add_ln813_4842_fu_30459_p2   |         +|   0|  0|  21|          14|          14|
    |add_ln813_4844_fu_29416_p2   |         +|   0|  0|  19|          12|          10|
    |add_ln813_4845_fu_30474_p2   |         +|   0|  0|  17|          13|          13|
    |add_ln813_4846_fu_29422_p2   |         +|   0|  0|  19|          12|          12|
    |add_ln813_4847_fu_29432_p2   |         +|   0|  0|  20|          13|          13|
    |add_ln813_4848_fu_30493_p2   |         +|   0|  0|  16|          14|          14|
    |add_ln813_4849_fu_30859_p2   |         +|   0|  0|  20|          13|          13|
    |add_ln813_4850_fu_30869_p2   |         +|   0|  0|  16|          15|          15|
    |add_ln813_4851_fu_30499_p2   |         +|   0|  0|  20|          13|          13|
    |add_ln813_4852_fu_30505_p2   |         +|   0|  0|  18|          11|          11|
    |add_ln813_4853_fu_30515_p2   |         +|   0|  0|  19|          12|          12|
    |add_ln813_4854_fu_30881_p2   |         +|   0|  0|  21|          14|          14|
    |add_ln813_4856_fu_30521_p2   |         +|   0|  0|  16|          14|          14|
    |add_ln813_4857_fu_29451_p2   |         +|   0|  0|  19|          12|          12|
    |add_ln813_4858_fu_30540_p2   |         +|   0|  0|  16|          15|          15|
    |add_ln813_4859_fu_30546_p2   |         +|   0|  0|  17|          12|          12|
    |add_ln813_4860_fu_30552_p2   |         +|   0|  0|  17|          12|          12|
    |add_ln813_4861_fu_30568_p2   |         +|   0|  0|  19|          12|          12|
    |add_ln813_4862_fu_30900_p2   |         +|   0|  0|  16|          15|          15|
    |add_ln813_4863_fu_30905_p2   |         +|   0|  0|  16|          15|          15|
    |add_ln813_4864_fu_30574_p2   |         +|   0|  0|  21|          14|          14|
    |add_ln813_4865_fu_30580_p2   |         +|   0|  0|  20|          13|          13|
    |add_ln813_4866_fu_30921_p2   |         +|   0|  0|  22|          15|          15|
    |add_ln813_4868_fu_30586_p2   |         +|   0|  0|  20|          13|          13|
    |add_ln813_4869_fu_30592_p2   |         +|   0|  0|  18|          11|          11|
    |add_ln813_4870_fu_30607_p2   |         +|   0|  0|  17|          13|          13|
    |add_ln813_4871_fu_30613_p2   |         +|   0|  0|  19|          12|          12|
    |add_ln813_4872_fu_30623_p2   |         +|   0|  0|  20|          13|          13|
    |add_ln813_4873_fu_30949_p2   |         +|   0|  0|  16|          14|          14|
    |add_ln813_4874_fu_30629_p2   |         +|   0|  0|  17|          10|          10|
    |add_ln813_4875_fu_30962_p2   |         +|   0|  0|  16|          15|          15|
    |add_ln813_4876_fu_30635_p2   |         +|   0|  0|  16|          14|          14|
    |add_ln813_4877_fu_29457_p2   |         +|   0|  0|  16|           9|           9|
    |add_ln813_4878_fu_30644_p2   |         +|   0|  0|  18|          11|          11|
    |add_ln813_4879_fu_30654_p2   |         +|   0|  0|  16|          14|          14|
    |add_ln813_fu_29335_p2        |         +|   0|  0|  16|           9|           6|
    |add_ln818_197_fu_27730_p2    |         +|   0|  0|  21|          14|          14|
    |add_ln818_198_fu_27939_p2    |         +|   0|  0|  21|          14|          14|
    |add_ln818_199_fu_28263_p2    |         +|   0|  0|  20|          13|          13|
    |add_ln818_200_fu_28710_p2    |         +|   0|  0|  19|          12|          12|
    |add_ln818_201_fu_29792_p2    |         +|   0|  0|  21|          14|          14|
    |add_ln818_202_fu_30105_p2    |         +|   0|  0|  23|          16|          16|
    |add_ln818_fu_27436_p2        |         +|   0|  0|  20|          13|          13|
    |x_V_16_fu_30779_p2           |         +|   0|  0|  22|          15|          15|
    |x_V_17_fu_30706_p2           |         +|   0|  0|  16|          14|          14|
    |x_V_18_fu_30825_p2           |         +|   0|  0|  16|          15|          15|
    |x_V_19_fu_30850_p2           |         +|   0|  0|  22|          15|          15|
    |x_V_20_fu_30891_p2           |         +|   0|  0|  16|          15|          15|
    |x_V_21_fu_30931_p2           |         +|   0|  0|  23|          16|          16|
    |x_V_22_fu_30971_p2           |         +|   0|  0|  16|          15|          15|
    |x_V_fu_30733_p2              |         +|   0|  0|  22|          15|          15|
    |r_V_3735_fu_27648_p2         |         -|   0|  0|  21|          14|          14|
    |r_V_3737_fu_27689_p2         |         -|   0|  0|  24|          17|          17|
    |r_V_3744_fu_27912_p2         |         -|   0|  0|  22|          15|          15|
    |r_V_3745_fu_27966_p2         |         -|   0|  0|  20|          13|          13|
    |r_V_3746_fu_28020_p2         |         -|   0|  0|  20|          13|          13|
    |r_V_3747_fu_28054_p2         |         -|   0|  0|  24|          17|          17|
    |r_V_3748_fu_28102_p2         |         -|   0|  0|  23|          16|          16|
    |r_V_3749_fu_28129_p2         |         -|   0|  0|  23|          16|          16|
    |r_V_3750_fu_28221_p2         |         -|   0|  0|  20|          13|          13|
    |r_V_3753_fu_28299_p2         |         -|   0|  0|  21|          14|          14|
    |r_V_3756_fu_28453_p2         |         -|   0|  0|  21|          14|          14|
    |r_V_3758_fu_29585_p2         |         -|   0|  0|  23|          16|          16|
    |r_V_3763_fu_28572_p2         |         -|   0|  0|  21|          14|          14|
    |r_V_3764_fu_29654_p2         |         -|   0|  0|  24|          17|          17|
    |r_V_3765_fu_28648_p2         |         -|   0|  0|  20|           1|          13|
    |r_V_3766_fu_28730_p2         |         -|   0|  0|  21|          14|          14|
    |r_V_3768_fu_28830_p2         |         -|   0|  0|  21|          14|          14|
    |r_V_3770_fu_28898_p2         |         -|   0|  0|  23|          16|          16|
    |r_V_3773_fu_29729_p2         |         -|   0|  0|  21|           1|          14|
    |r_V_3775_fu_29762_p2         |         -|   0|  0|  21|          14|          14|
    |r_V_3776_fu_29016_p2         |         -|   0|  0|  23|          16|          16|
    |r_V_3781_fu_29887_p2         |         -|   0|  0|  21|          14|          14|
    |r_V_3782_fu_29141_p2         |         -|   0|  0|  22|          15|          15|
    |r_V_3785_fu_29181_p2         |         -|   0|  0|  20|          13|          13|
    |r_V_3786_fu_29955_p2         |         -|   0|  0|  22|          15|          15|
    |r_V_3787_fu_29997_p2         |         -|   0|  0|  21|          14|          14|
    |r_V_3790_fu_29285_p2         |         -|   0|  0|  21|          14|          14|
    |r_V_3792_fu_30057_p2         |         -|   0|  0|  22|          15|          15|
    |r_V_fu_27602_p2              |         -|   0|  0|  23|           1|          16|
    |sub_ln1273_1797_fu_28010_p2  |         -|   0|  0|  19|           1|          12|
    |sub_ln1273_1799_fu_28081_p2  |         -|   0|  0|  22|           1|          15|
    |sub_ln1273_1802_fu_28211_p2  |         -|   0|  0|  19|           1|          12|
    |sub_ln1273_1804_fu_28289_p2  |         -|   0|  0|  20|           1|          13|
    |sub_ln1273_1810_fu_28820_p2  |         -|   0|  0|  20|           1|          13|
    |sub_ln1273_1812_fu_28877_p2  |         -|   0|  0|  22|           1|          15|
    |sub_ln1273_1815_fu_28995_p2  |         -|   0|  0|  22|           1|          15|
    |sub_ln1273_fu_27887_p2       |         -|   0|  0|  21|           1|          14|
    |sub_ln818_228_fu_27837_p2    |         -|   0|  0|  22|          15|          15|
    |sub_ln818_229_fu_27986_p2    |         -|   0|  0|  21|          14|          14|
    |sub_ln818_230_fu_28152_p2    |         -|   0|  0|  22|          15|          15|
    |sub_ln818_231_fu_28394_p2    |         -|   0|  0|  22|          15|          15|
    |sub_ln818_232_fu_28694_p2    |         -|   0|  0|  21|          14|          14|
    |sub_ln818_233_fu_28761_p2    |         -|   0|  0|  22|          15|          15|
    |sub_ln818_234_fu_29117_p2    |         -|   0|  0|  22|          15|          15|
    |sub_ln818_235_fu_29863_p2    |         -|   0|  0|  21|          14|          14|
    |sub_ln818_fu_27485_p2        |         -|   0|  0|  22|          15|          15|
    |ap_block_pp0_stage0_11001    |        or|   0|  0|   2|           1|           1|
    |ap_enable_pp0                |       xor|   0|  0|   2|           1|           2|
    +-----------------------------+----------+----+---+----+------------+------------+
    |Total                        |          |   0|  0|3191|        2092|        2221|
    +-----------------------------+----------+----+---+----+------------+------------+

    * Multiplexer: 
    +-------------+----+-----------+-----+-----------+
    |     Name    | LUT| Input Size| Bits| Total Bits|
    +-------------+----+-----------+-----+-----------+
    |ap_done      |   9|          2|    1|          2|
    |ap_return_0  |   9|          2|   16|         32|
    |ap_return_1  |   9|          2|   16|         32|
    |ap_return_2  |   9|          2|   16|         32|
    |ap_return_3  |   9|          2|   16|         32|
    |ap_return_4  |   9|          2|   16|         32|
    |ap_return_5  |   9|          2|   16|         32|
    |ap_return_6  |   9|          2|   16|         32|
    |ap_return_7  |   9|          2|   16|         32|
    +-------------+----+-----------+-----+-----------+
    |Total        |  81|         18|  129|        258|
    +-------------+----+-----------+-----+-----------+

    * Register: 
    +------------------------------------------+----+----+-----+-----------+
    |                   Name                   | FF | LUT| Bits| Const Bits|
    +------------------------------------------+----+----+-----+-----------+
    |add_ln813_4716_reg_31723                  |  10|   0|   10|          0|
    |add_ln813_4721_reg_31808                  |  13|   0|   13|          0|
    |add_ln813_4728_reg_31733                  |  11|   0|   11|          0|
    |add_ln813_4732_reg_31823                  |  14|   0|   14|          0|
    |add_ln813_4741_reg_31743                  |   9|   0|    9|          0|
    |add_ln813_4745_reg_31838                  |  14|   0|   14|          0|
    |add_ln813_4757_reg_31748                  |  13|   0|   13|          0|
    |add_ln813_4759_reg_31858                  |  14|   0|   14|          0|
    |add_ln813_4782_reg_31728                  |   8|   0|    8|          0|
    |add_ln813_4785_reg_31813                  |  13|   0|   13|          0|
    |add_ln813_4787_reg_31818                  |  10|   0|   10|          0|
    |add_ln813_4795_reg_31828                  |  12|   0|   12|          0|
    |add_ln813_4798_reg_31738                  |  10|   0|   10|          0|
    |add_ln813_4799_reg_31353                  |  10|   0|   10|          0|
    |add_ln813_4802_reg_31833                  |  13|   0|   13|          0|
    |add_ln813_4807_reg_31908                  |  15|   0|   15|          0|
    |add_ln813_4810_reg_31843                  |  13|   0|   13|          0|
    |add_ln813_4812_reg_31848                  |  13|   0|   13|          0|
    |add_ln813_4815_reg_31853                  |  11|   0|   11|          0|
    |add_ln813_4824_reg_31863                  |  13|   0|   13|          0|
    |add_ln813_4827_reg_31868                  |  13|   0|   13|          0|
    |add_ln813_4829_reg_31873                  |  11|   0|   11|          0|
    |add_ln813_4832_reg_31753                  |  11|   0|   11|          0|
    |add_ln813_4833_reg_31758                  |  11|   0|   11|          0|
    |add_ln813_4836_reg_31878                  |  13|   0|   13|          0|
    |add_ln813_4837_reg_31883                  |  13|   0|   13|          0|
    |add_ln813_4842_reg_31888                  |  14|   0|   14|          0|
    |add_ln813_4844_reg_31763                  |  12|   0|   12|          0|
    |add_ln813_4847_reg_31768                  |  13|   0|   13|          0|
    |add_ln813_4848_reg_31893                  |  14|   0|   14|          0|
    |add_ln813_4851_reg_31898                  |  13|   0|   13|          0|
    |add_ln813_4853_reg_31903                  |  12|   0|   12|          0|
    |add_ln813_4857_reg_31773                  |  12|   0|   12|          0|
    |add_ln813_4861_reg_31913                  |  12|   0|   12|          0|
    |add_ln813_4864_reg_31918                  |  14|   0|   14|          0|
    |add_ln813_4865_reg_31923                  |  13|   0|   13|          0|
    |add_ln813_4870_reg_31928                  |  13|   0|   13|          0|
    |add_ln813_4872_reg_31933                  |  13|   0|   13|          0|
    |add_ln813_4874_reg_31938                  |  10|   0|   10|          0|
    |add_ln813_4877_reg_31778                  |   9|   0|    9|          0|
    |add_ln813_4879_reg_31943                  |  14|   0|   14|          0|
    |ap_CS_fsm                                 |   1|   0|    1|          0|
    |ap_done_reg                               |   1|   0|    1|          0|
    |ap_enable_reg_pp0_iter1                   |   1|   0|    1|          0|
    |ap_enable_reg_pp0_iter2                   |   1|   0|    1|          0|
    |ap_enable_reg_pp0_iter3                   |   1|   0|    1|          0|
    |ap_enable_reg_pp0_iter4                   |   1|   0|    1|          0|
    |ap_return_0_preg                          |  16|   0|   21|          5|
    |ap_return_1_preg                          |  16|   0|   21|          5|
    |ap_return_2_preg                          |  16|   0|   21|          5|
    |ap_return_3_preg                          |  16|   0|   21|          5|
    |ap_return_4_preg                          |  16|   0|   21|          5|
    |ap_return_5_preg                          |  16|   0|   21|          5|
    |ap_return_6_preg                          |  16|   0|   21|          5|
    |ap_return_7_preg                          |  16|   0|   21|          5|
    |lshr_ln818_128_reg_31404                  |   9|   0|    9|          0|
    |lshr_ln818_129_reg_31460                  |  10|   0|   10|          0|
    |lshr_ln818_130_reg_31292                  |   4|   0|    4|          0|
    |lshr_ln818_130_reg_31292_pp0_iter1_reg    |   4|   0|    4|          0|
    |lshr_ln818_131_reg_31783                  |   9|   0|    9|          0|
    |lshr_ln818_132_reg_31793                  |   9|   0|    9|          0|
    |lshr_ln818_133_reg_31692                  |   8|   0|    8|          0|
    |lshr_ln818_134_reg_31798                  |   9|   0|    9|          0|
    |lshr_ln818_s_reg_31287                    |   7|   0|    7|          0|
    |lshr_ln818_s_reg_31287_pp0_iter1_reg      |   7|   0|    7|          0|
    |p_read1026_reg_31171                      |   9|   0|    9|          0|
    |p_read1026_reg_31171_pp0_iter1_reg        |   9|   0|    9|          0|
    |p_read1127_reg_31163                      |   9|   0|    9|          0|
    |p_read117_reg_31264                       |   9|   0|    9|          0|
    |p_read117_reg_31264_pp0_iter1_reg         |   9|   0|    9|          0|
    |p_read1228_reg_31153                      |   9|   0|    9|          0|
    |p_read1228_reg_31153_pp0_iter1_reg        |   9|   0|    9|          0|
    |p_read1329_reg_31141                      |   9|   0|    9|          0|
    |p_read1430_reg_31129                      |   9|   0|    9|          0|
    |p_read1531_reg_31117                      |   9|   0|    9|          0|
    |p_read16_reg_31274                        |   9|   0|    9|          0|
    |p_read16_reg_31274_pp0_iter1_reg          |   9|   0|    9|          0|
    |p_read218_reg_31255                       |   9|   0|    9|          0|
    |p_read218_reg_31255_pp0_iter1_reg         |   9|   0|    9|          0|
    |p_read319_reg_31245                       |   9|   0|    9|          0|
    |p_read319_reg_31245_pp0_iter1_reg         |   9|   0|    9|          0|
    |p_read420_reg_31234                       |   9|   0|    9|          0|
    |p_read420_reg_31234_pp0_iter1_reg         |   9|   0|    9|          0|
    |p_read521_reg_31223                       |   9|   0|    9|          0|
    |p_read521_reg_31223_pp0_iter1_reg         |   9|   0|    9|          0|
    |p_read622_reg_31213                       |   9|   0|    9|          0|
    |p_read622_reg_31213_pp0_iter1_reg         |   9|   0|    9|          0|
    |p_read723_reg_31203                       |   9|   0|    9|          0|
    |p_read824_reg_31193                       |   9|   0|    9|          0|
    |p_read925_reg_31181                       |   9|   0|    9|          0|
    |p_read925_reg_31181_pp0_iter1_reg         |   9|   0|    9|          0|
    |tmp_429_reg_31803                         |  10|   0|   10|          0|
    |tmp_reg_31550                             |  10|   0|   10|          0|
    |tmp_s_reg_31575                           |   8|   0|    8|          0|
    |trunc_ln1273_223_reg_31338                |   9|   0|    9|          0|
    |trunc_ln1273_225_reg_31525                |  11|   0|   11|          0|
    |trunc_ln1273_227_reg_31590                |  11|   0|   11|          0|
    |trunc_ln1273_227_reg_31590_pp0_iter3_reg  |  11|   0|   11|          0|
    |trunc_ln1273_228_reg_31788                |   9|   0|    9|          0|
    |trunc_ln1273_229_reg_31627                |  10|   0|   10|          0|
    |trunc_ln1273_229_reg_31627_pp0_iter3_reg  |  10|   0|   10|          0|
    |trunc_ln1273_230_reg_31687                |  10|   0|   10|          0|
    |trunc_ln70_63_reg_31465                   |  10|   0|   10|          0|
    |trunc_ln70_64_reg_31555                   |  11|   0|   11|          0|
    |trunc_ln70_66_reg_31662                   |   9|   0|    9|          0|
    |trunc_ln70_s_reg_31435                    |   9|   0|    9|          0|
    |trunc_ln818_3235_reg_31368                |  13|   0|   13|          0|
    |trunc_ln818_3263_reg_31530                |  13|   0|   13|          0|
    |trunc_ln818_3286_reg_31682                |  13|   0|   13|          0|
    |trunc_ln818_3436_reg_31358                |  11|   0|   11|          0|
    |trunc_ln818_3437_reg_31363                |  12|   0|   12|          0|
    |trunc_ln818_3438_reg_31307                |   9|   0|    9|          0|
    |trunc_ln818_3439_reg_31312                |  10|   0|   10|          0|
    |trunc_ln818_3440_reg_31317                |  10|   0|   10|          0|
    |trunc_ln818_3441_reg_31373                |  10|   0|   10|          0|
    |trunc_ln818_3442_reg_31378                |  12|   0|   12|          0|
    |trunc_ln818_3443_reg_31383                |  11|   0|   11|          0|
    |trunc_ln818_3444_reg_31388                |  12|   0|   12|          0|
    |trunc_ln818_3445_reg_31328                |   9|   0|    9|          0|
    |trunc_ln818_3447_reg_31333                |  10|   0|   10|          0|
    |trunc_ln818_3448_reg_31398                |  10|   0|   10|          0|
    |trunc_ln818_3449_reg_31410                |   8|   0|    8|          0|
    |trunc_ln818_3451_reg_31415                |   8|   0|    8|          0|
    |trunc_ln818_3452_reg_31420                |  12|   0|   12|          0|
    |trunc_ln818_3453_reg_31425                |  11|   0|   11|          0|
    |trunc_ln818_3454_reg_31430                |  11|   0|   11|          0|
    |trunc_ln818_3455_reg_31343                |  11|   0|   11|          0|
    |trunc_ln818_3456_reg_31348                |  11|   0|   11|          0|
    |trunc_ln818_3458_reg_31440                |   8|   0|    8|          0|
    |trunc_ln818_3459_reg_31445                |  11|   0|   11|          0|
    |trunc_ln818_3460_reg_31450                |  12|   0|   12|          0|
    |trunc_ln818_3461_reg_31455                |   9|   0|    9|          0|
    |trunc_ln818_3462_reg_31470                |  10|   0|   10|          0|
    |trunc_ln818_3463_reg_31475                |  10|   0|   10|          0|
    |trunc_ln818_3464_reg_31480                |  10|   0|   10|          0|
    |trunc_ln818_3465_reg_31485                |  10|   0|   10|          0|
    |trunc_ln818_3466_reg_31490                |  11|   0|   11|          0|
    |trunc_ln818_3467_reg_31495                |  10|   0|   10|          0|
    |trunc_ln818_3468_reg_31500                |   9|   0|    9|          0|
    |trunc_ln818_3469_reg_31505                |  12|   0|   12|          0|
    |trunc_ln818_3471_reg_31510                |  10|   0|   10|          0|
    |trunc_ln818_3472_reg_31515                |  11|   0|   11|          0|
    |trunc_ln818_3473_reg_31520                |  10|   0|   10|          0|
    |trunc_ln818_3474_reg_31535                |  11|   0|   11|          0|
    |trunc_ln818_3475_reg_31540                |   9|   0|    9|          0|
    |trunc_ln818_3476_reg_31545                |  10|   0|   10|          0|
    |trunc_ln818_3479_reg_31560                |   9|   0|    9|          0|
    |trunc_ln818_3479_reg_31560_pp0_iter3_reg  |   9|   0|    9|          0|
    |trunc_ln818_3480_reg_31565                |   9|   0|    9|          0|
    |trunc_ln818_3481_reg_31570                |  10|   0|   10|          0|
    |trunc_ln818_3482_reg_31580                |  10|   0|   10|          0|
    |trunc_ln818_3483_reg_31585                |   9|   0|    9|          0|
    |trunc_ln818_3484_reg_31595                |  11|   0|   11|          0|
    |trunc_ln818_3485_reg_31600                |  11|   0|   11|          0|
    |trunc_ln818_3486_reg_31605                |  12|   0|   12|          0|
    |trunc_ln818_3487_reg_31617                |  10|   0|   10|          0|
    |trunc_ln818_3489_reg_31622                |   9|   0|    9|          0|
    |trunc_ln818_3491_reg_31632                |  11|   0|   11|          0|
    |trunc_ln818_3492_reg_31637                |  12|   0|   12|          0|
    |trunc_ln818_3493_reg_31642                |  10|   0|   10|          0|
    |trunc_ln818_3494_reg_31647                |  12|   0|   12|          0|
    |trunc_ln818_3495_reg_31652                |  12|   0|   12|          0|
    |trunc_ln818_3495_reg_31652_pp0_iter3_reg  |  12|   0|   12|          0|
    |trunc_ln818_3496_reg_31657                |  11|   0|   11|          0|
    |trunc_ln818_3497_reg_31667                |  10|   0|   10|          0|
    |trunc_ln818_3500_reg_31672                |  10|   0|   10|          0|
    |trunc_ln818_3501_reg_31677                |  10|   0|   10|          0|
    |trunc_ln818_3505_reg_31697                |  11|   0|   11|          0|
    |trunc_ln818_3506_reg_31703                |  11|   0|   11|          0|
    |trunc_ln818_3508_reg_31708                |  11|   0|   11|          0|
    |trunc_ln818_3510_reg_31713                |  12|   0|   12|          0|
    |trunc_ln818_3511_reg_31718                |  12|   0|   12|          0|
    |trunc_ln8_reg_31302                       |   9|   0|    9|          0|
    |trunc_ln9_reg_31393                       |  11|   0|   11|          0|
    |trunc_ln_reg_31297                        |  10|   0|   10|          0|
    |zext_ln1273_1018_reg_31322                |   9|   0|   15|          6|
    |zext_ln1273_1068_reg_31610                |   9|   0|   14|          5|
    |p_read1127_reg_31163                      |  64|  32|    9|          0|
    |p_read1329_reg_31141                      |  64|  32|    9|          0|
    |p_read1430_reg_31129                      |  64|  32|    9|          0|
    |p_read1531_reg_31117                      |  64|  32|    9|          0|
    |p_read723_reg_31203                       |  64|  32|    9|          0|
    |p_read824_reg_31193                       |  64|  32|    9|          0|
    +------------------------------------------+----+----+-----+-----------+
    |Total                                     |2219| 192| 1940|         51|
    +------------------------------------------+----+----+-----+-----------+



================================================================
== Interface
================================================================
* Summary: 
+-------------+-----+-----+------------+-----------------------------------------------------------------------------+--------------+
|  RTL Ports  | Dir | Bits|  Protocol  |                                Source Object                                |    C Type    |
+-------------+-----+-----+------------+-----------------------------------------------------------------------------+--------------+
|ap_clk       |   in|    1|  ap_ctrl_hs|  dense_latency<ap_ufixed<9, 0, 4, 0, 0>, ap_fixed<23, 8, 5, 3, 0>, config19>|  return value|
|ap_rst       |   in|    1|  ap_ctrl_hs|  dense_latency<ap_ufixed<9, 0, 4, 0, 0>, ap_fixed<23, 8, 5, 3, 0>, config19>|  return value|
|ap_start     |   in|    1|  ap_ctrl_hs|  dense_latency<ap_ufixed<9, 0, 4, 0, 0>, ap_fixed<23, 8, 5, 3, 0>, config19>|  return value|
|ap_done      |  out|    1|  ap_ctrl_hs|  dense_latency<ap_ufixed<9, 0, 4, 0, 0>, ap_fixed<23, 8, 5, 3, 0>, config19>|  return value|
|ap_continue  |   in|    1|  ap_ctrl_hs|  dense_latency<ap_ufixed<9, 0, 4, 0, 0>, ap_fixed<23, 8, 5, 3, 0>, config19>|  return value|
|ap_idle      |  out|    1|  ap_ctrl_hs|  dense_latency<ap_ufixed<9, 0, 4, 0, 0>, ap_fixed<23, 8, 5, 3, 0>, config19>|  return value|
|ap_ready     |  out|    1|  ap_ctrl_hs|  dense_latency<ap_ufixed<9, 0, 4, 0, 0>, ap_fixed<23, 8, 5, 3, 0>, config19>|  return value|
|ap_return_0  |  out|   21|  ap_ctrl_hs|  dense_latency<ap_ufixed<9, 0, 4, 0, 0>, ap_fixed<23, 8, 5, 3, 0>, config19>|  return value|
|ap_return_1  |  out|   21|  ap_ctrl_hs|  dense_latency<ap_ufixed<9, 0, 4, 0, 0>, ap_fixed<23, 8, 5, 3, 0>, config19>|  return value|
|ap_return_2  |  out|   21|  ap_ctrl_hs|  dense_latency<ap_ufixed<9, 0, 4, 0, 0>, ap_fixed<23, 8, 5, 3, 0>, config19>|  return value|
|ap_return_3  |  out|   21|  ap_ctrl_hs|  dense_latency<ap_ufixed<9, 0, 4, 0, 0>, ap_fixed<23, 8, 5, 3, 0>, config19>|  return value|
|ap_return_4  |  out|   21|  ap_ctrl_hs|  dense_latency<ap_ufixed<9, 0, 4, 0, 0>, ap_fixed<23, 8, 5, 3, 0>, config19>|  return value|
|ap_return_5  |  out|   21|  ap_ctrl_hs|  dense_latency<ap_ufixed<9, 0, 4, 0, 0>, ap_fixed<23, 8, 5, 3, 0>, config19>|  return value|
|ap_return_6  |  out|   21|  ap_ctrl_hs|  dense_latency<ap_ufixed<9, 0, 4, 0, 0>, ap_fixed<23, 8, 5, 3, 0>, config19>|  return value|
|ap_return_7  |  out|   21|  ap_ctrl_hs|  dense_latency<ap_ufixed<9, 0, 4, 0, 0>, ap_fixed<23, 8, 5, 3, 0>, config19>|  return value|
|p_read       |   in|    9|     ap_none|                                                                       p_read|        scalar|
|p_read1      |   in|    9|     ap_none|                                                                      p_read1|        scalar|
|p_read2      |   in|    9|     ap_none|                                                                      p_read2|        scalar|
|p_read3      |   in|    9|     ap_none|                                                                      p_read3|        scalar|
|p_read4      |   in|    9|     ap_none|                                                                      p_read4|        scalar|
|p_read5      |   in|    9|     ap_none|                                                                      p_read5|        scalar|
|p_read6      |   in|    9|     ap_none|                                                                      p_read6|        scalar|
|p_read7      |   in|    9|     ap_none|                                                                      p_read7|        scalar|
|p_read8      |   in|    9|     ap_none|                                                                      p_read8|        scalar|
|p_read9      |   in|    9|     ap_none|                                                                      p_read9|        scalar|
|p_read10     |   in|    9|     ap_none|                                                                     p_read10|        scalar|
|p_read11     |   in|    9|     ap_none|                                                                     p_read11|        scalar|
|p_read12     |   in|    9|     ap_none|                                                                     p_read12|        scalar|
|p_read13     |   in|    9|     ap_none|                                                                     p_read13|        scalar|
|p_read14     |   in|    9|     ap_none|                                                                     p_read14|        scalar|
|p_read15     |   in|    9|     ap_none|                                                                     p_read15|        scalar|
+-------------+-----+-----+------------+-----------------------------------------------------------------------------+--------------+

