

================================================================
== Vitis HLS Report for 'dense_latency_ap_fixed_16_6_5_3_0_ap_fixed_30_14_5_3_0_config17_s'
================================================================
* Date:           Fri Mar 21 14:34:25 2025

* Version:        2022.2 (Build 3670227 on Oct 13 2022)
* Project:        JetTaggerNN_prj
* Solution:       solution1 (Vivado IP Flow Target)
* Product family: virtexuplus
* Target device:  xcvu9p-flga2104-2L-e


================================================================
== Performance Estimates
================================================================
+ Timing: 
    * Summary: 
    +--------+---------+----------+------------+
    |  Clock |  Target | Estimated| Uncertainty|
    +--------+---------+----------+------------+
    |ap_clk  |  2.80 ns|  1.700 ns|     0.76 ns|
    +--------+---------+----------+------------+

+ Latency: 
    * Summary: 
    +---------+---------+----------+----------+-----+-----+---------+
    |  Latency (cycles) |  Latency (absolute) |  Interval | Pipeline|
    |   min   |   max   |    min   |    max   | min | max |   Type  |
    +---------+---------+----------+----------+-----+-----+---------+
    |        3|        3|  8.400 ns|  8.400 ns|    1|    1|      yes|
    +---------+---------+----------+----------+-----+-----+---------+

    + Detail: 
        * Instance: 
        N/A

        * Loop: 
        N/A



================================================================
== Utilization Estimates
================================================================
* Summary: 
+---------------------+---------+------+---------+---------+-----+
|         Name        | BRAM_18K|  DSP |    FF   |   LUT   | URAM|
+---------------------+---------+------+---------+---------+-----+
|DSP                  |        -|     -|        -|        -|    -|
|Expression           |        -|     -|        0|     2624|    -|
|FIFO                 |        -|     -|        -|        -|    -|
|Instance             |        -|     0|        0|     1550|    -|
|Memory               |        -|     -|        -|        -|    -|
|Multiplexer          |        -|     -|        -|       90|    -|
|Register             |        -|     -|     1245|        -|    -|
+---------------------+---------+------+---------+---------+-----+
|Total                |        0|     0|     1245|     4264|    0|
+---------------------+---------+------+---------+---------+-----+
|Available SLR        |     1440|  2280|   788160|   394080|  320|
+---------------------+---------+------+---------+---------+-----+
|Utilization SLR (%)  |        0|     0|       ~0|        1|    0|
+---------------------+---------+------+---------+---------+-----+
|Available            |     4320|  6840|  2364480|  1182240|  960|
+---------------------+---------+------+---------+---------+-----+
|Utilization (%)      |        0|     0|       ~0|       ~0|    0|
+---------------------+---------+------+---------+---------+-----+

+ Detail: 
    * Instance: 
    +---------------------------+---------------------+---------+----+---+----+-----+
    |          Instance         |        Module       | BRAM_18K| DSP| FF| LUT| URAM|
    +---------------------------+---------------------+---------+----+---+----+-----+
    |mul_10ns_5ns_14_1_1_U3573  |mul_10ns_5ns_14_1_1  |        0|   0|  0|  62|    0|
    |mul_10ns_5ns_14_1_1_U3583  |mul_10ns_5ns_14_1_1  |        0|   0|  0|  62|    0|
    |mul_10ns_5ns_14_1_1_U3586  |mul_10ns_5ns_14_1_1  |        0|   0|  0|  62|    0|
    |mul_10ns_5s_15_1_1_U3575   |mul_10ns_5s_15_1_1   |        0|   0|  0|  62|    0|
    |mul_10ns_6ns_15_1_1_U3564  |mul_10ns_6ns_15_1_1  |        0|   0|  0|  62|    0|
    |mul_10ns_6ns_15_1_1_U3565  |mul_10ns_6ns_15_1_1  |        0|   0|  0|  62|    0|
    |mul_10ns_6ns_15_1_1_U3571  |mul_10ns_6ns_15_1_1  |        0|   0|  0|  62|    0|
    |mul_10ns_6ns_15_1_1_U3572  |mul_10ns_6ns_15_1_1  |        0|   0|  0|  62|    0|
    |mul_10ns_6ns_15_1_1_U3577  |mul_10ns_6ns_15_1_1  |        0|   0|  0|  62|    0|
    |mul_10ns_6s_16_1_1_U3566   |mul_10ns_6s_16_1_1   |        0|   0|  0|  62|    0|
    |mul_10ns_6s_16_1_1_U3569   |mul_10ns_6s_16_1_1   |        0|   0|  0|  62|    0|
    |mul_10ns_6s_16_1_1_U3579   |mul_10ns_6s_16_1_1   |        0|   0|  0|  62|    0|
    |mul_10ns_6s_16_1_1_U3584   |mul_10ns_6s_16_1_1   |        0|   0|  0|  62|    0|
    |mul_10ns_6s_16_1_1_U3585   |mul_10ns_6s_16_1_1   |        0|   0|  0|  62|    0|
    |mul_10ns_6s_16_1_1_U3587   |mul_10ns_6s_16_1_1   |        0|   0|  0|  62|    0|
    |mul_10ns_7ns_16_1_1_U3567  |mul_10ns_7ns_16_1_1  |        0|   0|  0|  62|    0|
    |mul_10ns_7ns_16_1_1_U3570  |mul_10ns_7ns_16_1_1  |        0|   0|  0|  62|    0|
    |mul_10ns_7ns_16_1_1_U3574  |mul_10ns_7ns_16_1_1  |        0|   0|  0|  62|    0|
    |mul_10ns_7ns_16_1_1_U3576  |mul_10ns_7ns_16_1_1  |        0|   0|  0|  62|    0|
    |mul_10ns_7ns_16_1_1_U3578  |mul_10ns_7ns_16_1_1  |        0|   0|  0|  62|    0|
    |mul_10ns_7ns_16_1_1_U3580  |mul_10ns_7ns_16_1_1  |        0|   0|  0|  62|    0|
    |mul_10ns_7ns_16_1_1_U3581  |mul_10ns_7ns_16_1_1  |        0|   0|  0|  62|    0|
    |mul_10ns_7s_17_1_1_U3568   |mul_10ns_7s_17_1_1   |        0|   0|  0|  62|    0|
    |mul_10ns_7s_17_1_1_U3582   |mul_10ns_7s_17_1_1   |        0|   0|  0|  62|    0|
    |mul_10ns_8ns_17_1_1_U3588  |mul_10ns_8ns_17_1_1  |        0|   0|  0|  62|    0|
    +---------------------------+---------------------+---------+----+---+----+-----+
    |Total                      |                     |        0|   0|  0|1550|    0|
    +---------------------------+---------------------+---------+----+---+----+-----+

    * DSP: 
    N/A

    * Memory: 
    N/A

    * FIFO: 
    N/A

    * Expression: 
    +-----------------------------+----------+----+---+----+------------+------------+
    |        Variable Name        | Operation| DSP| FF| LUT| Bitwidth P0| Bitwidth P1|
    +-----------------------------+----------+----+---+----+------------+------------+
    |add_ln813_4837_fu_11495_p2   |         +|   0|  0|  18|          11|           8|
    |add_ln813_4881_fu_11510_p2   |         +|   0|  0|  18|          11|          11|
    |add_ln813_4882_fu_11941_p2   |         +|   0|  0|  20|          13|          13|
    |add_ln813_4883_fu_11516_p2   |         +|   0|  0|  17|          10|          10|
    |add_ln813_4884_fu_11231_p2   |         +|   0|  0|  14|           7|           7|
    |add_ln813_4885_fu_11528_p2   |         +|   0|  0|  18|          11|          11|
    |add_ln813_4887_fu_11534_p2   |         +|   0|  0|  19|          12|          12|
    |add_ln813_4888_fu_11540_p2   |         +|   0|  0|  18|          11|          11|
    |add_ln813_4889_fu_11966_p2   |         +|   0|  0|  17|          13|          13|
    |add_ln813_4890_fu_11546_p2   |         +|   0|  0|  17|          11|          11|
    |add_ln813_4891_fu_11237_p2   |         +|   0|  0|  13|           6|           6|
    |add_ln813_4892_fu_11555_p2   |         +|   0|  0|  16|           9|           9|
    |add_ln813_4893_fu_11565_p2   |         +|   0|  0|  17|          11|          11|
    |add_ln813_4895_fu_11571_p2   |         +|   0|  0|  18|          11|          11|
    |add_ln813_4896_fu_11581_p2   |         +|   0|  0|  17|          10|          10|
    |add_ln813_4897_fu_11591_p2   |         +|   0|  0|  19|          12|          12|
    |add_ln813_4898_fu_11984_p2   |         +|   0|  0|  17|          11|          11|
    |add_ln813_4899_fu_11821_p2   |         +|   0|  0|  18|          10|           8|
    |add_ln813_4900_fu_11826_p2   |         +|   0|  0|  18|          10|          10|
    |add_ln813_4901_fu_11836_p2   |         +|   0|  0|  18|          11|          11|
    |add_ln813_4902_fu_11597_p2   |         +|   0|  0|  16|           9|           9|
    |add_ln813_4903_fu_11607_p2   |         +|   0|  0|  17|          10|          10|
    |add_ln813_4904_fu_11993_p2   |         +|   0|  0|  17|          11|          11|
    |add_ln813_4906_fu_11613_p2   |         +|   0|  0|  19|          12|          12|
    |add_ln813_4907_fu_11619_p2   |         +|   0|  0|  18|          11|          11|
    |add_ln813_4908_fu_11629_p2   |         +|   0|  0|  19|          12|          12|
    |add_ln813_4909_fu_12015_p2   |         +|   0|  0|  20|          13|          13|
    |add_ln813_4910_fu_11635_p2   |         +|   0|  0|  17|          10|          10|
    |add_ln813_4911_fu_11645_p2   |         +|   0|  0|  17|          12|          12|
    |add_ln813_4912_fu_11243_p2   |         +|   0|  0|  15|           8|           8|
    |add_ln813_4913_fu_11654_p2   |         +|   0|  0|  16|           9|           8|
    |add_ln813_4914_fu_11664_p2   |         +|   0|  0|  17|          12|          12|
    |add_ln813_4916_fu_11670_p2   |         +|   0|  0|  19|          12|          12|
    |add_ln813_4917_fu_11676_p2   |         +|   0|  0|  17|          10|          10|
    |add_ln813_4918_fu_11686_p2   |         +|   0|  0|  19|          12|          12|
    |add_ln813_4919_fu_12040_p2   |         +|   0|  0|  17|          13|          13|
    |add_ln813_4920_fu_11692_p2   |         +|   0|  0|  16|           9|           8|
    |add_ln813_4921_fu_11249_p2   |         +|   0|  0|  18|           9|           9|
    |add_ln813_4922_fu_11255_p2   |         +|   0|  0|  18|           9|           9|
    |add_ln813_4923_fu_11704_p2   |         +|   0|  0|  17|          10|          10|
    |add_ln813_4925_fu_11710_p2   |         +|   0|  0|  19|          12|          12|
    |add_ln813_4926_fu_11716_p2   |         +|   0|  0|  18|          11|          11|
    |add_ln813_4927_fu_11726_p2   |         +|   0|  0|  19|          12|          12|
    |add_ln813_4928_fu_12061_p2   |         +|   0|  0|  20|          13|          13|
    |add_ln813_4929_fu_11732_p2   |         +|   0|  0|  17|          10|          10|
    |add_ln813_4930_fu_11742_p2   |         +|   0|  0|  17|          12|          12|
    |add_ln813_4931_fu_11748_p2   |         +|   0|  0|  18|          10|           7|
    |add_ln813_4932_fu_11754_p2   |         +|   0|  0|  18|          10|          10|
    |add_ln813_4933_fu_11764_p2   |         +|   0|  0|  17|          12|          12|
    |add_ln813_4935_fu_11770_p2   |         +|   0|  0|  18|          11|          11|
    |add_ln813_4936_fu_11776_p2   |         +|   0|  0|  18|          11|          11|
    |add_ln813_4937_fu_11786_p2   |         +|   0|  0|  19|          12|          12|
    |add_ln813_4938_fu_12086_p2   |         +|   0|  0|  20|          13|          13|
    |add_ln813_4939_fu_11792_p2   |         +|   0|  0|  17|          10|          10|
    |add_ln813_4940_fu_11261_p2   |         +|   0|  0|  15|           8|           8|
    |add_ln813_4941_fu_11805_p2   |         +|   0|  0|  17|          10|          10|
    |add_ln813_4942_fu_11815_p2   |         +|   0|  0|  19|          12|          12|
    |add_ln813_4944_fu_11842_p2   |         +|   0|  0|  18|          11|          11|
    |add_ln813_4945_fu_12111_p2   |         +|   0|  0|  19|          12|          12|
    |add_ln813_4946_fu_11848_p2   |         +|   0|  0|  17|          10|          10|
    |add_ln813_4947_fu_11267_p2   |         +|   0|  0|  17|          10|          10|
    |add_ln813_4948_fu_11861_p2   |         +|   0|  0|  18|          11|          11|
    |add_ln813_4950_fu_11878_p2   |         +|   0|  0|  19|          12|          12|
    |add_ln813_4951_fu_11888_p2   |         +|   0|  0|  18|          11|          11|
    |add_ln813_4952_fu_11898_p2   |         +|   0|  0|  20|          13|          13|
    |add_ln813_4953_fu_11904_p2   |         +|   0|  0|  17|          12|          12|
    |add_ln813_4954_fu_11273_p2   |         +|   0|  0|  17|          10|          10|
    |add_ln813_4955_fu_11913_p2   |         +|   0|  0|  18|          11|          11|
    |add_ln813_4956_fu_11923_p2   |         +|   0|  0|  17|          12|          12|
    |add_ln813_fu_11504_p2        |         +|   0|  0|  19|          12|          12|
    |r_V_3799_fu_9699_p2          |         +|   0|  0|  23|          16|          16|
    |r_V_3812_fu_9983_p2          |         +|   0|  0|  23|          16|          16|
    |r_V_3818_fu_10127_p2         |         +|   0|  0|  20|          13|          13|
    |r_V_3819_fu_10162_p2         |         +|   0|  0|  22|          15|          15|
    |r_V_3826_fu_10330_p2         |         +|   0|  0|  22|          15|          15|
    |r_V_3829_fu_10393_p2         |         +|   0|  0|  22|          15|          15|
    |r_V_3835_fu_10508_p2         |         +|   0|  0|  21|          14|          14|
    |r_V_3844_fu_10763_p2         |         +|   0|  0|  23|          16|          16|
    |r_V_3853_fu_10964_p2         |         +|   0|  0|  20|          13|          13|
    |r_V_3855_fu_11448_p2         |         +|   0|  0|  23|          16|          16|
    |r_V_3856_fu_11005_p2         |         +|   0|  0|  22|          15|          15|
    |r_V_3858_fu_11052_p2         |         +|   0|  0|  24|          17|          17|
    |r_V_3862_fu_11169_p2         |         +|   0|  0|  23|          16|          16|
    |r_V_3864_fu_11195_p2         |         +|   0|  0|  22|          15|          15|
    |x_V_23_fu_12003_p2           |         +|   0|  0|  20|          13|          13|
    |x_V_24_fu_12028_p2           |         +|   0|  0|  21|          14|          14|
    |x_V_25_fu_12049_p2           |         +|   0|  0|  17|          13|          13|
    |x_V_26_fu_12074_p2           |         +|   0|  0|  21|          14|          14|
    |x_V_27_fu_12099_p2           |         +|   0|  0|  21|          14|          14|
    |x_V_28_fu_12124_p2           |         +|   0|  0|  20|          13|          13|
    |x_V_29_fu_12136_p2           |         +|   0|  0|  21|          14|          14|
    |x_V_30_fu_11954_p2           |         +|   0|  0|  21|          14|          14|
    |x_V_fu_11975_p2              |         +|   0|  0|  17|          13|          13|
    |r_V_3795_fu_9602_p2          |         -|   0|  0|  22|          15|          15|
    |r_V_3796_fu_9629_p2          |         -|   0|  0|  24|          17|          17|
    |r_V_3797_fu_9656_p2          |         -|   0|  0|  23|          16|          16|
    |r_V_3798_fu_9672_p2          |         -|   0|  0|  23|          16|          16|
    |r_V_3801_fu_9740_p2          |         -|   0|  0|  18|           1|          11|
    |r_V_3802_fu_9771_p2          |         -|   0|  0|  21|          14|          14|
    |r_V_3803_fu_9819_p2          |         -|   0|  0|  23|          16|          16|
    |r_V_3805_fu_9845_p2          |         -|   0|  0|  22|          15|          15|
    |r_V_3810_fu_9925_p2          |         -|   0|  0|  21|          14|          14|
    |r_V_3811_fu_9952_p2          |         -|   0|  0|  22|           1|          15|
    |r_V_3813_fu_10010_p2         |         -|   0|  0|  20|          13|          13|
    |r_V_3815_fu_10044_p2         |         -|   0|  0|  22|          15|          15|
    |r_V_3817_fu_10111_p2         |         -|   0|  0|  22|          15|          15|
    |r_V_3822_fu_10209_p2         |         -|   0|  0|  23|           1|          16|
    |r_V_3823_fu_10225_p2         |         -|   0|  0|  23|          16|          16|
    |r_V_3825_fu_10314_p2         |         -|   0|  0|  23|          16|          16|
    |r_V_3827_fu_10367_p2         |         -|   0|  0|  24|          17|          17|
    |r_V_3831_fu_10419_p2         |         -|   0|  0|  19|           1|          12|
    |r_V_3836_fu_10539_p2         |         -|   0|  0|  22|           1|          15|
    |r_V_3837_fu_10559_p2         |         -|   0|  0|  23|          16|          16|
    |r_V_3838_fu_10575_p2         |         -|   0|  0|  19|           1|          12|
    |r_V_3839_fu_10606_p2         |         -|   0|  0|  23|          16|          16|
    |r_V_3840_fu_10641_p2         |         -|   0|  0|  19|           1|          12|
    |r_V_3841_fu_10681_p2         |         -|   0|  0|  22|          15|          15|
    |r_V_3845_fu_10790_p2         |         -|   0|  0|  22|          15|          15|
    |r_V_3846_fu_10816_p2         |         -|   0|  0|  24|          17|          17|
    |r_V_3850_fu_10865_p2         |         -|   0|  0|  24|          17|          17|
    |r_V_3851_fu_10881_p2         |         -|   0|  0|  19|           1|          12|
    |r_V_3852_fu_10929_p2         |         -|   0|  0|  22|          15|          15|
    |r_V_3857_fu_11021_p2         |         -|   0|  0|  22|          15|          15|
    |r_V_3859_fu_11105_p2         |         -|   0|  0|  21|          14|          14|
    |r_V_3861_fu_11142_p2         |         -|   0|  0|  22|           1|          15|
    |r_V_3865_fu_11215_p2         |         -|   0|  0|  23|          16|          16|
    |sub_ln1273_1828_fu_9798_p2   |         -|   0|  0|  22|           1|          15|
    |sub_ln1273_1836_fu_10304_p2  |         -|   0|  0|  22|           1|          15|
    |sub_ln1273_1838_fu_10346_p2  |         -|   0|  0|  23|           1|          16|
    |sub_ln1273_1846_fu_10671_p2  |         -|   0|  0|  21|           1|          14|
    |sub_ln1273_1849_fu_10806_p2  |         -|   0|  0|  23|           1|          16|
    |sub_ln1273_1853_fu_10919_p2  |         -|   0|  0|  21|           1|          14|
    |sub_ln1273_1856_fu_11095_p2  |         -|   0|  0|  20|           1|          13|
    |sub_ln1273_fu_9573_p2        |         -|   0|  0|  21|           1|          14|
    |ap_block_pp0_stage0_11001    |        or|   0|  0|   2|           1|           1|
    |ap_enable_pp0                |       xor|   0|  0|   2|           1|           2|
    +-----------------------------+----------+----+---+----+------------+------------+
    |Total                        |          |   0|  0|2624|        1484|        1695|
    +-----------------------------+----------+----+---+----+------------+------------+

    * Multiplexer: 
    +-------------+----+-----------+-----+-----------+
    |     Name    | LUT| Input Size| Bits| Total Bits|
    +-------------+----+-----------+-----+-----------+
    |ap_done      |   9|          2|    1|          2|
    |ap_return_0  |   9|          2|   16|         32|
    |ap_return_1  |   9|          2|   16|         32|
    |ap_return_2  |   9|          2|   16|         32|
    |ap_return_3  |   9|          2|   16|         32|
    |ap_return_4  |   9|          2|   16|         32|
    |ap_return_5  |   9|          2|   16|         32|
    |ap_return_6  |   9|          2|   16|         32|
    |ap_return_7  |   9|          2|   16|         32|
    |ap_return_8  |   9|          2|   16|         32|
    +-------------+----+-----------+-----+-----------+
    |Total        |  90|         20|  145|        290|
    +-------------+----+-----------+-----+-----------+

    * Register: 
    +------------------------------------------+----+----+-----+-----------+
    |                   Name                   | FF | LUT| Bits| Const Bits|
    +------------------------------------------+----+----+-----+-----------+
    |add_ln813_4881_reg_12771                  |  11|   0|   11|          0|
    |add_ln813_4884_reg_12731                  |   7|   0|    7|          0|
    |add_ln813_4885_reg_12776                  |  11|   0|   11|          0|
    |add_ln813_4887_reg_12781                  |  12|   0|   12|          0|
    |add_ln813_4888_reg_12786                  |  11|   0|   11|          0|
    |add_ln813_4891_reg_12736                  |   6|   0|    6|          0|
    |add_ln813_4893_reg_12791                  |  11|   0|   11|          0|
    |add_ln813_4897_reg_12796                  |  12|   0|   12|          0|
    |add_ln813_4901_reg_12866                  |  11|   0|   11|          0|
    |add_ln813_4903_reg_12801                  |  10|   0|   10|          0|
    |add_ln813_4906_reg_12806                  |  12|   0|   12|          0|
    |add_ln813_4908_reg_12811                  |  12|   0|   12|          0|
    |add_ln813_4912_reg_12741                  |   8|   0|    8|          0|
    |add_ln813_4914_reg_12816                  |  12|   0|   12|          0|
    |add_ln813_4916_reg_12821                  |  12|   0|   12|          0|
    |add_ln813_4918_reg_12826                  |  12|   0|   12|          0|
    |add_ln813_4922_reg_12746                  |   9|   0|    9|          0|
    |add_ln813_4923_reg_12831                  |  10|   0|   10|          0|
    |add_ln813_4925_reg_12836                  |  12|   0|   12|          0|
    |add_ln813_4927_reg_12841                  |  12|   0|   12|          0|
    |add_ln813_4933_reg_12846                  |  12|   0|   12|          0|
    |add_ln813_4935_reg_12851                  |  11|   0|   11|          0|
    |add_ln813_4937_reg_12856                  |  12|   0|   12|          0|
    |add_ln813_4940_reg_12751                  |   8|   0|    8|          0|
    |add_ln813_4942_reg_12861                  |  12|   0|   12|          0|
    |add_ln813_4944_reg_12871                  |  11|   0|   11|          0|
    |add_ln813_4947_reg_12756                  |  10|   0|   10|          0|
    |add_ln813_4948_reg_12876                  |  11|   0|   11|          0|
    |add_ln813_4952_reg_12881                  |  13|   0|   13|          0|
    |add_ln813_4954_reg_12761                  |  10|   0|   10|          0|
    |add_ln813_4956_reg_12886                  |  12|   0|   12|          0|
    |add_ln813_reg_12766                       |  12|   0|   12|          0|
    |ap_CS_fsm                                 |   1|   0|    1|          0|
    |ap_done_reg                               |   1|   0|    1|          0|
    |ap_enable_reg_pp0_iter1                   |   1|   0|    1|          0|
    |ap_enable_reg_pp0_iter2                   |   1|   0|    1|          0|
    |ap_enable_reg_pp0_iter3                   |   1|   0|    1|          0|
    |ap_return_0_preg                          |  16|   0|   22|          6|
    |ap_return_1_preg                          |  16|   0|   22|          6|
    |ap_return_2_preg                          |  16|   0|   22|          6|
    |ap_return_3_preg                          |  16|   0|   22|          6|
    |ap_return_4_preg                          |  16|   0|   22|          6|
    |ap_return_5_preg                          |  16|   0|   22|          6|
    |ap_return_6_preg                          |  16|   0|   22|          6|
    |ap_return_7_preg                          |  16|   0|   22|          6|
    |ap_return_8_preg                          |  16|   0|   22|          6|
    |lshr_ln818_135_reg_12418                  |   8|   0|    8|          0|
    |lshr_ln818_135_reg_12418_pp0_iter1_reg    |   8|   0|    8|          0|
    |lshr_ln818_s_reg_12413                    |   9|   0|    9|          0|
    |lshr_ln818_s_reg_12413_pp0_iter1_reg      |   9|   0|    9|          0|
    |p_read119_reg_12386                       |  10|   0|   10|          0|
    |p_read18_reg_12397                        |  10|   0|   10|          0|
    |p_read220_reg_12375                       |  10|   0|   10|          0|
    |p_read321_reg_12364                       |  10|   0|   10|          0|
    |p_read422_reg_12353                       |  10|   0|   10|          0|
    |p_read523_reg_12343                       |  10|   0|   10|          0|
    |p_read624_reg_12335                       |  10|   0|   10|          0|
    |p_read725_reg_12325                       |  10|   0|   10|          0|
    |p_read826_reg_12313                       |  10|   0|   10|          0|
    |p_read826_reg_12313_pp0_iter1_reg         |  10|   0|   10|          0|
    |p_read927_reg_12304                       |  10|   0|   10|          0|
    |trunc_ln1270_1_reg_12534                  |   9|   0|    9|          0|
    |trunc_ln1270_2_reg_12539                  |   9|   0|    9|          0|
    |trunc_ln1270_3_reg_12634                  |   9|   0|    9|          0|
    |trunc_ln1270_4_reg_12424                  |   6|   0|    6|          0|
    |trunc_ln1270_5_reg_12659                  |  10|   0|   10|          0|
    |trunc_ln1270_6_reg_12664                  |  10|   0|   10|          0|
    |trunc_ln1270_7_reg_12716                  |  10|   0|   10|          0|
    |trunc_ln1270_8_reg_12721                  |  10|   0|   10|          0|
    |trunc_ln1273_231_reg_12514                |  10|   0|   10|          0|
    |trunc_ln1273_232_reg_12519                |   8|   0|    8|          0|
    |trunc_ln1273_234_reg_12544                |  10|   0|   10|          0|
    |trunc_ln1273_235_reg_12559                |  10|   0|   10|          0|
    |trunc_ln1273_236_reg_12569                |   9|   0|    9|          0|
    |trunc_ln1273_237_reg_12584                |   9|   0|    9|          0|
    |trunc_ln1273_238_reg_12594                |   9|   0|    9|          0|
    |trunc_ln1273_239_reg_12599                |   9|   0|    9|          0|
    |trunc_ln1273_239_reg_12599_pp0_iter2_reg  |   9|   0|    9|          0|
    |trunc_ln1273_241_reg_12644                |  10|   0|   10|          0|
    |trunc_ln1273_242_reg_12669                |   9|   0|    9|          0|
    |trunc_ln1273_245_reg_12690                |   9|   0|    9|          0|
    |trunc_ln1273_246_reg_12705                |   8|   0|    8|          0|
    |trunc_ln1273_s_reg_12484                  |   8|   0|    8|          0|
    |trunc_ln1_reg_12408                       |   4|   0|    4|          0|
    |trunc_ln1_reg_12408_pp0_iter1_reg         |   4|   0|    4|          0|
    |trunc_ln2_reg_12459                       |  11|   0|   11|          0|
    |trunc_ln3_reg_12524                       |  10|   0|   10|          0|
    |trunc_ln70_67_reg_12695                   |  11|   0|   11|          0|
    |trunc_ln70_s_reg_12639                    |  10|   0|   10|          0|
    |trunc_ln818_3513_reg_12439                |  11|   0|   11|          0|
    |trunc_ln818_3514_reg_12444                |  10|   0|   10|          0|
    |trunc_ln818_3515_reg_12449                |  10|   0|   10|          0|
    |trunc_ln818_3516_reg_12454                |  10|   0|   10|          0|
    |trunc_ln818_3518_reg_12464                |   8|   0|    8|          0|
    |trunc_ln818_3519_reg_12469                |  10|   0|   10|          0|
    |trunc_ln818_3520_reg_12474                |  10|   0|   10|          0|
    |trunc_ln818_3521_reg_12479                |   9|   0|    9|          0|
    |trunc_ln818_3522_reg_12489                |  10|   0|   10|          0|
    |trunc_ln818_3523_reg_12494                |  10|   0|   10|          0|
    |trunc_ln818_3524_reg_12499                |  10|   0|   10|          0|
    |trunc_ln818_3525_reg_12504                |   8|   0|    8|          0|
    |trunc_ln818_3526_reg_12509                |   9|   0|    9|          0|
    |trunc_ln818_3529_reg_12529                |   9|   0|    9|          0|
    |trunc_ln818_3530_reg_12549                |  10|   0|   10|          0|
    |trunc_ln818_3531_reg_12554                |  10|   0|   10|          0|
    |trunc_ln818_3532_reg_12564                |  10|   0|   10|          0|
    |trunc_ln818_3533_reg_12574                |  11|   0|   11|          0|
    |trunc_ln818_3534_reg_12579                |  11|   0|   11|          0|
    |trunc_ln818_3535_reg_12589                |  10|   0|   10|          0|
    |trunc_ln818_3537_reg_12604                |  10|   0|   10|          0|
    |trunc_ln818_3538_reg_12609                |   9|   0|    9|          0|
    |trunc_ln818_3539_reg_12614                |  10|   0|   10|          0|
    |trunc_ln818_3541_reg_12619                |  10|   0|   10|          0|
    |trunc_ln818_3542_reg_12624                |   6|   0|    6|          0|
    |trunc_ln818_3543_reg_12629                |   9|   0|    9|          0|
    |trunc_ln818_3544_reg_12649                |   9|   0|    9|          0|
    |trunc_ln818_3544_reg_12649_pp0_iter2_reg  |   9|   0|    9|          0|
    |trunc_ln818_3545_reg_12654                |  11|   0|   11|          0|
    |trunc_ln818_3546_reg_12674                |  11|   0|   11|          0|
    |trunc_ln818_3548_reg_12679                |   9|   0|    9|          0|
    |trunc_ln818_3549_reg_12685                |   9|   0|    9|          0|
    |trunc_ln818_3551_reg_12700                |   8|   0|    8|          0|
    |trunc_ln818_3552_reg_12710                |   9|   0|    9|          0|
    |trunc_ln818_3553_reg_12726                |  10|   0|   10|          0|
    |trunc_ln818_s_reg_12434                   |   9|   0|    9|          0|
    |trunc_ln_reg_12429                        |  11|   0|   11|          0|
    +------------------------------------------+----+----+-----+-----------+
    |Total                                     |1245|   0| 1299|         54|
    +------------------------------------------+----+----+-----+-----------+



================================================================
== Interface
================================================================
* Summary: 
+-------------+-----+-----+------------+------------------------------------------------------------------------------+--------------+
|  RTL Ports  | Dir | Bits|  Protocol  |                                 Source Object                                |    C Type    |
+-------------+-----+-----+------------+------------------------------------------------------------------------------+--------------+
|ap_clk       |   in|    1|  ap_ctrl_hs|  dense_latency<ap_fixed<16, 6, 5, 3, 0>, ap_fixed<30, 14, 5, 3, 0>, config17>|  return value|
|ap_rst       |   in|    1|  ap_ctrl_hs|  dense_latency<ap_fixed<16, 6, 5, 3, 0>, ap_fixed<30, 14, 5, 3, 0>, config17>|  return value|
|ap_start     |   in|    1|  ap_ctrl_hs|  dense_latency<ap_fixed<16, 6, 5, 3, 0>, ap_fixed<30, 14, 5, 3, 0>, config17>|  return value|
|ap_done      |  out|    1|  ap_ctrl_hs|  dense_latency<ap_fixed<16, 6, 5, 3, 0>, ap_fixed<30, 14, 5, 3, 0>, config17>|  return value|
|ap_continue  |   in|    1|  ap_ctrl_hs|  dense_latency<ap_fixed<16, 6, 5, 3, 0>, ap_fixed<30, 14, 5, 3, 0>, config17>|  return value|
|ap_idle      |  out|    1|  ap_ctrl_hs|  dense_latency<ap_fixed<16, 6, 5, 3, 0>, ap_fixed<30, 14, 5, 3, 0>, config17>|  return value|
|ap_ready     |  out|    1|  ap_ctrl_hs|  dense_latency<ap_fixed<16, 6, 5, 3, 0>, ap_fixed<30, 14, 5, 3, 0>, config17>|  return value|
|ap_return_0  |  out|   22|  ap_ctrl_hs|  dense_latency<ap_fixed<16, 6, 5, 3, 0>, ap_fixed<30, 14, 5, 3, 0>, config17>|  return value|
|ap_return_1  |  out|   22|  ap_ctrl_hs|  dense_latency<ap_fixed<16, 6, 5, 3, 0>, ap_fixed<30, 14, 5, 3, 0>, config17>|  return value|
|ap_return_2  |  out|   22|  ap_ctrl_hs|  dense_latency<ap_fixed<16, 6, 5, 3, 0>, ap_fixed<30, 14, 5, 3, 0>, config17>|  return value|
|ap_return_3  |  out|   22|  ap_ctrl_hs|  dense_latency<ap_fixed<16, 6, 5, 3, 0>, ap_fixed<30, 14, 5, 3, 0>, config17>|  return value|
|ap_return_4  |  out|   22|  ap_ctrl_hs|  dense_latency<ap_fixed<16, 6, 5, 3, 0>, ap_fixed<30, 14, 5, 3, 0>, config17>|  return value|
|ap_return_5  |  out|   22|  ap_ctrl_hs|  dense_latency<ap_fixed<16, 6, 5, 3, 0>, ap_fixed<30, 14, 5, 3, 0>, config17>|  return value|
|ap_return_6  |  out|   22|  ap_ctrl_hs|  dense_latency<ap_fixed<16, 6, 5, 3, 0>, ap_fixed<30, 14, 5, 3, 0>, config17>|  return value|
|ap_return_7  |  out|   22|  ap_ctrl_hs|  dense_latency<ap_fixed<16, 6, 5, 3, 0>, ap_fixed<30, 14, 5, 3, 0>, config17>|  return value|
|ap_return_8  |  out|   22|  ap_ctrl_hs|  dense_latency<ap_fixed<16, 6, 5, 3, 0>, ap_fixed<30, 14, 5, 3, 0>, config17>|  return value|
|p_read       |   in|   10|     ap_none|                                                                        p_read|        scalar|
|p_read1      |   in|   10|     ap_none|                                                                       p_read1|        scalar|
|p_read2      |   in|   10|     ap_none|                                                                       p_read2|        scalar|
|p_read3      |   in|   10|     ap_none|                                                                       p_read3|        scalar|
|p_read4      |   in|   10|     ap_none|                                                                       p_read4|        scalar|
|p_read5      |   in|   10|     ap_none|                                                                       p_read5|        scalar|
|p_read6      |   in|   10|     ap_none|                                                                       p_read6|        scalar|
|p_read7      |   in|   10|     ap_none|                                                                       p_read7|        scalar|
|p_read8      |   in|   10|     ap_none|                                                                       p_read8|        scalar|
|p_read9      |   in|   10|     ap_none|                                                                       p_read9|        scalar|
+-------------+-----+-----+------------+------------------------------------------------------------------------------+--------------+

