

================================================================
== Vitis HLS Report for 'dense_latency_ap_fixed_16_6_5_3_0_ap_fixed_30_14_5_3_0_config11_s'
================================================================
* Date:           Fri Mar 21 14:33:56 2025

* Version:        2022.2 (Build 3670227 on Oct 13 2022)
* Project:        JetTaggerNN_prj
* Solution:       solution1 (Vivado IP Flow Target)
* Product family: virtexuplus
* Target device:  xcvu9p-flga2104-2L-e


================================================================
== Performance Estimates
================================================================
+ Timing: 
    * Summary: 
    +--------+---------+----------+------------+
    |  Clock |  Target | Estimated| Uncertainty|
    +--------+---------+----------+------------+
    |ap_clk  |  2.80 ns|  1.727 ns|     0.76 ns|
    +--------+---------+----------+------------+

+ Latency: 
    * Summary: 
    +---------+---------+-----------+-----------+-----+-----+---------+
    |  Latency (cycles) |   Latency (absolute)  |  Interval | Pipeline|
    |   min   |   max   |    min    |    max    | min | max |   Type  |
    +---------+---------+-----------+-----------+-----+-----+---------+
    |        4|        4|  11.200 ns|  11.200 ns|    1|    1|      yes|
    +---------+---------+-----------+-----------+-----+-----+---------+

    + Detail: 
        * Instance: 
        N/A

        * Loop: 
        N/A



================================================================
== Utilization Estimates
================================================================
* Summary: 
+---------------------+---------+------+---------+---------+-----+
|         Name        | BRAM_18K|  DSP |    FF   |   LUT   | URAM|
+---------------------+---------+------+---------+---------+-----+
|DSP                  |        -|     -|        -|        -|    -|
|Expression           |        -|     -|        0|     8372|    -|
|FIFO                 |        -|     -|        -|        -|    -|
|Instance             |        -|     0|        0|     7068|    -|
|Memory               |        -|     -|        -|        -|    -|
|Multiplexer          |        -|     -|        -|      297|    -|
|Register             |        -|     -|     4614|      224|    -|
+---------------------+---------+------+---------+---------+-----+
|Total                |        0|     0|     4614|    15961|    0|
+---------------------+---------+------+---------+---------+-----+
|Available SLR        |     1440|  2280|   788160|   394080|  320|
+---------------------+---------+------+---------+---------+-----+
|Utilization SLR (%)  |        0|     0|       ~0|        4|    0|
+---------------------+---------+------+---------+---------+-----+
|Available            |     4320|  6840|  2364480|  1182240|  960|
+---------------------+---------+------+---------+---------+-----+
|Utilization (%)      |        0|     0|       ~0|        1|    0|
+---------------------+---------+------+---------+---------+-----+

+ Detail: 
    * Instance: 
    +---------------------------+---------------------+---------+----+---+----+-----+
    |          Instance         |        Module       | BRAM_18K| DSP| FF| LUT| URAM|
    +---------------------------+---------------------+---------+----+---+----+-----+
    |mul_10ns_5ns_14_1_1_U3245  |mul_10ns_5ns_14_1_1  |        0|   0|  0|  62|    0|
    |mul_10ns_5ns_14_1_1_U3257  |mul_10ns_5ns_14_1_1  |        0|   0|  0|  62|    0|
    |mul_10ns_5ns_14_1_1_U3268  |mul_10ns_5ns_14_1_1  |        0|   0|  0|  62|    0|
    |mul_10ns_5ns_14_1_1_U3276  |mul_10ns_5ns_14_1_1  |        0|   0|  0|  62|    0|
    |mul_10ns_5ns_14_1_1_U3282  |mul_10ns_5ns_14_1_1  |        0|   0|  0|  62|    0|
    |mul_10ns_5ns_14_1_1_U3286  |mul_10ns_5ns_14_1_1  |        0|   0|  0|  62|    0|
    |mul_10ns_5s_15_1_1_U3234   |mul_10ns_5s_15_1_1   |        0|   0|  0|  62|    0|
    |mul_10ns_5s_15_1_1_U3243   |mul_10ns_5s_15_1_1   |        0|   0|  0|  62|    0|
    |mul_10ns_5s_15_1_1_U3275   |mul_10ns_5s_15_1_1   |        0|   0|  0|  62|    0|
    |mul_10ns_5s_15_1_1_U3280   |mul_10ns_5s_15_1_1   |        0|   0|  0|  62|    0|
    |mul_10ns_5s_15_1_1_U3302   |mul_10ns_5s_15_1_1   |        0|   0|  0|  62|    0|
    |mul_10ns_5s_15_1_1_U3314   |mul_10ns_5s_15_1_1   |        0|   0|  0|  62|    0|
    |mul_10ns_5s_15_1_1_U3330   |mul_10ns_5s_15_1_1   |        0|   0|  0|  62|    0|
    |mul_10ns_5s_15_1_1_U3335   |mul_10ns_5s_15_1_1   |        0|   0|  0|  62|    0|
    |mul_10ns_6ns_15_1_1_U3229  |mul_10ns_6ns_15_1_1  |        0|   0|  0|  62|    0|
    |mul_10ns_6ns_15_1_1_U3232  |mul_10ns_6ns_15_1_1  |        0|   0|  0|  62|    0|
    |mul_10ns_6ns_15_1_1_U3235  |mul_10ns_6ns_15_1_1  |        0|   0|  0|  62|    0|
    |mul_10ns_6ns_15_1_1_U3237  |mul_10ns_6ns_15_1_1  |        0|   0|  0|  62|    0|
    |mul_10ns_6ns_15_1_1_U3242  |mul_10ns_6ns_15_1_1  |        0|   0|  0|  62|    0|
    |mul_10ns_6ns_15_1_1_U3246  |mul_10ns_6ns_15_1_1  |        0|   0|  0|  62|    0|
    |mul_10ns_6ns_15_1_1_U3258  |mul_10ns_6ns_15_1_1  |        0|   0|  0|  62|    0|
    |mul_10ns_6ns_15_1_1_U3260  |mul_10ns_6ns_15_1_1  |        0|   0|  0|  62|    0|
    |mul_10ns_6ns_15_1_1_U3264  |mul_10ns_6ns_15_1_1  |        0|   0|  0|  62|    0|
    |mul_10ns_6ns_15_1_1_U3265  |mul_10ns_6ns_15_1_1  |        0|   0|  0|  62|    0|
    |mul_10ns_6ns_15_1_1_U3266  |mul_10ns_6ns_15_1_1  |        0|   0|  0|  62|    0|
    |mul_10ns_6ns_15_1_1_U3269  |mul_10ns_6ns_15_1_1  |        0|   0|  0|  62|    0|
    |mul_10ns_6ns_15_1_1_U3271  |mul_10ns_6ns_15_1_1  |        0|   0|  0|  62|    0|
    |mul_10ns_6ns_15_1_1_U3279  |mul_10ns_6ns_15_1_1  |        0|   0|  0|  62|    0|
    |mul_10ns_6ns_15_1_1_U3285  |mul_10ns_6ns_15_1_1  |        0|   0|  0|  62|    0|
    |mul_10ns_6ns_15_1_1_U3295  |mul_10ns_6ns_15_1_1  |        0|   0|  0|  62|    0|
    |mul_10ns_6ns_15_1_1_U3296  |mul_10ns_6ns_15_1_1  |        0|   0|  0|  62|    0|
    |mul_10ns_6ns_15_1_1_U3301  |mul_10ns_6ns_15_1_1  |        0|   0|  0|  62|    0|
    |mul_10ns_6ns_15_1_1_U3303  |mul_10ns_6ns_15_1_1  |        0|   0|  0|  62|    0|
    |mul_10ns_6ns_15_1_1_U3307  |mul_10ns_6ns_15_1_1  |        0|   0|  0|  62|    0|
    |mul_10ns_6ns_15_1_1_U3320  |mul_10ns_6ns_15_1_1  |        0|   0|  0|  62|    0|
    |mul_10ns_6ns_15_1_1_U3321  |mul_10ns_6ns_15_1_1  |        0|   0|  0|  62|    0|
    |mul_10ns_6ns_15_1_1_U3324  |mul_10ns_6ns_15_1_1  |        0|   0|  0|  62|    0|
    |mul_10ns_6ns_15_1_1_U3328  |mul_10ns_6ns_15_1_1  |        0|   0|  0|  62|    0|
    |mul_10ns_6ns_15_1_1_U3339  |mul_10ns_6ns_15_1_1  |        0|   0|  0|  62|    0|
    |mul_10ns_6s_16_1_1_U3231   |mul_10ns_6s_16_1_1   |        0|   0|  0|  62|    0|
    |mul_10ns_6s_16_1_1_U3233   |mul_10ns_6s_16_1_1   |        0|   0|  0|  62|    0|
    |mul_10ns_6s_16_1_1_U3238   |mul_10ns_6s_16_1_1   |        0|   0|  0|  62|    0|
    |mul_10ns_6s_16_1_1_U3239   |mul_10ns_6s_16_1_1   |        0|   0|  0|  62|    0|
    |mul_10ns_6s_16_1_1_U3248   |mul_10ns_6s_16_1_1   |        0|   0|  0|  62|    0|
    |mul_10ns_6s_16_1_1_U3249   |mul_10ns_6s_16_1_1   |        0|   0|  0|  62|    0|
    |mul_10ns_6s_16_1_1_U3251   |mul_10ns_6s_16_1_1   |        0|   0|  0|  62|    0|
    |mul_10ns_6s_16_1_1_U3256   |mul_10ns_6s_16_1_1   |        0|   0|  0|  62|    0|
    |mul_10ns_6s_16_1_1_U3259   |mul_10ns_6s_16_1_1   |        0|   0|  0|  62|    0|
    |mul_10ns_6s_16_1_1_U3261   |mul_10ns_6s_16_1_1   |        0|   0|  0|  62|    0|
    |mul_10ns_6s_16_1_1_U3263   |mul_10ns_6s_16_1_1   |        0|   0|  0|  62|    0|
    |mul_10ns_6s_16_1_1_U3270   |mul_10ns_6s_16_1_1   |        0|   0|  0|  62|    0|
    |mul_10ns_6s_16_1_1_U3273   |mul_10ns_6s_16_1_1   |        0|   0|  0|  62|    0|
    |mul_10ns_6s_16_1_1_U3274   |mul_10ns_6s_16_1_1   |        0|   0|  0|  62|    0|
    |mul_10ns_6s_16_1_1_U3278   |mul_10ns_6s_16_1_1   |        0|   0|  0|  62|    0|
    |mul_10ns_6s_16_1_1_U3283   |mul_10ns_6s_16_1_1   |        0|   0|  0|  62|    0|
    |mul_10ns_6s_16_1_1_U3290   |mul_10ns_6s_16_1_1   |        0|   0|  0|  62|    0|
    |mul_10ns_6s_16_1_1_U3291   |mul_10ns_6s_16_1_1   |        0|   0|  0|  62|    0|
    |mul_10ns_6s_16_1_1_U3298   |mul_10ns_6s_16_1_1   |        0|   0|  0|  62|    0|
    |mul_10ns_6s_16_1_1_U3300   |mul_10ns_6s_16_1_1   |        0|   0|  0|  62|    0|
    |mul_10ns_6s_16_1_1_U3309   |mul_10ns_6s_16_1_1   |        0|   0|  0|  62|    0|
    |mul_10ns_6s_16_1_1_U3313   |mul_10ns_6s_16_1_1   |        0|   0|  0|  62|    0|
    |mul_10ns_6s_16_1_1_U3315   |mul_10ns_6s_16_1_1   |        0|   0|  0|  62|    0|
    |mul_10ns_6s_16_1_1_U3317   |mul_10ns_6s_16_1_1   |        0|   0|  0|  62|    0|
    |mul_10ns_6s_16_1_1_U3325   |mul_10ns_6s_16_1_1   |        0|   0|  0|  62|    0|
    |mul_10ns_6s_16_1_1_U3326   |mul_10ns_6s_16_1_1   |        0|   0|  0|  62|    0|
    |mul_10ns_6s_16_1_1_U3333   |mul_10ns_6s_16_1_1   |        0|   0|  0|  62|    0|
    |mul_10ns_7ns_16_1_1_U3227  |mul_10ns_7ns_16_1_1  |        0|   0|  0|  62|    0|
    |mul_10ns_7ns_16_1_1_U3244  |mul_10ns_7ns_16_1_1  |        0|   0|  0|  62|    0|
    |mul_10ns_7ns_16_1_1_U3247  |mul_10ns_7ns_16_1_1  |        0|   0|  0|  62|    0|
    |mul_10ns_7ns_16_1_1_U3267  |mul_10ns_7ns_16_1_1  |        0|   0|  0|  62|    0|
    |mul_10ns_7ns_16_1_1_U3277  |mul_10ns_7ns_16_1_1  |        0|   0|  0|  62|    0|
    |mul_10ns_7ns_16_1_1_U3284  |mul_10ns_7ns_16_1_1  |        0|   0|  0|  62|    0|
    |mul_10ns_7ns_16_1_1_U3287  |mul_10ns_7ns_16_1_1  |        0|   0|  0|  62|    0|
    |mul_10ns_7ns_16_1_1_U3294  |mul_10ns_7ns_16_1_1  |        0|   0|  0|  62|    0|
    |mul_10ns_7ns_16_1_1_U3297  |mul_10ns_7ns_16_1_1  |        0|   0|  0|  62|    0|
    |mul_10ns_7ns_16_1_1_U3299  |mul_10ns_7ns_16_1_1  |        0|   0|  0|  62|    0|
    |mul_10ns_7ns_16_1_1_U3318  |mul_10ns_7ns_16_1_1  |        0|   0|  0|  62|    0|
    |mul_10ns_7ns_16_1_1_U3322  |mul_10ns_7ns_16_1_1  |        0|   0|  0|  62|    0|
    |mul_10ns_7ns_16_1_1_U3327  |mul_10ns_7ns_16_1_1  |        0|   0|  0|  62|    0|
    |mul_10ns_7ns_16_1_1_U3334  |mul_10ns_7ns_16_1_1  |        0|   0|  0|  62|    0|
    |mul_10ns_7ns_16_1_1_U3336  |mul_10ns_7ns_16_1_1  |        0|   0|  0|  62|    0|
    |mul_10ns_7ns_16_1_1_U3337  |mul_10ns_7ns_16_1_1  |        0|   0|  0|  62|    0|
    |mul_10ns_7ns_16_1_1_U3340  |mul_10ns_7ns_16_1_1  |        0|   0|  0|  62|    0|
    |mul_10ns_7s_17_1_1_U3230   |mul_10ns_7s_17_1_1   |        0|   0|  0|  62|    0|
    |mul_10ns_7s_17_1_1_U3250   |mul_10ns_7s_17_1_1   |        0|   0|  0|  62|    0|
    |mul_10ns_7s_17_1_1_U3255   |mul_10ns_7s_17_1_1   |        0|   0|  0|  62|    0|
    |mul_10ns_7s_17_1_1_U3262   |mul_10ns_7s_17_1_1   |        0|   0|  0|  62|    0|
    |mul_10ns_7s_17_1_1_U3281   |mul_10ns_7s_17_1_1   |        0|   0|  0|  62|    0|
    |mul_10ns_7s_17_1_1_U3292   |mul_10ns_7s_17_1_1   |        0|   0|  0|  62|    0|
    |mul_10ns_7s_17_1_1_U3304   |mul_10ns_7s_17_1_1   |        0|   0|  0|  62|    0|
    |mul_10ns_7s_17_1_1_U3311   |mul_10ns_7s_17_1_1   |        0|   0|  0|  62|    0|
    |mul_10ns_7s_17_1_1_U3316   |mul_10ns_7s_17_1_1   |        0|   0|  0|  62|    0|
    |mul_10ns_7s_17_1_1_U3319   |mul_10ns_7s_17_1_1   |        0|   0|  0|  62|    0|
    |mul_10ns_7s_17_1_1_U3323   |mul_10ns_7s_17_1_1   |        0|   0|  0|  62|    0|
    |mul_10ns_7s_17_1_1_U3332   |mul_10ns_7s_17_1_1   |        0|   0|  0|  62|    0|
    |mul_10ns_7s_17_1_1_U3338   |mul_10ns_7s_17_1_1   |        0|   0|  0|  62|    0|
    |mul_10ns_8ns_17_1_1_U3228  |mul_10ns_8ns_17_1_1  |        0|   0|  0|  62|    0|
    |mul_10ns_8ns_17_1_1_U3236  |mul_10ns_8ns_17_1_1  |        0|   0|  0|  62|    0|
    |mul_10ns_8ns_17_1_1_U3253  |mul_10ns_8ns_17_1_1  |        0|   0|  0|  62|    0|
    |mul_10ns_8ns_17_1_1_U3289  |mul_10ns_8ns_17_1_1  |        0|   0|  0|  62|    0|
    |mul_10ns_8ns_17_1_1_U3305  |mul_10ns_8ns_17_1_1  |        0|   0|  0|  62|    0|
    |mul_10ns_8ns_17_1_1_U3306  |mul_10ns_8ns_17_1_1  |        0|   0|  0|  62|    0|
    |mul_10ns_8ns_17_1_1_U3308  |mul_10ns_8ns_17_1_1  |        0|   0|  0|  62|    0|
    |mul_10ns_8ns_17_1_1_U3310  |mul_10ns_8ns_17_1_1  |        0|   0|  0|  62|    0|
    |mul_10ns_8ns_17_1_1_U3312  |mul_10ns_8ns_17_1_1  |        0|   0|  0|  62|    0|
    |mul_10ns_8ns_17_1_1_U3329  |mul_10ns_8ns_17_1_1  |        0|   0|  0|  62|    0|
    |mul_10ns_8s_18_1_1_U3240   |mul_10ns_8s_18_1_1   |        0|   0|  0|  62|    0|
    |mul_10ns_8s_18_1_1_U3241   |mul_10ns_8s_18_1_1   |        0|   0|  0|  62|    0|
    |mul_10ns_8s_18_1_1_U3252   |mul_10ns_8s_18_1_1   |        0|   0|  0|  62|    0|
    |mul_10ns_8s_18_1_1_U3254   |mul_10ns_8s_18_1_1   |        0|   0|  0|  62|    0|
    |mul_10ns_8s_18_1_1_U3288   |mul_10ns_8s_18_1_1   |        0|   0|  0|  62|    0|
    |mul_10ns_8s_18_1_1_U3293   |mul_10ns_8s_18_1_1   |        0|   0|  0|  62|    0|
    |mul_10ns_8s_18_1_1_U3331   |mul_10ns_8s_18_1_1   |        0|   0|  0|  62|    0|
    |mul_10ns_9ns_18_1_1_U3272  |mul_10ns_9ns_18_1_1  |        0|   0|  0|  62|    0|
    +---------------------------+---------------------+---------+----+---+----+-----+
    |Total                      |                     |        0|   0|  0|7068|    0|
    +---------------------------+---------------------+---------+----+---+----+-----+

    * DSP: 
    N/A

    * Memory: 
    N/A

    * FIFO: 
    N/A

    * Expression: 
    +------------------------------+----------+----+---+----+------------+------------+
    |         Variable Name        | Operation| DSP| FF| LUT| Bitwidth P0| Bitwidth P1|
    +------------------------------+----------+----+---+----+------------+------------+
    |add_ln813_4923_fu_130485_p2   |         +|   0|  0|  17|          10|           8|
    |add_ln813_4931_fu_131578_p2   |         +|   0|  0|  19|          12|           7|
    |add_ln813_4949_fu_130503_p2   |         +|   0|  0|  16|           9|           6|
    |add_ln813_4950_fu_130513_p2   |         +|   0|  0|  17|          10|          10|
    |add_ln813_4958_fu_131499_p2   |         +|   0|  0|  18|          11|          11|
    |add_ln813_4959_fu_131509_p2   |         +|   0|  0|  20|          13|          13|
    |add_ln813_4960_fu_130473_p2   |         +|   0|  0|  18|          11|          11|
    |add_ln813_4961_fu_130479_p2   |         +|   0|  0|  17|          10|          10|
    |add_ln813_4962_fu_131521_p2   |         +|   0|  0|  18|          11|          11|
    |add_ln813_4963_fu_131531_p2   |         +|   0|  0|  19|          12|          12|
    |add_ln813_4965_fu_131540_p2   |         +|   0|  0|  19|          12|          12|
    |add_ln813_4966_fu_130491_p2   |         +|   0|  0|  18|          11|          11|
    |add_ln813_4967_fu_131553_p2   |         +|   0|  0|  20|          13|          13|
    |add_ln813_4968_fu_131559_p2   |         +|   0|  0|  18|          11|          11|
    |add_ln813_4969_fu_130497_p2   |         +|   0|  0|  16|           9|           9|
    |add_ln813_4970_fu_131572_p2   |         +|   0|  0|  19|          12|          12|
    |add_ln813_4972_fu_131588_p2   |         +|   0|  0|  20|          13|          13|
    |add_ln813_4973_fu_131594_p2   |         +|   0|  0|  19|          12|          12|
    |add_ln813_4974_fu_133084_p2   |         +|   0|  0|  16|          14|          14|
    |add_ln813_4975_fu_131600_p2   |         +|   0|  0|  17|          10|          10|
    |add_ln813_4976_fu_131610_p2   |         +|   0|  0|  17|          10|          10|
    |add_ln813_4977_fu_131620_p2   |         +|   0|  0|  18|          11|          11|
    |add_ln813_4978_fu_131842_p2   |         +|   0|  0|  17|          12|           7|
    |add_ln813_4980_fu_131626_p2   |         +|   0|  0|  19|          12|          12|
    |add_ln813_4981_fu_131632_p2   |         +|   0|  0|  18|          11|          11|
    |add_ln813_4982_fu_131642_p2   |         +|   0|  0|  19|          12|          12|
    |add_ln813_4983_fu_133105_p2   |         +|   0|  0|  20|          13|          13|
    |add_ln813_4984_fu_131648_p2   |         +|   0|  0|  17|          10|          10|
    |add_ln813_4985_fu_131658_p2   |         +|   0|  0|  18|          11|          11|
    |add_ln813_4986_fu_131664_p2   |         +|   0|  0|  16|           9|           6|
    |add_ln813_4987_fu_131674_p2   |         +|   0|  0|  17|          10|          10|
    |add_ln813_4988_fu_133121_p2   |         +|   0|  0|  19|          12|          12|
    |add_ln813_4990_fu_131683_p2   |         +|   0|  0|  18|          11|          11|
    |add_ln813_4991_fu_131693_p2   |         +|   0|  0|  18|          11|          11|
    |add_ln813_4992_fu_131703_p2   |         +|   0|  0|  19|          12|          12|
    |add_ln813_4993_fu_131709_p2   |         +|   0|  0|  18|          11|          11|
    |add_ln813_4994_fu_130519_p2   |         +|   0|  0|  17|          10|          10|
    |add_ln813_4995_fu_131722_p2   |         +|   0|  0|  18|          11|          11|
    |add_ln813_4996_fu_131954_p2   |         +|   0|  0|  17|          10|           6|
    |add_ln813_4997_fu_131963_p2   |         +|   0|  0|  17|          11|          11|
    |add_ln813_4998_fu_131969_p2   |         +|   0|  0|  17|          11|          11|
    |add_ln813_4999_fu_131732_p2   |         +|   0|  0|  19|          12|          12|
    |add_ln813_5001_fu_131738_p2   |         +|   0|  0|  19|          12|          12|
    |add_ln813_5002_fu_131744_p2   |         +|   0|  0|  17|          12|          12|
    |add_ln813_5003_fu_131750_p2   |         +|   0|  0|  17|          12|          12|
    |add_ln813_5004_fu_133155_p2   |         +|   0|  0|  20|          13|          13|
    |add_ln813_5005_fu_131756_p2   |         +|   0|  0|  18|          11|          11|
    |add_ln813_5006_fu_131766_p2   |         +|   0|  0|  17|          12|          12|
    |add_ln813_5007_fu_130525_p2   |         +|   0|  0|  15|           8|           6|
    |add_ln813_5008_fu_131775_p2   |         +|   0|  0|  17|          10|          10|
    |add_ln813_5009_fu_131785_p2   |         +|   0|  0|  17|          12|          12|
    |add_ln813_5011_fu_131791_p2   |         +|   0|  0|  18|          11|          11|
    |add_ln813_5012_fu_130531_p2   |         +|   0|  0|  17|          10|          10|
    |add_ln813_5013_fu_131804_p2   |         +|   0|  0|  18|          11|          11|
    |add_ln813_5014_fu_131814_p2   |         +|   0|  0|  19|          12|          12|
    |add_ln813_5015_fu_131820_p2   |         +|   0|  0|  17|          10|          10|
    |add_ln813_5016_fu_131826_p2   |         +|   0|  0|  16|           9|           9|
    |add_ln813_5017_fu_131836_p2   |         +|   0|  0|  17|          10|          10|
    |add_ln813_5018_fu_133183_p2   |         +|   0|  0|  19|          12|          12|
    |add_ln813_5020_fu_131848_p2   |         +|   0|  0|  17|          12|          12|
    |add_ln813_5021_fu_131858_p2   |         +|   0|  0|  19|          12|          12|
    |add_ln813_5022_fu_131868_p2   |         +|   0|  0|  20|          13|          13|
    |add_ln813_5023_fu_131874_p2   |         +|   0|  0|  17|          10|          10|
    |add_ln813_5024_fu_130537_p2   |         +|   0|  0|  17|          10|          10|
    |add_ln813_5025_fu_131887_p2   |         +|   0|  0|  18|          11|          11|
    |add_ln813_5026_fu_131897_p2   |         +|   0|  0|  19|          12|          12|
    |add_ln813_5028_fu_131903_p2   |         +|   0|  0|  19|          12|          12|
    |add_ln813_5029_fu_131909_p2   |         +|   0|  0|  18|          11|          11|
    |add_ln813_5030_fu_130573_p2   |         +|   0|  0|  17|          10|           6|
    |add_ln813_5031_fu_130583_p2   |         +|   0|  0|  18|          11|          11|
    |add_ln813_5032_fu_132153_p2   |         +|   0|  0|  19|          12|          12|
    |add_ln813_5033_fu_131919_p2   |         +|   0|  0|  19|          12|          12|
    |add_ln813_5034_fu_133217_p2   |         +|   0|  0|  20|          13|          13|
    |add_ln813_5035_fu_131925_p2   |         +|   0|  0|  18|          11|          11|
    |add_ln813_5036_fu_130543_p2   |         +|   0|  0|  16|           9|           6|
    |add_ln813_5037_fu_132178_p2   |         +|   0|  0|  18|          10|           9|
    |add_ln813_5038_fu_132184_p2   |         +|   0|  0|  18|          10|          10|
    |add_ln813_5039_fu_132194_p2   |         +|   0|  0|  17|          11|          11|
    |add_ln813_5040_fu_132200_p2   |         +|   0|  0|  17|          11|          11|
    |add_ln813_5041_fu_131938_p2   |         +|   0|  0|  17|          10|          10|
    |add_ln813_5042_fu_131948_p2   |         +|   0|  0|  19|          12|          12|
    |add_ln813_5044_fu_131975_p2   |         +|   0|  0|  19|          12|          12|
    |add_ln813_5045_fu_132222_p2   |         +|   0|  0|  16|           9|           9|
    |add_ln813_5046_fu_132232_p2   |         +|   0|  0|  18|          11|          11|
    |add_ln813_5047_fu_133242_p2   |         +|   0|  0|  20|          13|          13|
    |add_ln813_5048_fu_131981_p2   |         +|   0|  0|  18|          11|          11|
    |add_ln813_5049_fu_131991_p2   |         +|   0|  0|  18|          11|          11|
    |add_ln813_5050_fu_132001_p2   |         +|   0|  0|  20|          13|          13|
    |add_ln813_5052_fu_132007_p2   |         +|   0|  0|  20|          13|          13|
    |add_ln813_5053_fu_130549_p2   |         +|   0|  0|  17|          10|          10|
    |add_ln813_5054_fu_132016_p2   |         +|   0|  0|  17|          13|          13|
    |add_ln813_5055_fu_130555_p2   |         +|   0|  0|  17|          10|          10|
    |add_ln813_5056_fu_132036_p2   |         +|   0|  0|  18|          11|          11|
    |add_ln813_5058_fu_133261_p2   |         +|   0|  0|  20|          13|          13|
    |add_ln813_5059_fu_132052_p2   |         +|   0|  0|  17|          12|          12|
    |add_ln813_5060_fu_132058_p2   |         +|   0|  0|  17|          12|          12|
    |add_ln813_5061_fu_133274_p2   |         +|   0|  0|  16|          14|          14|
    |add_ln813_5062_fu_132064_p2   |         +|   0|  0|  17|          10|          10|
    |add_ln813_5063_fu_132323_p2   |         +|   0|  0|  18|          11|          10|
    |add_ln813_5064_fu_132074_p2   |         +|   0|  0|  17|          12|          12|
    |add_ln813_5065_fu_130561_p2   |         +|   0|  0|  16|           9|           7|
    |add_ln813_5066_fu_132083_p2   |         +|   0|  0|  18|          11|          11|
    |add_ln813_5067_fu_132093_p2   |         +|   0|  0|  17|          12|          12|
    |add_ln813_5069_fu_132099_p2   |         +|   0|  0|  19|          12|          12|
    |add_ln813_5070_fu_132109_p2   |         +|   0|  0|  18|          11|          11|
    |add_ln813_5071_fu_132119_p2   |         +|   0|  0|  20|          13|          13|
    |add_ln813_5072_fu_132125_p2   |         +|   0|  0|  17|          12|          12|
    |add_ln813_5073_fu_130567_p2   |         +|   0|  0|  17|          10|          10|
    |add_ln813_5074_fu_132134_p2   |         +|   0|  0|  18|          11|          11|
    |add_ln813_5075_fu_132144_p2   |         +|   0|  0|  17|          12|          12|
    |add_ln813_5077_fu_132163_p2   |         +|   0|  0|  17|          13|          13|
    |add_ln813_5078_fu_130589_p2   |         +|   0|  0|  17|          12|          12|
    |add_ln813_5079_fu_132421_p2   |         +|   0|  0|  19|          12|           8|
    |add_ln813_5080_fu_130595_p2   |         +|   0|  0|  17|          12|          12|
    |add_ln813_5082_fu_133304_p2   |         +|   0|  0|  17|          13|          13|
    |add_ln813_5083_fu_132206_p2   |         +|   0|  0|  18|          11|          11|
    |add_ln813_5084_fu_132216_p2   |         +|   0|  0|  19|          12|          12|
    |add_ln813_5086_fu_132238_p2   |         +|   0|  0|  19|          12|          12|
    |add_ln813_5087_fu_133325_p2   |         +|   0|  0|  17|          13|          13|
    |add_ln813_5088_fu_132244_p2   |         +|   0|  0|  18|          11|          11|
    |add_ln813_5089_fu_132254_p2   |         +|   0|  0|  17|          10|          10|
    |add_ln813_5090_fu_132264_p2   |         +|   0|  0|  19|          12|          12|
    |add_ln813_5092_fu_132270_p2   |         +|   0|  0|  18|          11|          11|
    |add_ln813_5093_fu_132276_p2   |         +|   0|  0|  18|          11|          11|
    |add_ln813_5094_fu_132286_p2   |         +|   0|  0|  19|          12|          12|
    |add_ln813_5095_fu_133346_p2   |         +|   0|  0|  17|          13|          13|
    |add_ln813_5096_fu_132292_p2   |         +|   0|  0|  18|          11|          11|
    |add_ln813_5097_fu_132298_p2   |         +|   0|  0|  17|          11|          11|
    |add_ln813_5098_fu_130601_p2   |         +|   0|  0|  15|           8|           7|
    |add_ln813_5099_fu_132307_p2   |         +|   0|  0|  16|           9|           9|
    |add_ln813_5100_fu_132317_p2   |         +|   0|  0|  17|          11|          11|
    |add_ln813_5102_fu_132332_p2   |         +|   0|  0|  19|          12|          12|
    |add_ln813_5103_fu_132342_p2   |         +|   0|  0|  20|          13|          13|
    |add_ln813_5104_fu_132348_p2   |         +|   0|  0|  17|          12|          12|
    |add_ln813_5105_fu_132354_p2   |         +|   0|  0|  16|           9|           9|
    |add_ln813_5106_fu_132364_p2   |         +|   0|  0|  17|          12|          12|
    |add_ln813_5108_fu_130648_p2   |         +|   0|  0|  16|           9|           9|
    |add_ln813_5109_fu_132370_p2   |         +|   0|  0|  19|          12|          12|
    |add_ln813_5110_fu_130607_p2   |         +|   0|  0|  17|          10|          10|
    |add_ln813_5111_fu_132383_p2   |         +|   0|  0|  18|          11|          11|
    |add_ln813_5112_fu_132393_p2   |         +|   0|  0|  17|          13|          13|
    |add_ln813_5113_fu_130613_p2   |         +|   0|  0|  16|           9|           8|
    |add_ln813_5114_fu_126003_p2   |         +|   0|  0|  16|           9|           9|
    |add_ln813_5115_fu_130621_p2   |         +|   0|  0|  17|          10|          10|
    |add_ln813_5116_fu_132405_p2   |         +|   0|  0|  18|          11|          11|
    |add_ln813_5118_fu_132431_p2   |         +|   0|  0|  20|          13|          13|
    |add_ln813_5119_fu_132437_p2   |         +|   0|  0|  19|          12|          12|
    |add_ln813_5120_fu_132447_p2   |         +|   0|  0|  20|          13|          13|
    |add_ln813_5121_fu_133379_p2   |         +|   0|  0|  16|          14|          14|
    |add_ln813_5122_fu_132453_p2   |         +|   0|  0|  18|          11|          11|
    |add_ln813_5123_fu_126146_p2   |         +|   0|  0|  15|           8|           8|
    |add_ln813_5124_fu_130630_p2   |         +|   0|  0|  17|          10|          10|
    |add_ln813_5125_fu_132466_p2   |         +|   0|  0|  19|          12|          12|
    |add_ln813_5127_fu_133394_p2   |         +|   0|  0|  20|          13|          13|
    |add_ln813_5128_fu_132472_p2   |         +|   0|  0|  18|          11|          11|
    |add_ln813_5129_fu_132482_p2   |         +|   0|  0|  19|          12|          12|
    |add_ln813_5130_fu_133407_p2   |         +|   0|  0|  16|          14|          14|
    |add_ln813_5131_fu_132488_p2   |         +|   0|  0|  17|          12|          12|
    |add_ln813_5132_fu_130636_p2   |         +|   0|  0|  15|           8|           5|
    |add_ln813_5133_fu_132497_p2   |         +|   0|  0|  18|          11|          11|
    |add_ln813_5134_fu_132507_p2   |         +|   0|  0|  17|          12|          12|
    |add_ln813_5136_fu_132513_p2   |         +|   0|  0|  19|          12|          12|
    |add_ln813_5137_fu_132519_p2   |         +|   0|  0|  18|          11|          11|
    |add_ln813_5138_fu_132529_p2   |         +|   0|  0|  19|          12|          12|
    |add_ln813_5139_fu_133428_p2   |         +|   0|  0|  20|          13|          13|
    |add_ln813_5140_fu_132535_p2   |         +|   0|  0|  18|          11|          11|
    |add_ln813_5141_fu_132545_p2   |         +|   0|  0|  17|          12|          12|
    |add_ln813_5142_fu_130642_p2   |         +|   0|  0|  15|           8|           5|
    |add_ln813_5143_fu_132554_p2   |         +|   0|  0|  16|           9|           9|
    |add_ln813_5144_fu_132564_p2   |         +|   0|  0|  17|          12|          12|
    |add_ln813_5146_fu_132573_p2   |         +|   0|  0|  19|          12|          12|
    |add_ln813_5147_fu_132583_p2   |         +|   0|  0|  19|          12|          12|
    |add_ln813_5148_fu_132593_p2   |         +|   0|  0|  17|          13|          13|
    |add_ln813_5149_fu_132599_p2   |         +|   0|  0|  17|          13|          13|
    |add_ln813_5150_fu_130654_p2   |         +|   0|  0|  18|          11|          11|
    |add_ln813_5151_fu_130660_p2   |         +|   0|  0|  17|          10|          10|
    |add_ln813_5152_fu_132611_p2   |         +|   0|  0|  18|          11|          11|
    |add_ln813_5153_fu_132621_p2   |         +|   0|  0|  19|          12|          12|
    |add_ln813_5155_fu_132627_p2   |         +|   0|  0|  19|          12|          12|
    |add_ln813_5156_fu_132637_p2   |         +|   0|  0|  19|          12|          12|
    |add_ln813_5157_fu_132647_p2   |         +|   0|  0|  20|          13|          13|
    |add_ln813_5158_fu_132653_p2   |         +|   0|  0|  18|          11|          11|
    |add_ln813_5159_fu_132659_p2   |         +|   0|  0|  16|           9|           9|
    |add_ln813_5160_fu_132669_p2   |         +|   0|  0|  17|          10|          10|
    |add_ln813_5161_fu_133468_p2   |         +|   0|  0|  19|          12|          12|
    |add_ln813_5162_fu_132845_p2   |         +|   0|  0|  18|          11|           9|
    |add_ln813_5163_fu_132854_p2   |         +|   0|  0|  17|          12|          12|
    |add_ln813_5165_fu_133484_p2   |         +|   0|  0|  20|          13|          13|
    |add_ln813_5166_fu_130666_p2   |         +|   0|  0|  18|          11|          11|
    |add_ln813_5167_fu_132678_p2   |         +|   0|  0|  19|          12|          12|
    |add_ln813_5168_fu_133497_p2   |         +|   0|  0|  16|          14|          14|
    |add_ln813_5169_fu_132684_p2   |         +|   0|  0|  17|          10|          10|
    |add_ln813_5170_fu_130672_p2   |         +|   0|  0|  16|           9|           5|
    |add_ln813_5171_fu_132894_p2   |         +|   0|  0|  18|          11|           8|
    |add_ln813_5172_fu_130681_p2   |         +|   0|  0|  17|          10|          10|
    |add_ln813_5173_fu_132697_p2   |         +|   0|  0|  18|          11|          11|
    |add_ln813_5175_fu_132703_p2   |         +|   0|  0|  18|          11|          11|
    |add_ln813_5176_fu_132713_p2   |         +|   0|  0|  17|          11|          11|
    |add_ln813_5177_fu_132719_p2   |         +|   0|  0|  17|          11|          11|
    |add_ln813_5178_fu_132729_p2   |         +|   0|  0|  19|          12|          12|
    |add_ln813_5179_fu_132735_p2   |         +|   0|  0|  17|          11|          11|
    |add_ln813_5180_fu_132741_p2   |         +|   0|  0|  17|          11|          11|
    |add_ln813_5181_fu_132947_p2   |         +|   0|  0|  17|          12|           9|
    |add_ln813_5182_fu_132953_p2   |         +|   0|  0|  17|          12|          12|
    |add_ln813_5183_fu_130687_p2   |         +|   0|  0|  15|           8|           6|
    |add_ln813_5184_fu_132754_p2   |         +|   0|  0|  17|          10|          10|
    |add_ln813_5185_fu_132764_p2   |         +|   0|  0|  19|          12|          12|
    |add_ln813_5187_fu_133524_p2   |         +|   0|  0|  20|          13|          13|
    |add_ln813_5188_fu_132770_p2   |         +|   0|  0|  18|          11|          11|
    |add_ln813_5189_fu_133537_p2   |         +|   0|  0|  16|          14|          14|
    |add_ln813_5190_fu_132776_p2   |         +|   0|  0|  17|          10|          10|
    |add_ln813_5191_fu_132782_p2   |         +|   0|  0|  17|          10|           8|
    |add_ln813_5192_fu_132792_p2   |         +|   0|  0|  18|          11|          11|
    |add_ln813_5193_fu_133549_p2   |         +|   0|  0|  19|          12|          12|
    |add_ln813_5195_fu_132798_p2   |         +|   0|  0|  19|          12|          12|
    |add_ln813_5196_fu_132804_p2   |         +|   0|  0|  18|          11|          11|
    |add_ln813_5197_fu_132814_p2   |         +|   0|  0|  19|          12|          12|
    |add_ln813_5198_fu_133571_p2   |         +|   0|  0|  20|          13|          13|
    |add_ln813_5199_fu_132820_p2   |         +|   0|  0|  17|          11|          11|
    |add_ln813_5200_fu_130693_p2   |         +|   0|  0|  16|           9|           9|
    |add_ln813_5201_fu_132829_p2   |         +|   0|  0|  17|          10|           8|
    |add_ln813_5202_fu_132839_p2   |         +|   0|  0|  17|          11|          11|
    |add_ln813_5204_fu_132860_p2   |         +|   0|  0|  17|          12|          12|
    |add_ln813_5205_fu_132866_p2   |         +|   0|  0|  18|          11|          11|
    |add_ln813_5206_fu_133596_p2   |         +|   0|  0|  16|          14|          14|
    |add_ln813_5207_fu_132872_p2   |         +|   0|  0|  17|          12|          12|
    |add_ln813_5208_fu_132878_p2   |         +|   0|  0|  17|          10|          10|
    |add_ln813_5209_fu_132888_p2   |         +|   0|  0|  17|          12|          12|
    |add_ln813_5211_fu_132903_p2   |         +|   0|  0|  20|          13|          13|
    |add_ln813_5212_fu_132909_p2   |         +|   0|  0|  18|          11|          11|
    |add_ln813_5213_fu_132919_p2   |         +|   0|  0|  19|          12|          12|
    |add_ln813_5214_fu_133617_p2   |         +|   0|  0|  16|          14|          14|
    |add_ln813_5215_fu_130699_p2   |         +|   0|  0|  18|          11|          11|
    |add_ln813_5216_fu_130705_p2   |         +|   0|  0|  17|          10|          10|
    |add_ln813_5217_fu_132931_p2   |         +|   0|  0|  19|          12|          12|
    |add_ln813_5218_fu_132941_p2   |         +|   0|  0|  20|          13|          13|
    |add_ln813_5220_fu_133635_p2   |         +|   0|  0|  20|          13|          13|
    |add_ln813_5221_fu_132959_p2   |         +|   0|  0|  19|          12|          12|
    |add_ln813_5222_fu_133648_p2   |         +|   0|  0|  16|          14|          14|
    |add_ln813_5223_fu_132965_p2   |         +|   0|  0|  17|          10|          10|
    |add_ln813_5224_fu_130711_p2   |         +|   0|  0|  15|           8|           8|
    |add_ln813_5225_fu_132978_p2   |         +|   0|  0|  18|          11|          11|
    |add_ln813_5227_fu_133663_p2   |         +|   0|  0|  20|          13|          13|
    |add_ln813_5228_fu_132984_p2   |         +|   0|  0|  19|          12|          12|
    |add_ln813_5229_fu_133676_p2   |         +|   0|  0|  20|          13|          13|
    |add_ln813_5230_fu_133686_p2   |         +|   0|  0|  16|          14|          14|
    |add_ln813_5231_fu_132990_p2   |         +|   0|  0|  17|          12|          12|
    |add_ln813_5232_fu_130717_p2   |         +|   0|  0|  16|           9|           8|
    |add_ln813_5233_fu_132999_p2   |         +|   0|  0|  18|          11|          11|
    |add_ln813_5234_fu_133009_p2   |         +|   0|  0|  17|          12|          12|
    |add_ln813_fu_131489_p2        |         +|   0|  0|  19|          12|          12|
    |r_V_3867_fu_126251_p2         |         +|   0|  0|  22|          15|          15|
    |r_V_3885_fu_126492_p2         |         +|   0|  0|  23|          16|          16|
    |r_V_3900_fu_126758_p2         |         +|   0|  0|  24|          17|          17|
    |r_V_3921_fu_127121_p2         |         +|   0|  0|  20|          13|          13|
    |r_V_3925_fu_127203_p2         |         +|   0|  0|  21|          14|          14|
    |r_V_3929_fu_127280_p2         |         +|   0|  0|  22|          15|          15|
    |r_V_3937_fu_127378_p2         |         +|   0|  0|  22|          15|          15|
    |r_V_3944_fu_127507_p2         |         +|   0|  0|  23|          16|          16|
    |r_V_3950_fu_127638_p2         |         +|   0|  0|  21|          14|          14|
    |r_V_3951_fu_127658_p2         |         +|   0|  0|  23|          16|          16|
    |r_V_3958_fu_127757_p2         |         +|   0|  0|  22|          15|          15|
    |r_V_3976_fu_128125_p2         |         +|   0|  0|  21|          14|          14|
    |r_V_3985_fu_128279_p2         |         +|   0|  0|  23|          16|          16|
    |r_V_3989_fu_128412_p2         |         +|   0|  0|  21|          14|          14|
    |r_V_3992_fu_128482_p2         |         +|   0|  0|  22|          15|          15|
    |r_V_4008_fu_128747_p2         |         +|   0|  0|  21|          14|          14|
    |r_V_4011_fu_128790_p2         |         +|   0|  0|  20|          13|          13|
    |r_V_4020_fu_129002_p2         |         +|   0|  0|  22|          15|          15|
    |r_V_4034_fu_129258_p2         |         +|   0|  0|  23|          16|          16|
    |r_V_4045_fu_129511_p2         |         +|   0|  0|  23|          16|          16|
    |r_V_4070_fu_129955_p2         |         +|   0|  0|  23|          16|          16|
    |r_V_4098_fu_130295_p2         |         +|   0|  0|  22|          15|          15|
    |r_V_4105_fu_130387_p2         |         +|   0|  0|  21|          14|          14|
    |r_V_4108_fu_130447_p2         |         +|   0|  0|  21|          14|          14|
    |x_V_31_fu_133143_p2           |         +|   0|  0|  20|          13|          13|
    |x_V_32_fu_133060_p2           |         +|   0|  0|  21|          14|          14|
    |x_V_33_fu_133168_p2           |         +|   0|  0|  21|          14|          14|
    |x_V_34_fu_133193_p2           |         +|   0|  0|  20|          13|          13|
    |x_V_35_fu_133205_p2           |         +|   0|  0|  21|          14|          14|
    |x_V_36_fu_133230_p2           |         +|   0|  0|  21|          14|          14|
    |x_V_37_fu_133255_p2           |         +|   0|  0|  21|          14|          14|
    |x_V_38_fu_132046_p2           |         +|   0|  0|  17|          13|          13|
    |x_V_39_fu_133283_p2           |         +|   0|  0|  16|          14|          14|
    |x_V_40_fu_133295_p2           |         +|   0|  0|  21|          14|          14|
    |x_V_41_fu_132172_p2           |         +|   0|  0|  17|          13|          13|
    |x_V_42_fu_133313_p2           |         +|   0|  0|  17|          13|          13|
    |x_V_43_fu_133334_p2           |         +|   0|  0|  17|          13|          13|
    |x_V_44_fu_133355_p2           |         +|   0|  0|  17|          13|          13|
    |x_V_45_fu_133367_p2           |         +|   0|  0|  21|          14|          14|
    |x_V_46_fu_132415_p2           |         +|   0|  0|  17|          13|          13|
    |x_V_47_fu_133388_p2           |         +|   0|  0|  16|          14|          14|
    |x_V_48_fu_133416_p2           |         +|   0|  0|  16|          14|          14|
    |x_V_49_fu_133441_p2           |         +|   0|  0|  21|          14|          14|
    |x_V_50_fu_133453_p2           |         +|   0|  0|  21|          14|          14|
    |x_V_51_fu_133478_p2           |         +|   0|  0|  21|          14|          14|
    |x_V_52_fu_133506_p2           |         +|   0|  0|  16|          14|          14|
    |x_V_53_fu_133518_p2           |         +|   0|  0|  20|          13|          13|
    |x_V_54_fu_133559_p2           |         +|   0|  0|  16|          14|          14|
    |x_V_55_fu_133072_p2           |         +|   0|  0|  21|          14|          14|
    |x_V_56_fu_133584_p2           |         +|   0|  0|  21|          14|          14|
    |x_V_57_fu_133605_p2           |         +|   0|  0|  16|          14|          14|
    |x_V_58_fu_133626_p2           |         +|   0|  0|  16|          14|          14|
    |x_V_59_fu_133093_p2           |         +|   0|  0|  16|          14|          14|
    |x_V_60_fu_133657_p2           |         +|   0|  0|  16|          14|          14|
    |x_V_61_fu_133695_p2           |         +|   0|  0|  16|          14|          14|
    |x_V_fu_133131_p2              |         +|   0|  0|  21|          14|          14|
    |r_V_3868_fu_126267_p2         |         -|   0|  0|  23|          16|          16|
    |r_V_3869_fu_126294_p2         |         -|   0|  0|  21|          14|          14|
    |r_V_3871_fu_126323_p2         |         -|   0|  0|  21|          14|          14|
    |r_V_3873_fu_126364_p2         |         -|   0|  0|  25|          18|          18|
    |r_V_3874_fu_126380_p2         |         -|   0|  0|  21|          14|          14|
    |r_V_3875_fu_126399_p2         |         -|   0|  0|  22|          15|          15|
    |r_V_3882_fu_126465_p2         |         -|   0|  0|  24|          17|          17|
    |r_V_3892_fu_126599_p2         |         -|   0|  0|  24|          17|          17|
    |r_V_3893_fu_126662_p2         |         -|   0|  0|  23|          16|          16|
    |r_V_3896_fu_126698_p2         |         -|   0|  0|  22|          15|          15|
    |r_V_3902_fu_126774_p2         |         -|   0|  0|  24|          17|          17|
    |r_V_3903_fu_126794_p2         |         -|   0|  0|  20|          13|          13|
    |r_V_3907_fu_126844_p2         |         -|   0|  0|  22|          15|          15|
    |r_V_3908_fu_126589_p2         |         -|   0|  0|  23|           1|          16|
    |r_V_3909_fu_126873_p2         |         -|   0|  0|  22|          15|          15|
    |r_V_3910_fu_126900_p2         |         -|   0|  0|  21|          14|          14|
    |r_V_3914_fu_126999_p2         |         -|   0|  0|  23|          16|          16|
    |r_V_3918_fu_127074_p2         |         -|   0|  0|  22|          15|          15|
    |r_V_3924_fu_127168_p2         |         -|   0|  0|  24|          17|          17|
    |r_V_3927_fu_127244_p2         |         -|   0|  0|  23|          16|          16|
    |r_V_3928_fu_127260_p2         |         -|   0|  0|  20|          13|          13|
    |r_V_3930_fu_127296_p2         |         -|   0|  0|  21|          14|          14|
    |r_V_3933_fu_127332_p2         |         -|   0|  0|  22|          15|          15|
    |r_V_3940_fu_127418_p2         |         -|   0|  0|  23|          16|          16|
    |r_V_3941_fu_127485_p2         |         -|   0|  0|  23|          16|          16|
    |r_V_3945_fu_127533_p2         |         -|   0|  0|  21|          14|          14|
    |r_V_3947_fu_127560_p2         |         -|   0|  0|  22|          15|          15|
    |r_V_3948_fu_127595_p2         |         -|   0|  0|  23|          16|          16|
    |r_V_3949_fu_127611_p2         |         -|   0|  0|  22|          15|          15|
    |r_V_3952_fu_127678_p2         |         -|   0|  0|  20|          13|          13|
    |r_V_3955_fu_127728_p2         |         -|   0|  0|  23|          16|          16|
    |r_V_3959_fu_127783_p2         |         -|   0|  0|  22|          15|          15|
    |r_V_3961_fu_127819_p2         |         -|   0|  0|  23|          16|          16|
    |r_V_3962_fu_127835_p2         |         -|   0|  0|  23|          16|          16|
    |r_V_3964_fu_127861_p2         |         -|   0|  0|  24|          17|          17|
    |r_V_3965_fu_127912_p2         |         -|   0|  0|  21|          14|          14|
    |r_V_3966_fu_127949_p2         |         -|   0|  0|  22|          15|          15|
    |r_V_3967_fu_127999_p2         |         -|   0|  0|  23|          16|          16|
    |r_V_3969_fu_127939_p2         |         -|   0|  0|  22|           1|          15|
    |r_V_3970_fu_128045_p2         |         -|   0|  0|  24|          17|          17|
    |r_V_3971_fu_128061_p2         |         -|   0|  0|  22|          15|          15|
    |r_V_3977_fu_128167_p2         |         -|   0|  0|  24|          17|          17|
    |r_V_3978_fu_128183_p2         |         -|   0|  0|  23|          16|          16|
    |r_V_3982_fu_128229_p2         |         -|   0|  0|  20|          13|          13|
    |r_V_3984_fu_128259_p2         |         -|   0|  0|  21|          14|          14|
    |r_V_3986_fu_128295_p2         |         -|   0|  0|  24|          17|          17|
    |r_V_3987_fu_128349_p2         |         -|   0|  0|  20|          13|          13|
    |r_V_3988_fu_128377_p2         |         -|   0|  0|  20|          13|          13|
    |r_V_3991_fu_128343_p2         |         -|   0|  0|  20|           1|          13|
    |r_V_3993_fu_128508_p2         |         -|   0|  0|  23|          16|          16|
    |r_V_3994_fu_128524_p2         |         -|   0|  0|  22|          15|          15|
    |r_V_3997_fu_128575_p2         |         -|   0|  0|  23|          16|          16|
    |r_V_3999_fu_128609_p2         |         -|   0|  0|  23|          16|          16|
    |r_V_4000_fu_128625_p2         |         -|   0|  0|  21|          14|          14|
    |r_V_4002_fu_128655_p2         |         -|   0|  0|  23|          16|          16|
    |r_V_4003_fu_128671_p2         |         -|   0|  0|  23|          16|          16|
    |r_V_4005_fu_128701_p2         |         -|   0|  0|  23|          16|          16|
    |r_V_4006_fu_128721_p2         |         -|   0|  0|  22|          15|          15|
    |r_V_4013_fu_128887_p2         |         -|   0|  0|  23|          16|          16|
    |r_V_4014_fu_128924_p2         |         -|   0|  0|  24|          17|          17|
    |r_V_4015_fu_128940_p2         |         -|   0|  0|  22|          15|          15|
    |r_V_4018_fu_128976_p2         |         -|   0|  0|  23|          16|          16|
    |r_V_4022_fu_129043_p2         |         -|   0|  0|  21|          14|          14|
    |r_V_4023_fu_129063_p2         |         -|   0|  0|  23|          16|          16|
    |r_V_4024_fu_129097_p2         |         -|   0|  0|  22|          15|          15|
    |r_V_4025_fu_129132_p2         |         -|   0|  0|  20|          13|          13|
    |r_V_4026_fu_129148_p2         |         -|   0|  0|  21|          14|          14|
    |r_V_4027_fu_129164_p2         |         -|   0|  0|  22|          15|          15|
    |r_V_4029_fu_129190_p2         |         -|   0|  0|  24|          17|          17|
    |r_V_4030_fu_129206_p2         |         -|   0|  0|  24|          17|          17|
    |r_V_4033_fu_129242_p2         |         -|   0|  0|  22|          15|          15|
    |r_V_4035_fu_129274_p2         |         -|   0|  0|  22|          15|          15|
    |r_V_4036_fu_129326_p2         |         -|   0|  0|  23|           1|          16|
    |r_V_4037_fu_129365_p2         |         -|   0|  0|  23|          16|          16|
    |r_V_4040_fu_129426_p2         |         -|   0|  0|  23|          16|          16|
    |r_V_4041_fu_129465_p2         |         -|   0|  0|  24|          17|          17|
    |r_V_4048_fu_129572_p2         |         -|   0|  0|  22|          15|          15|
    |r_V_4049_fu_129588_p2         |         -|   0|  0|  24|          17|          17|
    |r_V_4050_fu_129604_p2         |         -|   0|  0|  22|          15|          15|
    |r_V_4052_fu_129644_p2         |         -|   0|  0|  21|          14|          14|
    |r_V_4053_fu_129660_p2         |         -|   0|  0|  20|          13|          13|
    |r_V_4054_fu_129680_p2         |         -|   0|  0|  21|          14|          14|
    |r_V_4055_fu_129699_p2         |         -|   0|  0|  22|          15|          15|
    |r_V_4058_fu_129735_p2         |         -|   0|  0|  23|          16|          16|
    |r_V_4059_fu_129751_p2         |         -|   0|  0|  23|          16|          16|
    |r_V_4060_fu_129562_p2         |         -|   0|  0|  21|           1|          14|
    |r_V_4061_fu_129781_p2         |         -|   0|  0|  21|          14|          14|
    |r_V_4062_fu_129852_p2         |         -|   0|  0|  21|          14|          14|
    |r_V_4063_fu_129889_p2         |         -|   0|  0|  23|          16|          16|
    |r_V_4064_fu_129905_p2         |         -|   0|  0|  23|          16|          16|
    |r_V_4065_fu_131262_p2         |         -|   0|  0|  24|          17|          17|
    |r_V_4073_fu_129991_p2         |         -|   0|  0|  24|          17|          17|
    |r_V_4075_fu_126101_p2         |         -|   0|  0|  18|           1|          11|
    |r_V_4079_fu_130037_p2         |         -|   0|  0|  24|          17|          17|
    |r_V_4080_fu_131332_p2         |         -|   0|  0|  24|           1|          17|
    |r_V_4086_fu_131385_p2         |         -|   0|  0|  24|          17|          17|
    |r_V_4088_fu_131415_p2         |         -|   0|  0|  24|          17|          17|
    |r_V_4090_fu_130152_p2         |         -|   0|  0|  21|          14|          14|
    |r_V_4093_fu_130185_p2         |         -|   0|  0|  22|          15|          15|
    |r_V_4094_fu_130212_p2         |         -|   0|  0|  23|          16|          16|
    |r_V_4095_fu_130239_p2         |         -|   0|  0|  22|          15|          15|
    |r_V_4097_fu_130279_p2         |         -|   0|  0|  24|          17|          17|
    |r_V_4102_fu_130341_p2         |         -|   0|  0|  23|          16|          16|
    |r_V_4103_fu_130357_p2         |         -|   0|  0|  23|          16|          16|
    |r_V_4106_fu_130407_p2         |         -|   0|  0|  22|          15|          15|
    |r_V_4107_fu_130432_p2         |         -|   0|  0|  22|          15|          15|
    |r_V_fu_126221_p2              |         -|   0|  0|  24|          17|          17|
    |sub_ln1273_1868_fu_126633_p2  |         -|   0|  0|  22|           1|          15|
    |sub_ln1273_1874_fu_126989_p2  |         -|   0|  0|  22|           1|          15|
    |sub_ln1273_1876_fu_127064_p2  |         -|   0|  0|  21|           1|          14|
    |sub_ln1273_1885_fu_127523_p2  |         -|   0|  0|  20|           1|          13|
    |sub_ln1273_1891_fu_127773_p2  |         -|   0|  0|  21|           1|          14|
    |sub_ln1273_1893_fu_127809_p2  |         -|   0|  0|  22|           1|          15|
    |sub_ln1273_1900_fu_128035_p2  |         -|   0|  0|  23|           1|          16|
    |sub_ln1273_1910_fu_128498_p2  |         -|   0|  0|  22|           1|          15|
    |sub_ln1273_1919_fu_128854_p2  |         -|   0|  0|  22|           1|          15|
    |sub_ln1273_1921_fu_128914_p2  |         -|   0|  0|  23|           1|          16|
    |sub_ln1273_1925_fu_127718_p2  |         -|   0|  0|  23|           1|          16|
    |sub_ln1273_1927_fu_129087_p2  |         -|   0|  0|  21|           1|          14|
    |sub_ln1273_1938_fu_129416_p2  |         -|   0|  0|  22|           1|          15|
    |sub_ln1273_1945_fu_129634_p2  |         -|   0|  0|  20|           1|          13|
    |sub_ln1273_1966_fu_130269_p2  |         -|   0|  0|  23|           1|          16|
    |sub_ln1273_1971_fu_130422_p2  |         -|   0|  0|  21|           1|          14|
    |sub_ln1273_1985_fu_129879_p2  |         -|   0|  0|  23|           1|          16|
    |sub_ln1273_fu_126188_p2       |         -|   0|  0|  23|           1|          16|
    |ap_block_pp0_stage0_11001     |        or|   0|  0|   2|           1|           1|
    |ap_enable_pp0                 |       xor|   0|  0|   2|           1|           2|
    +------------------------------+----------+----+---+----+------------+------------+
    |Total                         |          |   0|  0|8372|        5209|        5489|
    +------------------------------+----------+----+---+----+------------+------------+

    * Multiplexer: 
    +--------------+----+-----------+-----+-----------+
    |     Name     | LUT| Input Size| Bits| Total Bits|
    +--------------+----+-----------+-----+-----------+
    |ap_done       |   9|          2|    1|          2|
    |ap_return_0   |   9|          2|   16|         32|
    |ap_return_1   |   9|          2|   16|         32|
    |ap_return_10  |   9|          2|   16|         32|
    |ap_return_11  |   9|          2|   16|         32|
    |ap_return_12  |   9|          2|   16|         32|
    |ap_return_13  |   9|          2|   16|         32|
    |ap_return_14  |   9|          2|   16|         32|
    |ap_return_15  |   9|          2|   16|         32|
    |ap_return_16  |   9|          2|   16|         32|
    |ap_return_17  |   9|          2|   16|         32|
    |ap_return_18  |   9|          2|   16|         32|
    |ap_return_19  |   9|          2|   16|         32|
    |ap_return_2   |   9|          2|   16|         32|
    |ap_return_20  |   9|          2|   16|         32|
    |ap_return_21  |   9|          2|   16|         32|
    |ap_return_22  |   9|          2|   16|         32|
    |ap_return_23  |   9|          2|   16|         32|
    |ap_return_24  |   9|          2|   16|         32|
    |ap_return_25  |   9|          2|   16|         32|
    |ap_return_26  |   9|          2|   16|         32|
    |ap_return_27  |   9|          2|   16|         32|
    |ap_return_28  |   9|          2|   16|         32|
    |ap_return_29  |   9|          2|   16|         32|
    |ap_return_3   |   9|          2|   16|         32|
    |ap_return_30  |   9|          2|   16|         32|
    |ap_return_31  |   9|          2|   16|         32|
    |ap_return_4   |   9|          2|   16|         32|
    |ap_return_5   |   9|          2|   16|         32|
    |ap_return_6   |   9|          2|   16|         32|
    |ap_return_7   |   9|          2|   16|         32|
    |ap_return_8   |   9|          2|   16|         32|
    |ap_return_9   |   9|          2|   16|         32|
    +--------------+----+-----------+-----+-----------+
    |Total         | 297|         66|  513|       1026|
    +--------------+----+-----------+-----+-----------+

    * Register: 
    +-----------------------------------------+----+----+-----+-----------+
    |                   Name                  | FF | LUT| Bits| Const Bits|
    +-----------------------------------------+----+----+-----+-----------+
    |add_ln813_4923_reg_135480                |  10|   0|   10|          0|
    |add_ln813_4950_reg_135495                |  10|   0|   10|          0|
    |add_ln813_4959_reg_135685                |  13|   0|   13|          0|
    |add_ln813_4960_reg_135470                |  11|   0|   11|          0|
    |add_ln813_4961_reg_135475                |  10|   0|   10|          0|
    |add_ln813_4963_reg_135690                |  12|   0|   12|          0|
    |add_ln813_4966_reg_135485                |  11|   0|   11|          0|
    |add_ln813_4967_reg_135695                |  13|   0|   13|          0|
    |add_ln813_4969_reg_135490                |   9|   0|    9|          0|
    |add_ln813_4970_reg_135700                |  12|   0|   12|          0|
    |add_ln813_4972_reg_135705                |  13|   0|   13|          0|
    |add_ln813_4973_reg_135710                |  12|   0|   12|          0|
    |add_ln813_4977_reg_135715                |  11|   0|   11|          0|
    |add_ln813_4980_reg_135720                |  12|   0|   12|          0|
    |add_ln813_4982_reg_135725                |  12|   0|   12|          0|
    |add_ln813_4985_reg_135730                |  11|   0|   11|          0|
    |add_ln813_4987_reg_135735                |  10|   0|   10|          0|
    |add_ln813_4992_reg_135740                |  12|   0|   12|          0|
    |add_ln813_4994_reg_135500                |  10|   0|   10|          0|
    |add_ln813_4998_reg_135805                |  11|   0|   11|          0|
    |add_ln813_4999_reg_135745                |  12|   0|   12|          0|
    |add_ln813_5001_reg_135750                |  12|   0|   12|          0|
    |add_ln813_5003_reg_135755                |  12|   0|   12|          0|
    |add_ln813_5007_reg_135505                |   8|   0|    8|          0|
    |add_ln813_5009_reg_135760                |  12|   0|   12|          0|
    |add_ln813_5012_reg_135510                |  10|   0|   10|          0|
    |add_ln813_5014_reg_135765                |  12|   0|   12|          0|
    |add_ln813_5015_reg_135770                |  10|   0|   10|          0|
    |add_ln813_5017_reg_135775                |  10|   0|   10|          0|
    |add_ln813_5022_reg_135780                |  13|   0|   13|          0|
    |add_ln813_5024_reg_135515                |  10|   0|   10|          0|
    |add_ln813_5026_reg_135785                |  12|   0|   12|          0|
    |add_ln813_5028_reg_135790                |  12|   0|   12|          0|
    |add_ln813_5031_reg_135545                |  11|   0|   11|          0|
    |add_ln813_5033_reg_135795                |  12|   0|   12|          0|
    |add_ln813_5036_reg_135520                |   9|   0|    9|          0|
    |add_ln813_5040_reg_135850                |  11|   0|   11|          0|
    |add_ln813_5042_reg_135800                |  12|   0|   12|          0|
    |add_ln813_5044_reg_135810                |  12|   0|   12|          0|
    |add_ln813_5046_reg_135860                |  11|   0|   11|          0|
    |add_ln813_5050_reg_135815                |  13|   0|   13|          0|
    |add_ln813_5053_reg_135525                |  10|   0|   10|          0|
    |add_ln813_5055_reg_135530                |  10|   0|   10|          0|
    |add_ln813_5060_reg_135825                |  12|   0|   12|          0|
    |add_ln813_5065_reg_135535                |   9|   0|    9|          0|
    |add_ln813_5067_reg_135830                |  12|   0|   12|          0|
    |add_ln813_5071_reg_135835                |  13|   0|   13|          0|
    |add_ln813_5073_reg_135540                |  10|   0|   10|          0|
    |add_ln813_5075_reg_135840                |  12|   0|   12|          0|
    |add_ln813_5080_reg_135550                |  12|   0|   12|          0|
    |add_ln813_5084_reg_135855                |  12|   0|   12|          0|
    |add_ln813_5086_reg_135865                |  12|   0|   12|          0|
    |add_ln813_5090_reg_135870                |  12|   0|   12|          0|
    |add_ln813_5092_reg_135875                |  11|   0|   11|          0|
    |add_ln813_5094_reg_135880                |  12|   0|   12|          0|
    |add_ln813_5098_reg_135555                |   8|   0|    8|          0|
    |add_ln813_5100_reg_135885                |  11|   0|   11|          0|
    |add_ln813_5103_reg_135890                |  13|   0|   13|          0|
    |add_ln813_5106_reg_135895                |  12|   0|   12|          0|
    |add_ln813_5108_reg_135590                |   9|   0|    9|          0|
    |add_ln813_5110_reg_135560                |  10|   0|   10|          0|
    |add_ln813_5113_reg_135565                |   9|   0|    9|          0|
    |add_ln813_5114_reg_134460                |   9|   0|    9|          0|
    |add_ln813_5114_reg_134460_pp0_iter1_reg  |   9|   0|    9|          0|
    |add_ln813_5115_reg_135570                |  10|   0|   10|          0|
    |add_ln813_5118_reg_135905                |  13|   0|   13|          0|
    |add_ln813_5120_reg_135910                |  13|   0|   13|          0|
    |add_ln813_5123_reg_134532                |   8|   0|    8|          0|
    |add_ln813_5124_reg_135575                |  10|   0|   10|          0|
    |add_ln813_5125_reg_135915                |  12|   0|   12|          0|
    |add_ln813_5129_reg_135920                |  12|   0|   12|          0|
    |add_ln813_5132_reg_135580                |   8|   0|    8|          0|
    |add_ln813_5134_reg_135925                |  12|   0|   12|          0|
    |add_ln813_5136_reg_135930                |  12|   0|   12|          0|
    |add_ln813_5138_reg_135935                |  12|   0|   12|          0|
    |add_ln813_5142_reg_135585                |   8|   0|    8|          0|
    |add_ln813_5144_reg_135940                |  12|   0|   12|          0|
    |add_ln813_5149_reg_135945                |  13|   0|   13|          0|
    |add_ln813_5150_reg_135595                |  11|   0|   11|          0|
    |add_ln813_5151_reg_135600                |  10|   0|   10|          0|
    |add_ln813_5153_reg_135950                |  12|   0|   12|          0|
    |add_ln813_5157_reg_135955                |  13|   0|   13|          0|
    |add_ln813_5158_reg_135960                |  11|   0|   11|          0|
    |add_ln813_5160_reg_135965                |  10|   0|   10|          0|
    |add_ln813_5166_reg_135605                |  11|   0|   11|          0|
    |add_ln813_5167_reg_135970                |  12|   0|   12|          0|
    |add_ln813_5172_reg_135610                |  10|   0|   10|          0|
    |add_ln813_5173_reg_135975                |  11|   0|   11|          0|
    |add_ln813_5178_reg_135980                |  12|   0|   12|          0|
    |add_ln813_5182_reg_136050                |  12|   0|   12|          0|
    |add_ln813_5183_reg_135615                |   8|   0|    8|          0|
    |add_ln813_5185_reg_135985                |  12|   0|   12|          0|
    |add_ln813_5188_reg_135990                |  11|   0|   11|          0|
    |add_ln813_5190_reg_135995                |  10|   0|   10|          0|
    |add_ln813_5192_reg_136000                |  11|   0|   11|          0|
    |add_ln813_5195_reg_136005                |  12|   0|   12|          0|
    |add_ln813_5197_reg_136010                |  12|   0|   12|          0|
    |add_ln813_5200_reg_135620                |   9|   0|    9|          0|
    |add_ln813_5202_reg_136015                |  11|   0|   11|          0|
    |add_ln813_5204_reg_136020                |  12|   0|   12|          0|
    |add_ln813_5205_reg_136025                |  11|   0|   11|          0|
    |add_ln813_5209_reg_136030                |  12|   0|   12|          0|
    |add_ln813_5211_reg_136035                |  13|   0|   13|          0|
    |add_ln813_5213_reg_136040                |  12|   0|   12|          0|
    |add_ln813_5215_reg_135625                |  11|   0|   11|          0|
    |add_ln813_5216_reg_135630                |  10|   0|   10|          0|
    |add_ln813_5218_reg_136045                |  13|   0|   13|          0|
    |add_ln813_5221_reg_136055                |  12|   0|   12|          0|
    |add_ln813_5224_reg_135635                |   8|   0|    8|          0|
    |add_ln813_5225_reg_136060                |  11|   0|   11|          0|
    |add_ln813_5228_reg_136065                |  12|   0|   12|          0|
    |add_ln813_5232_reg_135640                |   9|   0|    9|          0|
    |add_ln813_5234_reg_136070                |  12|   0|   12|          0|
    |ap_CS_fsm                                |   1|   0|    1|          0|
    |ap_done_reg                              |   1|   0|    1|          0|
    |ap_enable_reg_pp0_iter1                  |   1|   0|    1|          0|
    |ap_enable_reg_pp0_iter2                  |   1|   0|    1|          0|
    |ap_enable_reg_pp0_iter3                  |   1|   0|    1|          0|
    |ap_enable_reg_pp0_iter4                  |   1|   0|    1|          0|
    |ap_return_0_preg                         |  16|   0|   22|          6|
    |ap_return_10_preg                        |  16|   0|   22|          6|
    |ap_return_11_preg                        |  16|   0|   22|          6|
    |ap_return_12_preg                        |  16|   0|   22|          6|
    |ap_return_13_preg                        |  16|   0|   22|          6|
    |ap_return_14_preg                        |  16|   0|   22|          6|
    |ap_return_15_preg                        |  16|   0|   22|          6|
    |ap_return_16_preg                        |  16|   0|   22|          6|
    |ap_return_17_preg                        |  16|   0|   22|          6|
    |ap_return_18_preg                        |  16|   0|   22|          6|
    |ap_return_19_preg                        |  16|   0|   22|          6|
    |ap_return_1_preg                         |  16|   0|   22|          6|
    |ap_return_20_preg                        |  16|   0|   22|          6|
    |ap_return_21_preg                        |  16|   0|   22|          6|
    |ap_return_22_preg                        |  16|   0|   22|          6|
    |ap_return_23_preg                        |  16|   0|   22|          6|
    |ap_return_24_preg                        |  16|   0|   22|          6|
    |ap_return_25_preg                        |  16|   0|   22|          6|
    |ap_return_26_preg                        |  16|   0|   22|          6|
    |ap_return_27_preg                        |  16|   0|   22|          6|
    |ap_return_28_preg                        |  16|   0|   22|          6|
    |ap_return_29_preg                        |  16|   0|   22|          6|
    |ap_return_2_preg                         |  16|   0|   22|          6|
    |ap_return_30_preg                        |  16|   0|   22|          6|
    |ap_return_31_preg                        |  16|   0|   22|          6|
    |ap_return_3_preg                         |  16|   0|   22|          6|
    |ap_return_4_preg                         |  16|   0|   22|          6|
    |ap_return_5_preg                         |  16|   0|   22|          6|
    |ap_return_6_preg                         |  16|   0|   22|          6|
    |ap_return_7_preg                         |  16|   0|   22|          6|
    |ap_return_8_preg                         |  16|   0|   22|          6|
    |ap_return_9_preg                         |  16|   0|   22|          6|
    |mult_V_101_reg_134785                    |   8|   0|    8|          0|
    |mult_V_102_reg_134795                    |   9|   0|    9|          0|
    |mult_V_103_reg_134800                    |   9|   0|    9|          0|
    |mult_V_104_reg_134810                    |  10|   0|   10|          0|
    |mult_V_105_reg_134815                    |  10|   0|   10|          0|
    |mult_V_106_reg_134830                    |  10|   0|   10|          0|
    |mult_V_107_reg_134835                    |  10|   0|   10|          0|
    |mult_V_108_reg_134499                    |   9|   0|    9|          0|
    |mult_V_109_reg_134845                    |   8|   0|    8|          0|
    |mult_V_110_reg_134851                    |   9|   0|    9|          0|
    |mult_V_111_reg_134856                    |  10|   0|   10|          0|
    |mult_V_112_reg_134861                    |   9|   0|    9|          0|
    |mult_V_114_reg_134871                    |  11|   0|   11|          0|
    |mult_V_115_reg_134881                    |  10|   0|   10|          0|
    |mult_V_116_reg_134891                    |   9|   0|    9|          0|
    |mult_V_117_reg_134901                    |  10|   0|   10|          0|
    |mult_V_118_reg_134906                    |  10|   0|   10|          0|
    |mult_V_119_reg_134911                    |  11|   0|   11|          0|
    |mult_V_120_reg_134916                    |  11|   0|   11|          0|
    |mult_V_120_reg_134916_pp0_iter3_reg      |  11|   0|   11|          0|
    |mult_V_121_reg_134931                    |  10|   0|   10|          0|
    |mult_V_122_reg_134936                    |  10|   0|   10|          0|
    |mult_V_123_reg_134941                    |   9|   0|    9|          0|
    |mult_V_124_reg_134946                    |  11|   0|   11|          0|
    |mult_V_125_reg_134951                    |   9|   0|    9|          0|
    |mult_V_126_reg_134956                    |  10|   0|   10|          0|
    |mult_V_127_reg_134971                    |  10|   0|   10|          0|
    |mult_V_128_reg_134981                    |  11|   0|   11|          0|
    |mult_V_129_reg_134986                    |  10|   0|   10|          0|
    |mult_V_130_reg_134996                    |  11|   0|   11|          0|
    |mult_V_131_reg_135001                    |  11|   0|   11|          0|
    |mult_V_131_reg_135001_pp0_iter3_reg      |  11|   0|   11|          0|
    |mult_V_134_reg_135016                    |  11|   0|   11|          0|
    |mult_V_134_reg_135016_pp0_iter3_reg      |  11|   0|   11|          0|
    |mult_V_135_reg_134435                    |   8|   0|    8|          0|
    |mult_V_138_reg_135031                    |  10|   0|   10|          0|
    |mult_V_140_reg_135036                    |  10|   0|   10|          0|
    |mult_V_142_reg_135051                    |  10|   0|   10|          0|
    |mult_V_143_reg_135056                    |  10|   0|   10|          0|
    |mult_V_144_reg_135061                    |  10|   0|   10|          0|
    |mult_V_147_reg_135071                    |   9|   0|    9|          0|
    |mult_V_148_reg_135076                    |   9|   0|    9|          0|
    |mult_V_149_reg_134445                    |   9|   0|    9|          0|
    |mult_V_149_reg_134445_pp0_iter1_reg      |   9|   0|    9|          0|
    |mult_V_150_reg_135086                    |   9|   0|    9|          0|
    |mult_V_151_reg_135091                    |  10|   0|   10|          0|
    |mult_V_152_reg_135096                    |  10|   0|   10|          0|
    |mult_V_153_reg_135101                    |  11|   0|   11|          0|
    |mult_V_154_reg_135106                    |   9|   0|    9|          0|
    |mult_V_155_reg_135111                    |  10|   0|   10|          0|
    |mult_V_156_reg_135116                    |   9|   0|    9|          0|
    |mult_V_157_reg_135121                    |  10|   0|   10|          0|
    |mult_V_160_reg_135141                    |   9|   0|    9|          0|
    |mult_V_161_reg_135146                    |   7|   0|    7|          0|
    |mult_V_162_reg_135151                    |   8|   0|    8|          0|
    |mult_V_163_reg_135156                    |   9|   0|    9|          0|
    |mult_V_164_reg_135161                    |  11|   0|   11|          0|
    |mult_V_165_reg_135166                    |  11|   0|   11|          0|
    |mult_V_166_reg_135171                    |  11|   0|   11|          0|
    |mult_V_167_reg_135176                    |  10|   0|   10|          0|
    |mult_V_168_reg_135186                    |   9|   0|    9|          0|
    |mult_V_169_reg_135196                    |   9|   0|    9|          0|
    |mult_V_170_reg_135201                    |  10|   0|   10|          0|
    |mult_V_172_reg_135216                    |  10|   0|   10|          0|
    |mult_V_173_reg_135221                    |  11|   0|   11|          0|
    |mult_V_174_reg_135226                    |  10|   0|   10|          0|
    |mult_V_175_reg_135236                    |  10|   0|   10|          0|
    |mult_V_176_reg_135246                    |  10|   0|   10|          0|
    |mult_V_177_reg_135251                    |   9|   0|    9|          0|
    |mult_V_178_reg_135257                    |  11|   0|   11|          0|
    |mult_V_180_reg_135267                    |   8|   0|    8|          0|
    |mult_V_182_reg_135272                    |   8|   0|    8|          0|
    |mult_V_183_reg_134455                    |   9|   0|    9|          0|
    |mult_V_183_reg_134455_pp0_iter1_reg      |   9|   0|    9|          0|
    |mult_V_184_reg_135292                    |  10|   0|   10|          0|
    |mult_V_186_reg_135297                    |   8|   0|    8|          0|
    |mult_V_188_reg_135307                    |   8|   0|    8|          0|
    |mult_V_191_reg_135665                    |  12|   0|   12|          0|
    |mult_V_192_reg_135342                    |  11|   0|   11|          0|
    |mult_V_193_reg_135347                    |  11|   0|   11|          0|
    |mult_V_194_reg_135352                    |  10|   0|   10|          0|
    |mult_V_196_reg_135670                    |  12|   0|   12|          0|
    |mult_V_197_reg_135357                    |  11|   0|   11|          0|
    |mult_V_198_reg_135367                    |  11|   0|   11|          0|
    |mult_V_200_reg_135675                    |  12|   0|   12|          0|
    |mult_V_201_reg_135377                    |  11|   0|   11|          0|
    |mult_V_204_reg_135392                    |  10|   0|   10|          0|
    |mult_V_205_reg_135398                    |   8|   0|    8|          0|
    |mult_V_206_reg_134521                    |   9|   0|    9|          0|
    |mult_V_207_reg_135403                    |   9|   0|    9|          0|
    |mult_V_208_reg_135409                    |  10|   0|   10|          0|
    |mult_V_210_reg_135414                    |  10|   0|   10|          0|
    |mult_V_211_reg_135419                    |  11|   0|   11|          0|
    |mult_V_212_reg_135430                    |  10|   0|   10|          0|
    |mult_V_213_reg_135435                    |  11|   0|   11|          0|
    |mult_V_214_reg_135445                    |  10|   0|   10|          0|
    |mult_V_216_reg_135450                    |  10|   0|   10|          0|
    |mult_V_217_reg_135455                    |   9|   0|    9|          0|
    |mult_V_218_reg_135460                    |   9|   0|    9|          0|
    |mult_V_65_reg_134547                     |  10|   0|   10|          0|
    |mult_V_67_reg_134562                     |  12|   0|   12|          0|
    |mult_V_69_reg_134577                     |   9|   0|    9|          0|
    |mult_V_70_reg_134582                     |  10|   0|   10|          0|
    |mult_V_71_reg_135645                     |  12|   0|   12|          0|
    |mult_V_72_reg_134592                     |  10|   0|   10|          0|
    |mult_V_73_reg_134597                     |  11|   0|   11|          0|
    |mult_V_74_reg_135650                     |  12|   0|   12|          0|
    |mult_V_75_reg_135655                     |  12|   0|   12|          0|
    |mult_V_76_reg_134602                     |  11|   0|   11|          0|
    |mult_V_77_reg_135660                     |  12|   0|   12|          0|
    |mult_V_78_reg_134627                     |  11|   0|   11|          0|
    |mult_V_79_reg_134420                     |   8|   0|    8|          0|
    |mult_V_79_reg_134420_pp0_iter1_reg       |   8|   0|    8|          0|
    |mult_V_80_reg_134632                     |  10|   0|   10|          0|
    |mult_V_81_reg_134649                     |   9|   0|    9|          0|
    |mult_V_82_reg_134659                     |  10|   0|   10|          0|
    |mult_V_83_reg_134669                     |  11|   0|   11|          0|
    |mult_V_84_reg_134674                     |   9|   0|    9|          0|
    |mult_V_85_reg_134679                     |  10|   0|   10|          0|
    |mult_V_86_reg_134684                     |  11|   0|   11|          0|
    |mult_V_87_reg_134689                     |  10|   0|   10|          0|
    |mult_V_88_reg_134694                     |   9|   0|    9|          0|
    |mult_V_90_reg_134699                     |  11|   0|   11|          0|
    |mult_V_91_reg_134704                     |  10|   0|   10|          0|
    |mult_V_92_reg_134714                     |  10|   0|   10|          0|
    |mult_V_93_reg_134719                     |  11|   0|   11|          0|
    |mult_V_94_reg_134724                     |  10|   0|   10|          0|
    |mult_V_94_reg_134724_pp0_iter3_reg       |  10|   0|   10|          0|
    |mult_V_95_reg_134730                     |  10|   0|   10|          0|
    |mult_V_96_reg_134735                     |   9|   0|    9|          0|
    |mult_V_97_reg_134745                     |  10|   0|   10|          0|
    |mult_V_98_reg_134765                     |  11|   0|   11|          0|
    |mult_V_99_reg_134775                     |  10|   0|   10|          0|
    |mult_V_reg_134537                        |  11|   0|   11|          0|
    |mult_V_s_reg_134425                      |   9|   0|    9|          0|
    |p_read114_reg_134385                     |  10|   0|   10|          0|
    |p_read114_reg_134385_pp0_iter1_reg       |  10|   0|   10|          0|
    |p_read13_reg_134400                      |  10|   0|   10|          0|
    |p_read215_reg_134371                     |  10|   0|   10|          0|
    |p_read215_reg_134371_pp0_iter1_reg       |  10|   0|   10|          0|
    |p_read316_reg_134357                     |  10|   0|   10|          0|
    |p_read316_reg_134357_pp0_iter1_reg       |  10|   0|   10|          0|
    |p_read417_reg_134342                     |  10|   0|   10|          0|
    |p_read417_reg_134342_pp0_iter1_reg       |  10|   0|   10|          0|
    |p_read518_reg_134329                     |  10|   0|   10|          0|
    |p_read518_reg_134329_pp0_iter1_reg       |  10|   0|   10|          0|
    |p_read619_reg_134315                     |  10|   0|   10|          0|
    |p_read619_reg_134315_pp0_iter1_reg       |  10|   0|   10|          0|
    |p_read720_reg_134301                     |  10|   0|   10|          0|
    |p_read720_reg_134301_pp0_iter1_reg       |  10|   0|   10|          0|
    |p_read821_reg_134287                     |  10|   0|   10|          0|
    |p_read922_reg_134274                     |  10|   0|   10|          0|
    |p_read922_reg_134274_pp0_iter1_reg       |  10|   0|   10|          0|
    |shl_ln1273_1606_reg_135302               |  10|   0|   13|          3|
    |trunc_ln17_125_reg_134552                |  11|   0|   11|          0|
    |trunc_ln17_126_reg_134557                |  10|   0|   10|          0|
    |trunc_ln17_127_reg_134572                |   9|   0|    9|          0|
    |trunc_ln17_128_reg_134415                |   6|   0|    6|          0|
    |trunc_ln17_129_reg_134587                |  11|   0|   11|          0|
    |trunc_ln17_131_reg_134607                |  11|   0|   11|          0|
    |trunc_ln17_132_reg_134612                |  11|   0|   11|          0|
    |trunc_ln17_133_reg_134617                |  11|   0|   11|          0|
    |trunc_ln17_134_reg_134622                |  11|   0|   11|          0|
    |trunc_ln17_135_reg_134638                |  10|   0|   10|          0|
    |trunc_ln17_136_reg_134644                |   8|   0|    8|          0|
    |trunc_ln17_137_reg_134483                |   9|   0|    9|          0|
    |trunc_ln17_138_reg_134654                |  10|   0|   10|          0|
    |trunc_ln17_139_reg_134664                |  11|   0|   11|          0|
    |trunc_ln17_140_reg_134488                |   9|   0|    9|          0|
    |trunc_ln17_140_reg_134488_pp0_iter2_reg  |   9|   0|    9|          0|
    |trunc_ln17_141_reg_134709                |   9|   0|    9|          0|
    |trunc_ln17_142_reg_134740                |   9|   0|    9|          0|
    |trunc_ln17_143_reg_134750                |   7|   0|    7|          0|
    |trunc_ln17_144_reg_134755                |  10|   0|   10|          0|
    |trunc_ln17_145_reg_134760                |   9|   0|    9|          0|
    |trunc_ln17_147_reg_134770                |  10|   0|   10|          0|
    |trunc_ln17_148_reg_134780                |   9|   0|    9|          0|
    |trunc_ln17_149_reg_134790                |   9|   0|    9|          0|
    |trunc_ln17_150_reg_134805                |  10|   0|   10|          0|
    |trunc_ln17_152_reg_134820                |   9|   0|    9|          0|
    |trunc_ln17_153_reg_134825                |  10|   0|   10|          0|
    |trunc_ln17_154_reg_134494                |   9|   0|    9|          0|
    |trunc_ln17_155_reg_134840                |  10|   0|   10|          0|
    |trunc_ln17_156_reg_134504                |   9|   0|    9|          0|
    |trunc_ln17_156_reg_134504_pp0_iter2_reg  |   9|   0|    9|          0|
    |trunc_ln17_157_reg_134430                |   4|   0|    4|          0|
    |trunc_ln17_160_reg_134866                |   8|   0|    8|          0|
    |trunc_ln17_161_reg_134509                |   9|   0|    9|          0|
    |trunc_ln17_162_reg_134886                |   9|   0|    9|          0|
    |trunc_ln17_163_reg_134896                |  10|   0|   10|          0|
    |trunc_ln17_164_reg_134961                |   9|   0|    9|          0|
    |trunc_ln17_165_reg_134966                |   9|   0|    9|          0|
    |trunc_ln17_166_reg_134976                |   8|   0|    8|          0|
    |trunc_ln17_167_reg_134991                |   9|   0|    9|          0|
    |trunc_ln17_168_reg_135006                |  10|   0|   10|          0|
    |trunc_ln17_169_reg_135011                |  10|   0|   10|          0|
    |trunc_ln17_171_reg_135021                |   9|   0|    9|          0|
    |trunc_ln17_172_reg_135026                |   9|   0|    9|          0|
    |trunc_ln17_173_reg_135041                |   9|   0|    9|          0|
    |trunc_ln17_174_reg_135046                |   8|   0|    8|          0|
    |trunc_ln17_175_reg_134440                |   6|   0|    6|          0|
    |trunc_ln17_176_reg_135066                |   9|   0|    9|          0|
    |trunc_ln17_178_reg_135081                |   9|   0|    9|          0|
    |trunc_ln17_180_reg_135126                |   9|   0|    9|          0|
    |trunc_ln17_181_reg_135131                |   9|   0|    9|          0|
    |trunc_ln17_182_reg_135136                |   9|   0|    9|          0|
    |trunc_ln17_184_reg_135181                |   8|   0|    8|          0|
    |trunc_ln17_185_reg_135191                |  10|   0|   10|          0|
    |trunc_ln17_186_reg_134450                |   8|   0|    8|          0|
    |trunc_ln17_187_reg_135206                |   9|   0|    9|          0|
    |trunc_ln17_188_reg_135211                |   8|   0|    8|          0|
    |trunc_ln17_189_reg_135231                |  10|   0|   10|          0|
    |trunc_ln17_191_reg_135241                |  10|   0|   10|          0|
    |trunc_ln17_192_reg_135262                |  10|   0|   10|          0|
    |trunc_ln17_193_reg_135282                |  10|   0|   10|          0|
    |trunc_ln17_194_reg_135287                |  10|   0|   10|          0|
    |trunc_ln17_195_reg_135317                |   9|   0|    9|          0|
    |trunc_ln17_196_reg_135322                |  10|   0|   10|          0|
    |trunc_ln17_197_reg_135327                |  10|   0|   10|          0|
    |trunc_ln17_198_reg_135332                |  10|   0|   10|          0|
    |trunc_ln17_199_reg_135337                |  11|   0|   11|          0|
    |trunc_ln17_199_reg_135337_pp0_iter3_reg  |  11|   0|   11|          0|
    |trunc_ln17_200_reg_135362                |  11|   0|   11|          0|
    |trunc_ln17_201_reg_135372                |   9|   0|    9|          0|
    |trunc_ln17_202_reg_135382                |  11|   0|   11|          0|
    |trunc_ln17_203_reg_135387                |  11|   0|   11|          0|
    |trunc_ln17_204_reg_135680                |  12|   0|   12|          0|
    |trunc_ln17_205_reg_134526                |   9|   0|    9|          0|
    |trunc_ln17_206_reg_135425                |   9|   0|    9|          0|
    |trunc_ln17_208_reg_135440                |   9|   0|    9|          0|
    |trunc_ln17_211_reg_135465                |  10|   0|   10|          0|
    |trunc_ln17_s_reg_134542                  |   9|   0|    9|          0|
    |trunc_ln818_3556_reg_134876              |  10|   0|   10|          0|
    |trunc_ln818_3557_reg_134921              |   8|   0|    8|          0|
    |trunc_ln818_3558_reg_134926              |   9|   0|    9|          0|
    |trunc_ln818_3561_reg_135277              |   9|   0|    9|          0|
    |trunc_ln818_3562_reg_135312              |  10|   0|   10|          0|
    |trunc_ln818_s_reg_134567                 |   9|   0|    9|          0|
    |trunc_ln_reg_134471                      |   8|   0|    8|          0|
    |x_V_38_reg_135820                        |  13|   0|   13|          0|
    |x_V_41_reg_135845                        |  13|   0|   13|          0|
    |x_V_46_reg_135900                        |  13|   0|   13|          0|
    |zext_ln1273_1190_reg_134465              |  10|   0|   14|          4|
    |zext_ln1273_1206_reg_134476              |  10|   0|   15|          5|
    |zext_ln1273_1316_reg_134514              |  10|   0|   15|          5|
    |mult_V_135_reg_134435                    |  64|  32|    8|          0|
    |mult_V_s_reg_134425                      |  64|  32|    9|          0|
    |p_read13_reg_134400                      |  64|  32|   10|          0|
    |p_read821_reg_134287                     |  64|  32|   10|          0|
    |trunc_ln17_128_reg_134415                |  64|  32|    6|          0|
    |trunc_ln17_157_reg_134430                |  64|  32|    4|          0|
    |trunc_ln17_186_reg_134450                |  64|  32|    8|          0|
    +-----------------------------------------+----+----+-----+-----------+
    |Total                                    |4614| 224| 4430|        209|
    +-----------------------------------------+----+----+-----+-----------+



================================================================
== Interface
================================================================
* Summary: 
+--------------+-----+-----+------------+------------------------------------------------------------------------------+--------------+
|   RTL Ports  | Dir | Bits|  Protocol  |                                 Source Object                                |    C Type    |
+--------------+-----+-----+------------+------------------------------------------------------------------------------+--------------+
|ap_clk        |   in|    1|  ap_ctrl_hs|  dense_latency<ap_fixed<16, 6, 5, 3, 0>, ap_fixed<30, 14, 5, 3, 0>, config11>|  return value|
|ap_rst        |   in|    1|  ap_ctrl_hs|  dense_latency<ap_fixed<16, 6, 5, 3, 0>, ap_fixed<30, 14, 5, 3, 0>, config11>|  return value|
|ap_start      |   in|    1|  ap_ctrl_hs|  dense_latency<ap_fixed<16, 6, 5, 3, 0>, ap_fixed<30, 14, 5, 3, 0>, config11>|  return value|
|ap_done       |  out|    1|  ap_ctrl_hs|  dense_latency<ap_fixed<16, 6, 5, 3, 0>, ap_fixed<30, 14, 5, 3, 0>, config11>|  return value|
|ap_continue   |   in|    1|  ap_ctrl_hs|  dense_latency<ap_fixed<16, 6, 5, 3, 0>, ap_fixed<30, 14, 5, 3, 0>, config11>|  return value|
|ap_idle       |  out|    1|  ap_ctrl_hs|  dense_latency<ap_fixed<16, 6, 5, 3, 0>, ap_fixed<30, 14, 5, 3, 0>, config11>|  return value|
|ap_ready      |  out|    1|  ap_ctrl_hs|  dense_latency<ap_fixed<16, 6, 5, 3, 0>, ap_fixed<30, 14, 5, 3, 0>, config11>|  return value|
|ap_return_0   |  out|   22|  ap_ctrl_hs|  dense_latency<ap_fixed<16, 6, 5, 3, 0>, ap_fixed<30, 14, 5, 3, 0>, config11>|  return value|
|ap_return_1   |  out|   22|  ap_ctrl_hs|  dense_latency<ap_fixed<16, 6, 5, 3, 0>, ap_fixed<30, 14, 5, 3, 0>, config11>|  return value|
|ap_return_2   |  out|   22|  ap_ctrl_hs|  dense_latency<ap_fixed<16, 6, 5, 3, 0>, ap_fixed<30, 14, 5, 3, 0>, config11>|  return value|
|ap_return_3   |  out|   22|  ap_ctrl_hs|  dense_latency<ap_fixed<16, 6, 5, 3, 0>, ap_fixed<30, 14, 5, 3, 0>, config11>|  return value|
|ap_return_4   |  out|   22|  ap_ctrl_hs|  dense_latency<ap_fixed<16, 6, 5, 3, 0>, ap_fixed<30, 14, 5, 3, 0>, config11>|  return value|
|ap_return_5   |  out|   22|  ap_ctrl_hs|  dense_latency<ap_fixed<16, 6, 5, 3, 0>, ap_fixed<30, 14, 5, 3, 0>, config11>|  return value|
|ap_return_6   |  out|   22|  ap_ctrl_hs|  dense_latency<ap_fixed<16, 6, 5, 3, 0>, ap_fixed<30, 14, 5, 3, 0>, config11>|  return value|
|ap_return_7   |  out|   22|  ap_ctrl_hs|  dense_latency<ap_fixed<16, 6, 5, 3, 0>, ap_fixed<30, 14, 5, 3, 0>, config11>|  return value|
|ap_return_8   |  out|   22|  ap_ctrl_hs|  dense_latency<ap_fixed<16, 6, 5, 3, 0>, ap_fixed<30, 14, 5, 3, 0>, config11>|  return value|
|ap_return_9   |  out|   22|  ap_ctrl_hs|  dense_latency<ap_fixed<16, 6, 5, 3, 0>, ap_fixed<30, 14, 5, 3, 0>, config11>|  return value|
|ap_return_10  |  out|   22|  ap_ctrl_hs|  dense_latency<ap_fixed<16, 6, 5, 3, 0>, ap_fixed<30, 14, 5, 3, 0>, config11>|  return value|
|ap_return_11  |  out|   22|  ap_ctrl_hs|  dense_latency<ap_fixed<16, 6, 5, 3, 0>, ap_fixed<30, 14, 5, 3, 0>, config11>|  return value|
|ap_return_12  |  out|   22|  ap_ctrl_hs|  dense_latency<ap_fixed<16, 6, 5, 3, 0>, ap_fixed<30, 14, 5, 3, 0>, config11>|  return value|
|ap_return_13  |  out|   22|  ap_ctrl_hs|  dense_latency<ap_fixed<16, 6, 5, 3, 0>, ap_fixed<30, 14, 5, 3, 0>, config11>|  return value|
|ap_return_14  |  out|   22|  ap_ctrl_hs|  dense_latency<ap_fixed<16, 6, 5, 3, 0>, ap_fixed<30, 14, 5, 3, 0>, config11>|  return value|
|ap_return_15  |  out|   22|  ap_ctrl_hs|  dense_latency<ap_fixed<16, 6, 5, 3, 0>, ap_fixed<30, 14, 5, 3, 0>, config11>|  return value|
|ap_return_16  |  out|   22|  ap_ctrl_hs|  dense_latency<ap_fixed<16, 6, 5, 3, 0>, ap_fixed<30, 14, 5, 3, 0>, config11>|  return value|
|ap_return_17  |  out|   22|  ap_ctrl_hs|  dense_latency<ap_fixed<16, 6, 5, 3, 0>, ap_fixed<30, 14, 5, 3, 0>, config11>|  return value|
|ap_return_18  |  out|   22|  ap_ctrl_hs|  dense_latency<ap_fixed<16, 6, 5, 3, 0>, ap_fixed<30, 14, 5, 3, 0>, config11>|  return value|
|ap_return_19  |  out|   22|  ap_ctrl_hs|  dense_latency<ap_fixed<16, 6, 5, 3, 0>, ap_fixed<30, 14, 5, 3, 0>, config11>|  return value|
|ap_return_20  |  out|   22|  ap_ctrl_hs|  dense_latency<ap_fixed<16, 6, 5, 3, 0>, ap_fixed<30, 14, 5, 3, 0>, config11>|  return value|
|ap_return_21  |  out|   22|  ap_ctrl_hs|  dense_latency<ap_fixed<16, 6, 5, 3, 0>, ap_fixed<30, 14, 5, 3, 0>, config11>|  return value|
|ap_return_22  |  out|   22|  ap_ctrl_hs|  dense_latency<ap_fixed<16, 6, 5, 3, 0>, ap_fixed<30, 14, 5, 3, 0>, config11>|  return value|
|ap_return_23  |  out|   22|  ap_ctrl_hs|  dense_latency<ap_fixed<16, 6, 5, 3, 0>, ap_fixed<30, 14, 5, 3, 0>, config11>|  return value|
|ap_return_24  |  out|   22|  ap_ctrl_hs|  dense_latency<ap_fixed<16, 6, 5, 3, 0>, ap_fixed<30, 14, 5, 3, 0>, config11>|  return value|
|ap_return_25  |  out|   22|  ap_ctrl_hs|  dense_latency<ap_fixed<16, 6, 5, 3, 0>, ap_fixed<30, 14, 5, 3, 0>, config11>|  return value|
|ap_return_26  |  out|   22|  ap_ctrl_hs|  dense_latency<ap_fixed<16, 6, 5, 3, 0>, ap_fixed<30, 14, 5, 3, 0>, config11>|  return value|
|ap_return_27  |  out|   22|  ap_ctrl_hs|  dense_latency<ap_fixed<16, 6, 5, 3, 0>, ap_fixed<30, 14, 5, 3, 0>, config11>|  return value|
|ap_return_28  |  out|   22|  ap_ctrl_hs|  dense_latency<ap_fixed<16, 6, 5, 3, 0>, ap_fixed<30, 14, 5, 3, 0>, config11>|  return value|
|ap_return_29  |  out|   22|  ap_ctrl_hs|  dense_latency<ap_fixed<16, 6, 5, 3, 0>, ap_fixed<30, 14, 5, 3, 0>, config11>|  return value|
|ap_return_30  |  out|   22|  ap_ctrl_hs|  dense_latency<ap_fixed<16, 6, 5, 3, 0>, ap_fixed<30, 14, 5, 3, 0>, config11>|  return value|
|ap_return_31  |  out|   22|  ap_ctrl_hs|  dense_latency<ap_fixed<16, 6, 5, 3, 0>, ap_fixed<30, 14, 5, 3, 0>, config11>|  return value|
|p_read        |   in|   10|     ap_none|                                                                        p_read|        scalar|
|p_read1       |   in|   10|     ap_none|                                                                       p_read1|        scalar|
|p_read2       |   in|   10|     ap_none|                                                                       p_read2|        scalar|
|p_read3       |   in|   10|     ap_none|                                                                       p_read3|        scalar|
|p_read4       |   in|   10|     ap_none|                                                                       p_read4|        scalar|
|p_read5       |   in|   10|     ap_none|                                                                       p_read5|        scalar|
|p_read6       |   in|   10|     ap_none|                                                                       p_read6|        scalar|
|p_read7       |   in|   10|     ap_none|                                                                       p_read7|        scalar|
|p_read8       |   in|   10|     ap_none|                                                                       p_read8|        scalar|
|p_read9       |   in|   10|     ap_none|                                                                       p_read9|        scalar|
+--------------+-----+-----+------------+------------------------------------------------------------------------------+--------------+

