

================================================================
== Vitis HLS Report for 'fill_buffer'
================================================================
* Date:           Fri Mar 21 14:32:46 2025

* Version:        2022.2 (Build 3670227 on Oct 13 2022)
* Project:        JetTaggerNN_prj
* Solution:       solution1 (Vivado IP Flow Target)
* Product family: virtexuplus
* Target device:  xcvu9p-flga2104-2L-e


================================================================
== Performance Estimates
================================================================
+ Timing: 
    * Summary: 
    +--------+---------+----------+------------+
    |  Clock |  Target | Estimated| Uncertainty|
    +--------+---------+----------+------------+
    |ap_clk  |  2.80 ns|  0.303 ns|     0.76 ns|
    +--------+---------+----------+------------+

+ Latency: 
    * Summary: 
    +---------+---------+----------+----------+-----+-----+---------+
    |  Latency (cycles) |  Latency (absolute) |  Interval | Pipeline|
    |   min   |   max   |    min   |    max   | min | max |   Type  |
    +---------+---------+----------+----------+-----+-----+---------+
    |        0|        0|      0 ns|      0 ns|    1|    1|      yes|
    +---------+---------+----------+----------+-----+-----+---------+

    + Detail: 
        * Instance: 
        N/A

        * Loop: 
        N/A



================================================================
== Utilization Estimates
================================================================
* Summary: 
+---------------------+---------+------+---------+---------+-----+
|         Name        | BRAM_18K|  DSP |    FF   |   LUT   | URAM|
+---------------------+---------+------+---------+---------+-----+
|DSP                  |        -|     -|        -|        -|    -|
|Expression           |        -|     -|        0|      720|    -|
|FIFO                 |        -|     -|        -|        -|    -|
|Instance             |        -|     -|        -|        -|    -|
|Memory               |        -|     -|        -|        -|    -|
|Multiplexer          |        -|     -|        -|        -|    -|
|Register             |        -|     -|        -|        -|    -|
+---------------------+---------+------+---------+---------+-----+
|Total                |        0|     0|        0|      720|    0|
+---------------------+---------+------+---------+---------+-----+
|Available SLR        |     1440|  2280|   788160|   394080|  320|
+---------------------+---------+------+---------+---------+-----+
|Utilization SLR (%)  |        0|     0|        0|       ~0|    0|
+---------------------+---------+------+---------+---------+-----+
|Available            |     4320|  6840|  2364480|  1182240|  960|
+---------------------+---------+------+---------+---------+-----+
|Utilization (%)      |        0|     0|        0|       ~0|    0|
+---------------------+---------+------+---------+---------+-----+

+ Detail: 
    * Instance: 
    N/A

    * DSP: 
    N/A

    * Memory: 
    N/A

    * FIFO: 
    N/A

    * Expression: 
    +---------------------------+----------+----+---+----+------------+------------+
    |       Variable Name       | Operation| DSP| FF| LUT| Bitwidth P0| Bitwidth P1|
    +---------------------------+----------+----+---+----+------------+------------+
    |select_ln76_10_fu_1374_p3  |    select|   0|  0|   9|           1|           9|
    |select_ln76_11_fu_1382_p3  |    select|   0|  0|   9|           1|           9|
    |select_ln76_12_fu_1390_p3  |    select|   0|  0|   9|           1|           9|
    |select_ln76_13_fu_1398_p3  |    select|   0|  0|   9|           1|           9|
    |select_ln76_14_fu_1406_p3  |    select|   0|  0|   9|           1|           9|
    |select_ln76_15_fu_1414_p3  |    select|   0|  0|   9|           1|           9|
    |select_ln76_16_fu_1422_p3  |    select|   0|  0|   9|           1|           9|
    |select_ln76_17_fu_1430_p3  |    select|   0|  0|   9|           1|           9|
    |select_ln76_18_fu_1438_p3  |    select|   0|  0|   9|           1|           9|
    |select_ln76_19_fu_1446_p3  |    select|   0|  0|   9|           1|           9|
    |select_ln76_1_fu_1302_p3   |    select|   0|  0|   9|           1|           9|
    |select_ln76_20_fu_1454_p3  |    select|   0|  0|   9|           1|           9|
    |select_ln76_21_fu_1462_p3  |    select|   0|  0|   9|           1|           9|
    |select_ln76_22_fu_1470_p3  |    select|   0|  0|   9|           1|           9|
    |select_ln76_23_fu_1478_p3  |    select|   0|  0|   9|           1|           9|
    |select_ln76_24_fu_1486_p3  |    select|   0|  0|   9|           1|           9|
    |select_ln76_25_fu_1494_p3  |    select|   0|  0|   9|           1|           9|
    |select_ln76_26_fu_1502_p3  |    select|   0|  0|   9|           1|           9|
    |select_ln76_27_fu_1510_p3  |    select|   0|  0|   9|           1|           9|
    |select_ln76_28_fu_1518_p3  |    select|   0|  0|   9|           1|           9|
    |select_ln76_29_fu_1526_p3  |    select|   0|  0|   9|           1|           9|
    |select_ln76_2_fu_1310_p3   |    select|   0|  0|   9|           1|           9|
    |select_ln76_30_fu_1534_p3  |    select|   0|  0|   9|           1|           9|
    |select_ln76_31_fu_1542_p3  |    select|   0|  0|   9|           1|           9|
    |select_ln76_32_fu_1550_p3  |    select|   0|  0|   9|           1|           9|
    |select_ln76_33_fu_1558_p3  |    select|   0|  0|   9|           1|           9|
    |select_ln76_34_fu_1566_p3  |    select|   0|  0|   9|           1|           9|
    |select_ln76_35_fu_1574_p3  |    select|   0|  0|   9|           1|           9|
    |select_ln76_36_fu_1582_p3  |    select|   0|  0|   9|           1|           9|
    |select_ln76_37_fu_1590_p3  |    select|   0|  0|   9|           1|           9|
    |select_ln76_38_fu_1598_p3  |    select|   0|  0|   9|           1|           9|
    |select_ln76_39_fu_1606_p3  |    select|   0|  0|   9|           1|           9|
    |select_ln76_3_fu_1318_p3   |    select|   0|  0|   9|           1|           9|
    |select_ln76_40_fu_1614_p3  |    select|   0|  0|   9|           1|           9|
    |select_ln76_41_fu_1622_p3  |    select|   0|  0|   9|           1|           9|
    |select_ln76_42_fu_1630_p3  |    select|   0|  0|   9|           1|           9|
    |select_ln76_43_fu_1638_p3  |    select|   0|  0|   9|           1|           9|
    |select_ln76_44_fu_1646_p3  |    select|   0|  0|   9|           1|           9|
    |select_ln76_45_fu_1654_p3  |    select|   0|  0|   9|           1|           9|
    |select_ln76_46_fu_1662_p3  |    select|   0|  0|   9|           1|           9|
    |select_ln76_47_fu_1670_p3  |    select|   0|  0|   9|           1|           9|
    |select_ln76_48_fu_1678_p3  |    select|   0|  0|   9|           1|           9|
    |select_ln76_49_fu_1686_p3  |    select|   0|  0|   9|           1|           9|
    |select_ln76_4_fu_1326_p3   |    select|   0|  0|   9|           1|           9|
    |select_ln76_50_fu_1694_p3  |    select|   0|  0|   9|           1|           9|
    |select_ln76_51_fu_1702_p3  |    select|   0|  0|   9|           1|           9|
    |select_ln76_52_fu_1710_p3  |    select|   0|  0|   9|           1|           9|
    |select_ln76_53_fu_1718_p3  |    select|   0|  0|   9|           1|           9|
    |select_ln76_54_fu_1726_p3  |    select|   0|  0|   9|           1|           9|
    |select_ln76_55_fu_1734_p3  |    select|   0|  0|   9|           1|           9|
    |select_ln76_56_fu_1742_p3  |    select|   0|  0|   9|           1|           9|
    |select_ln76_57_fu_1750_p3  |    select|   0|  0|   9|           1|           9|
    |select_ln76_58_fu_1758_p3  |    select|   0|  0|   9|           1|           9|
    |select_ln76_59_fu_1766_p3  |    select|   0|  0|   9|           1|           9|
    |select_ln76_5_fu_1334_p3   |    select|   0|  0|   9|           1|           9|
    |select_ln76_60_fu_1774_p3  |    select|   0|  0|   9|           1|           9|
    |select_ln76_61_fu_1782_p3  |    select|   0|  0|   9|           1|           9|
    |select_ln76_62_fu_1790_p3  |    select|   0|  0|   9|           1|           9|
    |select_ln76_63_fu_1798_p3  |    select|   0|  0|   9|           1|           9|
    |select_ln76_64_fu_1806_p3  |    select|   0|  0|   9|           1|           9|
    |select_ln76_65_fu_1814_p3  |    select|   0|  0|   9|           1|           9|
    |select_ln76_66_fu_1822_p3  |    select|   0|  0|   9|           1|           9|
    |select_ln76_67_fu_1830_p3  |    select|   0|  0|   9|           1|           9|
    |select_ln76_68_fu_1838_p3  |    select|   0|  0|   9|           1|           9|
    |select_ln76_69_fu_1846_p3  |    select|   0|  0|   9|           1|           9|
    |select_ln76_6_fu_1342_p3   |    select|   0|  0|   9|           1|           9|
    |select_ln76_70_fu_1854_p3  |    select|   0|  0|   9|           1|           9|
    |select_ln76_71_fu_1862_p3  |    select|   0|  0|   9|           1|           9|
    |select_ln76_72_fu_1870_p3  |    select|   0|  0|   9|           1|           9|
    |select_ln76_73_fu_1878_p3  |    select|   0|  0|   9|           1|           9|
    |select_ln76_74_fu_1886_p3  |    select|   0|  0|   9|           1|           9|
    |select_ln76_75_fu_1894_p3  |    select|   0|  0|   9|           1|           9|
    |select_ln76_76_fu_1902_p3  |    select|   0|  0|   9|           1|           9|
    |select_ln76_77_fu_1910_p3  |    select|   0|  0|   9|           1|           9|
    |select_ln76_78_fu_1918_p3  |    select|   0|  0|   9|           1|           9|
    |select_ln76_79_fu_1926_p3  |    select|   0|  0|   9|           1|           9|
    |select_ln76_7_fu_1350_p3   |    select|   0|  0|   9|           1|           9|
    |select_ln76_8_fu_1358_p3   |    select|   0|  0|   9|           1|           9|
    |select_ln76_9_fu_1366_p3   |    select|   0|  0|   9|           1|           9|
    |select_ln76_fu_1294_p3     |    select|   0|  0|   9|           1|           9|
    +---------------------------+----------+----+---+----+------------+------------+
    |Total                      |          |   0|  0| 720|          80|         720|
    +---------------------------+----------+----+---+----+------------+------------+

    * Multiplexer: 
    N/A

    * Register: 
    N/A



================================================================
== Interface
================================================================
* Summary: 
+--------------+-----+-----+------------+--------------+--------------+
|   RTL Ports  | Dir | Bits|  Protocol  | Source Object|    C Type    |
+--------------+-----+-----+------------+--------------+--------------+
|ap_ready      |  out|    1|  ap_ctrl_hs|   fill_buffer|  return value|
|ap_return_0   |  out|    9|  ap_ctrl_hs|   fill_buffer|  return value|
|ap_return_1   |  out|    9|  ap_ctrl_hs|   fill_buffer|  return value|
|ap_return_2   |  out|    9|  ap_ctrl_hs|   fill_buffer|  return value|
|ap_return_3   |  out|    9|  ap_ctrl_hs|   fill_buffer|  return value|
|ap_return_4   |  out|    9|  ap_ctrl_hs|   fill_buffer|  return value|
|ap_return_5   |  out|    9|  ap_ctrl_hs|   fill_buffer|  return value|
|ap_return_6   |  out|    9|  ap_ctrl_hs|   fill_buffer|  return value|
|ap_return_7   |  out|    9|  ap_ctrl_hs|   fill_buffer|  return value|
|ap_return_8   |  out|    9|  ap_ctrl_hs|   fill_buffer|  return value|
|ap_return_9   |  out|    9|  ap_ctrl_hs|   fill_buffer|  return value|
|ap_return_10  |  out|    9|  ap_ctrl_hs|   fill_buffer|  return value|
|ap_return_11  |  out|    9|  ap_ctrl_hs|   fill_buffer|  return value|
|ap_return_12  |  out|    9|  ap_ctrl_hs|   fill_buffer|  return value|
|ap_return_13  |  out|    9|  ap_ctrl_hs|   fill_buffer|  return value|
|ap_return_14  |  out|    9|  ap_ctrl_hs|   fill_buffer|  return value|
|ap_return_15  |  out|    9|  ap_ctrl_hs|   fill_buffer|  return value|
|ap_return_16  |  out|    9|  ap_ctrl_hs|   fill_buffer|  return value|
|ap_return_17  |  out|    9|  ap_ctrl_hs|   fill_buffer|  return value|
|ap_return_18  |  out|    9|  ap_ctrl_hs|   fill_buffer|  return value|
|ap_return_19  |  out|    9|  ap_ctrl_hs|   fill_buffer|  return value|
|ap_return_20  |  out|    9|  ap_ctrl_hs|   fill_buffer|  return value|
|ap_return_21  |  out|    9|  ap_ctrl_hs|   fill_buffer|  return value|
|ap_return_22  |  out|    9|  ap_ctrl_hs|   fill_buffer|  return value|
|ap_return_23  |  out|    9|  ap_ctrl_hs|   fill_buffer|  return value|
|ap_return_24  |  out|    9|  ap_ctrl_hs|   fill_buffer|  return value|
|ap_return_25  |  out|    9|  ap_ctrl_hs|   fill_buffer|  return value|
|ap_return_26  |  out|    9|  ap_ctrl_hs|   fill_buffer|  return value|
|ap_return_27  |  out|    9|  ap_ctrl_hs|   fill_buffer|  return value|
|ap_return_28  |  out|    9|  ap_ctrl_hs|   fill_buffer|  return value|
|ap_return_29  |  out|    9|  ap_ctrl_hs|   fill_buffer|  return value|
|ap_return_30  |  out|    9|  ap_ctrl_hs|   fill_buffer|  return value|
|ap_return_31  |  out|    9|  ap_ctrl_hs|   fill_buffer|  return value|
|ap_return_32  |  out|    9|  ap_ctrl_hs|   fill_buffer|  return value|
|ap_return_33  |  out|    9|  ap_ctrl_hs|   fill_buffer|  return value|
|ap_return_34  |  out|    9|  ap_ctrl_hs|   fill_buffer|  return value|
|ap_return_35  |  out|    9|  ap_ctrl_hs|   fill_buffer|  return value|
|ap_return_36  |  out|    9|  ap_ctrl_hs|   fill_buffer|  return value|
|ap_return_37  |  out|    9|  ap_ctrl_hs|   fill_buffer|  return value|
|ap_return_38  |  out|    9|  ap_ctrl_hs|   fill_buffer|  return value|
|ap_return_39  |  out|    9|  ap_ctrl_hs|   fill_buffer|  return value|
|ap_return_40  |  out|    9|  ap_ctrl_hs|   fill_buffer|  return value|
|ap_return_41  |  out|    9|  ap_ctrl_hs|   fill_buffer|  return value|
|ap_return_42  |  out|    9|  ap_ctrl_hs|   fill_buffer|  return value|
|ap_return_43  |  out|    9|  ap_ctrl_hs|   fill_buffer|  return value|
|ap_return_44  |  out|    9|  ap_ctrl_hs|   fill_buffer|  return value|
|ap_return_45  |  out|    9|  ap_ctrl_hs|   fill_buffer|  return value|
|ap_return_46  |  out|    9|  ap_ctrl_hs|   fill_buffer|  return value|
|ap_return_47  |  out|    9|  ap_ctrl_hs|   fill_buffer|  return value|
|ap_return_48  |  out|    9|  ap_ctrl_hs|   fill_buffer|  return value|
|ap_return_49  |  out|    9|  ap_ctrl_hs|   fill_buffer|  return value|
|ap_return_50  |  out|    9|  ap_ctrl_hs|   fill_buffer|  return value|
|ap_return_51  |  out|    9|  ap_ctrl_hs|   fill_buffer|  return value|
|ap_return_52  |  out|    9|  ap_ctrl_hs|   fill_buffer|  return value|
|ap_return_53  |  out|    9|  ap_ctrl_hs|   fill_buffer|  return value|
|ap_return_54  |  out|    9|  ap_ctrl_hs|   fill_buffer|  return value|
|ap_return_55  |  out|    9|  ap_ctrl_hs|   fill_buffer|  return value|
|ap_return_56  |  out|    9|  ap_ctrl_hs|   fill_buffer|  return value|
|ap_return_57  |  out|    9|  ap_ctrl_hs|   fill_buffer|  return value|
|ap_return_58  |  out|    9|  ap_ctrl_hs|   fill_buffer|  return value|
|ap_return_59  |  out|    9|  ap_ctrl_hs|   fill_buffer|  return value|
|ap_return_60  |  out|    9|  ap_ctrl_hs|   fill_buffer|  return value|
|ap_return_61  |  out|    9|  ap_ctrl_hs|   fill_buffer|  return value|
|ap_return_62  |  out|    9|  ap_ctrl_hs|   fill_buffer|  return value|
|ap_return_63  |  out|    9|  ap_ctrl_hs|   fill_buffer|  return value|
|ap_return_64  |  out|    9|  ap_ctrl_hs|   fill_buffer|  return value|
|ap_return_65  |  out|    9|  ap_ctrl_hs|   fill_buffer|  return value|
|ap_return_66  |  out|    9|  ap_ctrl_hs|   fill_buffer|  return value|
|ap_return_67  |  out|    9|  ap_ctrl_hs|   fill_buffer|  return value|
|ap_return_68  |  out|    9|  ap_ctrl_hs|   fill_buffer|  return value|
|ap_return_69  |  out|    9|  ap_ctrl_hs|   fill_buffer|  return value|
|ap_return_70  |  out|    9|  ap_ctrl_hs|   fill_buffer|  return value|
|ap_return_71  |  out|    9|  ap_ctrl_hs|   fill_buffer|  return value|
|ap_return_72  |  out|    9|  ap_ctrl_hs|   fill_buffer|  return value|
|ap_return_73  |  out|    9|  ap_ctrl_hs|   fill_buffer|  return value|
|ap_return_74  |  out|    9|  ap_ctrl_hs|   fill_buffer|  return value|
|ap_return_75  |  out|    9|  ap_ctrl_hs|   fill_buffer|  return value|
|ap_return_76  |  out|    9|  ap_ctrl_hs|   fill_buffer|  return value|
|ap_return_77  |  out|    9|  ap_ctrl_hs|   fill_buffer|  return value|
|ap_return_78  |  out|    9|  ap_ctrl_hs|   fill_buffer|  return value|
|ap_return_79  |  out|    9|  ap_ctrl_hs|   fill_buffer|  return value|
|p_read        |   in|    9|     ap_none|        p_read|        scalar|
|p_read1       |   in|    9|     ap_none|       p_read1|        scalar|
|p_read2       |   in|    9|     ap_none|       p_read2|        scalar|
|p_read3       |   in|    9|     ap_none|       p_read3|        scalar|
|p_read4       |   in|    9|     ap_none|       p_read4|        scalar|
|p_read5       |   in|    9|     ap_none|       p_read5|        scalar|
|p_read6       |   in|    9|     ap_none|       p_read6|        scalar|
|p_read7       |   in|    9|     ap_none|       p_read7|        scalar|
|p_read8       |   in|    9|     ap_none|       p_read8|        scalar|
|p_read9       |   in|    9|     ap_none|       p_read9|        scalar|
|p_read10      |   in|    9|     ap_none|      p_read10|        scalar|
|p_read11      |   in|    9|     ap_none|      p_read11|        scalar|
|p_read12      |   in|    9|     ap_none|      p_read12|        scalar|
|p_read13      |   in|    9|     ap_none|      p_read13|        scalar|
|p_read14      |   in|    9|     ap_none|      p_read14|        scalar|
|p_read15      |   in|    9|     ap_none|      p_read15|        scalar|
|p_read16      |   in|    9|     ap_none|      p_read16|        scalar|
|p_read17      |   in|    9|     ap_none|      p_read17|        scalar|
|p_read18      |   in|    9|     ap_none|      p_read18|        scalar|
|p_read19      |   in|    9|     ap_none|      p_read19|        scalar|
|p_read20      |   in|    9|     ap_none|      p_read20|        scalar|
|p_read21      |   in|    9|     ap_none|      p_read21|        scalar|
|p_read22      |   in|    9|     ap_none|      p_read22|        scalar|
|p_read23      |   in|    9|     ap_none|      p_read23|        scalar|
|p_read24      |   in|    9|     ap_none|      p_read24|        scalar|
|p_read25      |   in|    9|     ap_none|      p_read25|        scalar|
|p_read26      |   in|    9|     ap_none|      p_read26|        scalar|
|p_read27      |   in|    9|     ap_none|      p_read27|        scalar|
|p_read28      |   in|    9|     ap_none|      p_read28|        scalar|
|p_read29      |   in|    9|     ap_none|      p_read29|        scalar|
|p_read30      |   in|    9|     ap_none|      p_read30|        scalar|
|p_read31      |   in|    9|     ap_none|      p_read31|        scalar|
|p_read32      |   in|    9|     ap_none|      p_read32|        scalar|
|p_read33      |   in|    9|     ap_none|      p_read33|        scalar|
|p_read34      |   in|    9|     ap_none|      p_read34|        scalar|
|p_read35      |   in|    9|     ap_none|      p_read35|        scalar|
|p_read36      |   in|    9|     ap_none|      p_read36|        scalar|
|p_read37      |   in|    9|     ap_none|      p_read37|        scalar|
|p_read38      |   in|    9|     ap_none|      p_read38|        scalar|
|p_read39      |   in|    9|     ap_none|      p_read39|        scalar|
|p_read40      |   in|    9|     ap_none|      p_read40|        scalar|
|p_read41      |   in|    9|     ap_none|      p_read41|        scalar|
|p_read42      |   in|    9|     ap_none|      p_read42|        scalar|
|p_read43      |   in|    9|     ap_none|      p_read43|        scalar|
|p_read44      |   in|    9|     ap_none|      p_read44|        scalar|
|p_read45      |   in|    9|     ap_none|      p_read45|        scalar|
|p_read46      |   in|    9|     ap_none|      p_read46|        scalar|
|p_read47      |   in|    9|     ap_none|      p_read47|        scalar|
|p_read48      |   in|    9|     ap_none|      p_read48|        scalar|
|p_read49      |   in|    9|     ap_none|      p_read49|        scalar|
|p_read50      |   in|    9|     ap_none|      p_read50|        scalar|
|p_read51      |   in|    9|     ap_none|      p_read51|        scalar|
|p_read52      |   in|    9|     ap_none|      p_read52|        scalar|
|p_read53      |   in|    9|     ap_none|      p_read53|        scalar|
|p_read54      |   in|    9|     ap_none|      p_read54|        scalar|
|p_read55      |   in|    9|     ap_none|      p_read55|        scalar|
|p_read56      |   in|    9|     ap_none|      p_read56|        scalar|
|p_read57      |   in|    9|     ap_none|      p_read57|        scalar|
|p_read58      |   in|    9|     ap_none|      p_read58|        scalar|
|p_read59      |   in|    9|     ap_none|      p_read59|        scalar|
|p_read60      |   in|    9|     ap_none|      p_read60|        scalar|
|p_read61      |   in|    9|     ap_none|      p_read61|        scalar|
|p_read62      |   in|    9|     ap_none|      p_read62|        scalar|
|p_read63      |   in|    9|     ap_none|      p_read63|        scalar|
|p_read64      |   in|    9|     ap_none|      p_read64|        scalar|
|p_read65      |   in|    9|     ap_none|      p_read65|        scalar|
|p_read66      |   in|    9|     ap_none|      p_read66|        scalar|
|p_read67      |   in|    9|     ap_none|      p_read67|        scalar|
|p_read68      |   in|    9|     ap_none|      p_read68|        scalar|
|p_read69      |   in|    9|     ap_none|      p_read69|        scalar|
|p_read70      |   in|    9|     ap_none|      p_read70|        scalar|
|p_read71      |   in|    9|     ap_none|      p_read71|        scalar|
|p_read72      |   in|    9|     ap_none|      p_read72|        scalar|
|p_read73      |   in|    9|     ap_none|      p_read73|        scalar|
|p_read74      |   in|    9|     ap_none|      p_read74|        scalar|
|p_read75      |   in|    9|     ap_none|      p_read75|        scalar|
|p_read76      |   in|    9|     ap_none|      p_read76|        scalar|
|p_read77      |   in|    9|     ap_none|      p_read77|        scalar|
|p_read78      |   in|    9|     ap_none|      p_read78|        scalar|
|p_read79      |   in|    9|     ap_none|      p_read79|        scalar|
|p_read80      |   in|    9|     ap_none|      p_read80|        scalar|
|p_read81      |   in|    9|     ap_none|      p_read81|        scalar|
|p_read82      |   in|    9|     ap_none|      p_read82|        scalar|
|p_read83      |   in|    9|     ap_none|      p_read83|        scalar|
|p_read84      |   in|    9|     ap_none|      p_read84|        scalar|
|p_read85      |   in|    9|     ap_none|      p_read85|        scalar|
|p_read86      |   in|    9|     ap_none|      p_read86|        scalar|
|p_read87      |   in|    9|     ap_none|      p_read87|        scalar|
|p_read88      |   in|    9|     ap_none|      p_read88|        scalar|
|p_read89      |   in|    9|     ap_none|      p_read89|        scalar|
|p_read90      |   in|    9|     ap_none|      p_read90|        scalar|
|p_read91      |   in|    9|     ap_none|      p_read91|        scalar|
|p_read92      |   in|    9|     ap_none|      p_read92|        scalar|
|p_read93      |   in|    9|     ap_none|      p_read93|        scalar|
|p_read94      |   in|    9|     ap_none|      p_read94|        scalar|
|p_read95      |   in|    9|     ap_none|      p_read95|        scalar|
|p_read96      |   in|    9|     ap_none|      p_read96|        scalar|
|p_read97      |   in|    9|     ap_none|      p_read97|        scalar|
|p_read98      |   in|    9|     ap_none|      p_read98|        scalar|
|p_read99      |   in|    9|     ap_none|      p_read99|        scalar|
|p_read100     |   in|    9|     ap_none|     p_read100|        scalar|
|p_read101     |   in|    9|     ap_none|     p_read101|        scalar|
|p_read102     |   in|    9|     ap_none|     p_read102|        scalar|
|p_read103     |   in|    9|     ap_none|     p_read103|        scalar|
|p_read104     |   in|    9|     ap_none|     p_read104|        scalar|
|p_read105     |   in|    9|     ap_none|     p_read105|        scalar|
|p_read106     |   in|    9|     ap_none|     p_read106|        scalar|
|p_read107     |   in|    9|     ap_none|     p_read107|        scalar|
|p_read108     |   in|    9|     ap_none|     p_read108|        scalar|
|p_read109     |   in|    9|     ap_none|     p_read109|        scalar|
|p_read110     |   in|    9|     ap_none|     p_read110|        scalar|
|p_read111     |   in|    9|     ap_none|     p_read111|        scalar|
|p_read112     |   in|    9|     ap_none|     p_read112|        scalar|
|p_read113     |   in|    9|     ap_none|     p_read113|        scalar|
|p_read114     |   in|    9|     ap_none|     p_read114|        scalar|
|p_read115     |   in|    9|     ap_none|     p_read115|        scalar|
|p_read116     |   in|    9|     ap_none|     p_read116|        scalar|
|p_read117     |   in|    9|     ap_none|     p_read117|        scalar|
|p_read118     |   in|    9|     ap_none|     p_read118|        scalar|
|p_read119     |   in|    9|     ap_none|     p_read119|        scalar|
|p_read120     |   in|    9|     ap_none|     p_read120|        scalar|
|p_read121     |   in|    9|     ap_none|     p_read121|        scalar|
|p_read122     |   in|    9|     ap_none|     p_read122|        scalar|
|p_read123     |   in|    9|     ap_none|     p_read123|        scalar|
|p_read124     |   in|    9|     ap_none|     p_read124|        scalar|
|p_read125     |   in|    9|     ap_none|     p_read125|        scalar|
|p_read126     |   in|    9|     ap_none|     p_read126|        scalar|
|p_read127     |   in|    9|     ap_none|     p_read127|        scalar|
|p_read128     |   in|    9|     ap_none|     p_read128|        scalar|
|p_read129     |   in|    9|     ap_none|     p_read129|        scalar|
|p_read130     |   in|    9|     ap_none|     p_read130|        scalar|
|p_read131     |   in|    9|     ap_none|     p_read131|        scalar|
|p_read132     |   in|    9|     ap_none|     p_read132|        scalar|
|p_read133     |   in|    9|     ap_none|     p_read133|        scalar|
|p_read134     |   in|    9|     ap_none|     p_read134|        scalar|
|p_read135     |   in|    9|     ap_none|     p_read135|        scalar|
|p_read136     |   in|    9|     ap_none|     p_read136|        scalar|
|p_read137     |   in|    9|     ap_none|     p_read137|        scalar|
|p_read138     |   in|    9|     ap_none|     p_read138|        scalar|
|p_read139     |   in|    9|     ap_none|     p_read139|        scalar|
|p_read140     |   in|    9|     ap_none|     p_read140|        scalar|
|p_read141     |   in|    9|     ap_none|     p_read141|        scalar|
|p_read142     |   in|    9|     ap_none|     p_read142|        scalar|
|p_read143     |   in|    9|     ap_none|     p_read143|        scalar|
|p_read144     |   in|    9|     ap_none|     p_read144|        scalar|
|p_read145     |   in|    9|     ap_none|     p_read145|        scalar|
|p_read146     |   in|    9|     ap_none|     p_read146|        scalar|
|p_read147     |   in|    9|     ap_none|     p_read147|        scalar|
|p_read148     |   in|    9|     ap_none|     p_read148|        scalar|
|p_read149     |   in|    9|     ap_none|     p_read149|        scalar|
|p_read150     |   in|    9|     ap_none|     p_read150|        scalar|
|p_read151     |   in|    9|     ap_none|     p_read151|        scalar|
|p_read152     |   in|    9|     ap_none|     p_read152|        scalar|
|p_read153     |   in|    9|     ap_none|     p_read153|        scalar|
|p_read154     |   in|    9|     ap_none|     p_read154|        scalar|
|p_read155     |   in|    9|     ap_none|     p_read155|        scalar|
|p_read156     |   in|    9|     ap_none|     p_read156|        scalar|
|p_read157     |   in|    9|     ap_none|     p_read157|        scalar|
|p_read158     |   in|    9|     ap_none|     p_read158|        scalar|
|p_read159     |   in|    9|     ap_none|     p_read159|        scalar|
|partition     |   in|    1|     ap_none|     partition|        scalar|
+--------------+-----+-----+------------+--------------+--------------+

